Return-Path: <linux-kernel+bounces-57683-lists+linux-kernel=lfdr.de@vger.kernel.org>
X-Original-To: lists+linux-kernel@lfdr.de
Delivered-To: lists+linux-kernel@lfdr.de
Received: from sv.mirrors.kernel.org (sv.mirrors.kernel.org [IPv6:2604:1380:45e3:2400::1])
	by mail.lfdr.de (Postfix) with ESMTPS id 822ED84DC29
	for <lists+linux-kernel@lfdr.de>; Thu,  8 Feb 2024 09:59:46 +0100 (CET)
Received: from smtp.subspace.kernel.org (wormhole.subspace.kernel.org [52.25.139.140])
	(using TLSv1.2 with cipher ECDHE-RSA-AES256-GCM-SHA384 (256/256 bits))
	(No client certificate requested)
	by sv.mirrors.kernel.org (Postfix) with ESMTPS id 28AF22848A7
	for <lists+linux-kernel@lfdr.de>; Thu,  8 Feb 2024 08:59:45 +0000 (UTC)
Received: from localhost.localdomain (localhost.localdomain [127.0.0.1])
	by smtp.subspace.kernel.org (Postfix) with ESMTP id 2460956778;
	Thu,  8 Feb 2024 08:59:43 +0000 (UTC)
Authentication-Results: smtp.subspace.kernel.org;
	dkim=pass (2048-bit key) header.d=kernel.org header.i=@kernel.org header.b="spif8OpM"
Received: from smtp.kernel.org (aws-us-west-2-korg-mail-1.web.codeaurora.org [10.30.226.201])
	(using TLSv1.2 with cipher ECDHE-RSA-AES256-GCM-SHA384 (256/256 bits))
	(No client certificate requested)
	by smtp.subspace.kernel.org (Postfix) with ESMTPS id 51ECB6A8B3
	for <linux-kernel@vger.kernel.org>; Thu,  8 Feb 2024 08:59:32 +0000 (UTC)
Authentication-Results: smtp.subspace.kernel.org; arc=none smtp.client-ip=10.30.226.201
ARC-Seal:i=1; a=rsa-sha256; d=subspace.kernel.org; s=arc-20240116;
	t=1707382773; cv=none; b=K905/UGc08SkeToZwFqbqgEjij3O20DnmV3cpK5sjgh3vyC6ARKmuhV3vJ4f9LoD14v8HkoIWlYgSBkXAoR2y9jfRICmEu84hpte9uYvUfYEnkYcPgXg1lsjoI91VX4IYuGO9NmYIgtJQZOeFpDGB1o8aPwYyOUW6Y5K1UdsBQQ=
ARC-Message-Signature:i=1; a=rsa-sha256; d=subspace.kernel.org;
	s=arc-20240116; t=1707382773; c=relaxed/simple;
	bh=oc9xEgs3vVsmKdWfJfVc5TvczoQamN7QDY7Z0CoyV6k=;
	h=Date:From:To:Cc:Subject:Message-ID:References:MIME-Version:
	 Content-Type:Content-Disposition:In-Reply-To; b=pJFt8ifzjO3dXqKckWLZQK5boJIl3EbDfdvJ4TWd6ad5htNMMomlIVm0FAMwAqP54pji2uf7K/G2pBrrCWtQkE/34T4b5/uAvgU62jLPhdtNOlXMStz2aSxCexxnGFDfN4nQr1k63GxyIHqPhiW/guNAu1YFCU2DhdsqtSfS0CI=
ARC-Authentication-Results:i=1; smtp.subspace.kernel.org; dkim=pass (2048-bit key) header.d=kernel.org header.i=@kernel.org header.b=spif8OpM; arc=none smtp.client-ip=10.30.226.201
Received: by smtp.kernel.org (Postfix) with ESMTPSA id 66032C433F1;
	Thu,  8 Feb 2024 08:59:31 +0000 (UTC)
DKIM-Signature: v=1; a=rsa-sha256; c=relaxed/simple; d=kernel.org;
	s=k20201202; t=1707382772;
	bh=oc9xEgs3vVsmKdWfJfVc5TvczoQamN7QDY7Z0CoyV6k=;
	h=Date:From:To:Cc:Subject:References:In-Reply-To:From;
	b=spif8OpMb6t8co47RAxJjj7J/2Z5Eqpi9OUsTqMyKXHRxd1wnvfkRTFGO6pqt48YE
	 tHsQWe3vEH1bZEh57nXswPxvUJVaBVJtRrO4mwM0GMuggRl0Ir5UzG2IGi+AcPAVmk
	 MaN/7UyYRV3cQdn4saHIRyA2nyFbp7kMrF3q6SD/xeOZYHDBpnsTa32ff8sAT8C6Rj
	 OCGCBZ5jEfsccRgP7YVJ0nkToO4h8JFjDhSaROoIyJO3OJ5nn3f+oIf2E4OkiFgJYZ
	 K3+aEGdnC1kTROE/EXQA/jg+Ab3cjxpPrl0Mv1k29gJ9VGRHqXRnOY6++pAWxuh6Yh
	 3VUu/oW1+nOug==
Date: Thu, 8 Feb 2024 08:59:28 +0000
From: Lee Jones <lee@kernel.org>
To: Paul Menzel <pmenzel@molgen.mpg.de>,
	Andy Shevchenko <andriy.shevchenko@linux.intel.com>
Cc: LKML <linux-kernel@vger.kernel.org>
Subject: Re: `intel_lpss_pci_driver_init` takes 23.8 ms
Message-ID: <20240208085928.GB689448@google.com>
References: <ebd4dd9d-3710-4cbb-92d1-c3f73b66bc97@molgen.mpg.de>
Precedence: bulk
X-Mailing-List: linux-kernel@vger.kernel.org
List-Id: <linux-kernel.vger.kernel.org>
List-Subscribe: <mailto:linux-kernel+subscribe@vger.kernel.org>
List-Unsubscribe: <mailto:linux-kernel+unsubscribe@vger.kernel.org>
MIME-Version: 1.0
Content-Type: text/plain; charset=utf-8
Content-Disposition: inline
Content-Transfer-Encoding: 8bit
In-Reply-To: <ebd4dd9d-3710-4cbb-92d1-c3f73b66bc97@molgen.mpg.de>

Adding Andy.

On Tue, 06 Feb 2024, Paul Menzel wrote:

> Dear Linux folks,
> 
> 
> On the Dell XPS 13 9360 and Linux 6.8-rc3+, `intel_lpss_pci_driver_init()`
> takes 23.8 ms, making it one of Linux’ longer init functions on this device:
> 
> ```
> [    0.000000] Linux version 6.8.0-rc3
> (build@bohemianrhapsody.molgen.mpg.de) (gcc (Debian 13.2.0-13) 13.2.0, GNU
> ld (GNU Binutils for Debian) 2.42) #13 SMP PREEMPT_DYNAMIC Tue Feb 6
> 08:07:48 CET 2024
> [    0.000000] Command line: BOOT_IMAGE=/vmlinuz-6.8.0-rc3
> root=UUID=32e29882-d94d-4a92-9ee4-4d03002bfa29 ro quiet pci=noaer
> mem_sleep_default=deep log_buf_len=8M cryptomgr.notests initcall_debug
> […]
> [    0.000000] DMI: Dell Inc. XPS 13 9360/0596KF, BIOS 2.21.0 06/02/2022
> […]
> [    0.785696] calling  intel_lpss_pci_driver_init+0x0/0xff0
> [intel_lpss_pci] @ 153
> [    0.785704] calling  crct10dif_intel_mod_init+0x0/0xff0
> [crct10dif_pclmul] @ 163
> [    0.785796] calling  drm_core_init+0x0/0xff0 [drm] @ 161
> [    0.785880] ACPI: bus type drm_connector registered
> [    0.785887] initcall drm_core_init+0x0/0xff0 [drm] returned 0 after 25
> usecs
> [    0.785936] intel-lpss 0000:00:15.0: enabling device (0000 -> 0002)
> [    0.786210] idma64 idma64.0: Found Intel integrated DMA 64-bit
> [    0.786221] probe of idma64.0 returned 0 after 81 usecs
> […]
> [    0.801676] probe of i2c_designware.0 returned 0 after 15424 usecs
> [    0.801691] probe of 0000:00:15.0 returned 0 after 15973 usecs
> [    0.801870] intel-lpss 0000:00:15.1: enabling device (0000 -> 0002)
> [    0.802116] idma64 idma64.1: Found Intel integrated DMA 64-bit
> [    0.802123] probe of idma64.1 returned 0 after 55 usecs
> [    0.819818] probe of i2c_designware.1 returned 0 after 17646 usecs
> [    0.819832] probe of 0000:00:15.1 returned 0 after 18137 usecs
> [    0.819852] initcall intel_lpss_pci_driver_init+0x0/0xff0
> [intel_lpss_pci] returned 0 after 23842 usecs
> ```
> 
> Is this expected, that probing
> 
>     00:15.1 Signal processing controller [1180]: Intel Corporation Sunrise
> Point-LP Serial IO I2C Controller #1 [8086:9d61] (rev 21)
> 
> takes 18 ms?
> 
> 
> Kind regards,
> 
> Paul

> [    0.000000] Linux version 6.8.0-rc3 (build@bohemianrhapsody.molgen.mpg.de) (gcc (Debian 13.2.0-13) 13.2.0, GNU ld (GNU Binutils for Debian) 2.42) #13 SMP PREEMPT_DYNAMIC Tue Feb  6 08:07:48 CET 2024
> [    0.000000] Command line: BOOT_IMAGE=/vmlinuz-6.8.0-rc3 root=UUID=32e29882-d94d-4a92-9ee4-4d03002bfa29 ro quiet pci=noaer mem_sleep_default=deep log_buf_len=8M cryptomgr.notests initcall_debug
> [    0.000000] BIOS-provided physical RAM map:
> [    0.000000] BIOS-e820: [mem 0x0000000000000000-0x0000000000057fff] usable
> [    0.000000] BIOS-e820: [mem 0x0000000000058000-0x0000000000058fff] reserved
> [    0.000000] BIOS-e820: [mem 0x0000000000059000-0x000000000009dfff] usable
> [    0.000000] BIOS-e820: [mem 0x000000000009e000-0x00000000000fffff] reserved
> [    0.000000] BIOS-e820: [mem 0x0000000000100000-0x00000000556aafff] usable
> [    0.000000] BIOS-e820: [mem 0x00000000556ab000-0x00000000556abfff] ACPI NVS
> [    0.000000] BIOS-e820: [mem 0x00000000556ac000-0x00000000556acfff] reserved
> [    0.000000] BIOS-e820: [mem 0x00000000556ad000-0x0000000064df3fff] usable
> [    0.000000] BIOS-e820: [mem 0x0000000064df4000-0x000000006517ffff] reserved
> [    0.000000] BIOS-e820: [mem 0x0000000065180000-0x00000000651c3fff] ACPI data
> [    0.000000] BIOS-e820: [mem 0x00000000651c4000-0x000000006f871fff] ACPI NVS
> [    0.000000] BIOS-e820: [mem 0x000000006f872000-0x000000006fffefff] reserved
> [    0.000000] BIOS-e820: [mem 0x000000006ffff000-0x000000006fffffff] usable
> [    0.000000] BIOS-e820: [mem 0x0000000070000000-0x0000000077ffffff] reserved
> [    0.000000] BIOS-e820: [mem 0x0000000078000000-0x00000000785fffff] usable
> [    0.000000] BIOS-e820: [mem 0x0000000078600000-0x000000007c7fffff] reserved
> [    0.000000] BIOS-e820: [mem 0x00000000e0000000-0x00000000efffffff] reserved
> [    0.000000] BIOS-e820: [mem 0x00000000fe000000-0x00000000fe010fff] reserved
> [    0.000000] BIOS-e820: [mem 0x00000000fec00000-0x00000000fec00fff] reserved
> [    0.000000] BIOS-e820: [mem 0x00000000fee00000-0x00000000fee00fff] reserved
> [    0.000000] BIOS-e820: [mem 0x00000000ff000000-0x00000000ffffffff] reserved
> [    0.000000] BIOS-e820: [mem 0x0000000100000000-0x00000004817fffff] usable
> [    0.000000] NX (Execute Disable) protection: active
> [    0.000000] APIC: Static calls initialized
> [    0.000000] e820: update [mem 0x5152e018-0x5153e057] usable ==> usable
> [    0.000000] e820: update [mem 0x5152e018-0x5153e057] usable ==> usable
> [    0.000000] extended physical RAM map:
> [    0.000000] reserve setup_data: [mem 0x0000000000000000-0x0000000000057fff] usable
> [    0.000000] reserve setup_data: [mem 0x0000000000058000-0x0000000000058fff] reserved
> [    0.000000] reserve setup_data: [mem 0x0000000000059000-0x000000000009dfff] usable
> [    0.000000] reserve setup_data: [mem 0x000000000009e000-0x00000000000fffff] reserved
> [    0.000000] reserve setup_data: [mem 0x0000000000100000-0x000000005152e017] usable
> [    0.000000] reserve setup_data: [mem 0x000000005152e018-0x000000005153e057] usable
> [    0.000000] reserve setup_data: [mem 0x000000005153e058-0x00000000556aafff] usable
> [    0.000000] reserve setup_data: [mem 0x00000000556ab000-0x00000000556abfff] ACPI NVS
> [    0.000000] reserve setup_data: [mem 0x00000000556ac000-0x00000000556acfff] reserved
> [    0.000000] reserve setup_data: [mem 0x00000000556ad000-0x0000000064df3fff] usable
> [    0.000000] reserve setup_data: [mem 0x0000000064df4000-0x000000006517ffff] reserved
> [    0.000000] reserve setup_data: [mem 0x0000000065180000-0x00000000651c3fff] ACPI data
> [    0.000000] reserve setup_data: [mem 0x00000000651c4000-0x000000006f871fff] ACPI NVS
> [    0.000000] reserve setup_data: [mem 0x000000006f872000-0x000000006fffefff] reserved
> [    0.000000] reserve setup_data: [mem 0x000000006ffff000-0x000000006fffffff] usable
> [    0.000000] reserve setup_data: [mem 0x0000000070000000-0x0000000077ffffff] reserved
> [    0.000000] reserve setup_data: [mem 0x0000000078000000-0x00000000785fffff] usable
> [    0.000000] reserve setup_data: [mem 0x0000000078600000-0x000000007c7fffff] reserved
> [    0.000000] reserve setup_data: [mem 0x00000000e0000000-0x00000000efffffff] reserved
> [    0.000000] reserve setup_data: [mem 0x00000000fe000000-0x00000000fe010fff] reserved
> [    0.000000] reserve setup_data: [mem 0x00000000fec00000-0x00000000fec00fff] reserved
> [    0.000000] reserve setup_data: [mem 0x00000000fee00000-0x00000000fee00fff] reserved
> [    0.000000] reserve setup_data: [mem 0x00000000ff000000-0x00000000ffffffff] reserved
> [    0.000000] reserve setup_data: [mem 0x0000000100000000-0x00000004817fffff] usable
> [    0.000000] efi: EFI v2.4 by American Megatrends
> [    0.000000] efi: ACPI=0x6518d000 ACPI 2.0=0x6518d000 SMBIOS=0xf0000 SMBIOS 3.0=0xf0020 TPMFinalLog=0x6f812000 ESRT=0x6fc86698 MEMATTR=0x62676018 INITRD=0x5577da98 TPMEventLog=0x5577e018 
> [    0.000000] efi: Remove mem34: MMIO range=[0xe0000000-0xefffffff] (256MB) from e820 map
> [    0.000000] e820: remove [mem 0xe0000000-0xefffffff] reserved
> [    0.000000] efi: Not removing mem35: MMIO range=[0xfe000000-0xfe010fff] (68KB) from e820 map
> [    0.000000] efi: Not removing mem36: MMIO range=[0xfec00000-0xfec00fff] (4KB) from e820 map
> [    0.000000] efi: Not removing mem37: MMIO range=[0xfee00000-0xfee00fff] (4KB) from e820 map
> [    0.000000] efi: Remove mem38: MMIO range=[0xff000000-0xffffffff] (16MB) from e820 map
> [    0.000000] e820: remove [mem 0xff000000-0xffffffff] reserved
> [    0.000000] SMBIOS 3.0.0 present.
> [    0.000000] DMI: Dell Inc. XPS 13 9360/0596KF, BIOS 2.21.0 06/02/2022
> [    0.000000] tsc: Detected 2900.000 MHz processor
> [    0.000000] tsc: Detected 2899.886 MHz TSC
> [    0.000849] e820: update [mem 0x00000000-0x00000fff] usable ==> reserved
> [    0.000851] e820: remove [mem 0x000a0000-0x000fffff] usable
> [    0.000859] last_pfn = 0x481800 max_arch_pfn = 0x400000000
> [    0.000863] MTRR map: 4 entries (3 fixed + 1 variable; max 23), built from 10 variable MTRRs
> [    0.000865] x86/PAT: Configuration [0-7]: WB  WC  UC- UC  WB  WP  UC- WT  
> [    0.001192] last_pfn = 0x78600 max_arch_pfn = 0x400000000
> [    0.007728] esrt: Reserving ESRT space from 0x000000006fc86698 to 0x000000006fc866d0.
> [    0.007733] Using GB pages for direct mapping
> [    0.014086] printk: log_buf_len: 8388608 bytes
> [    0.014087] printk: early log buf free: 125328(95%)
> [    0.014088] Secure boot disabled
> [    0.014088] RAMDISK: [mem 0x5153f000-0x52767fff]
> [    0.014092] ACPI: Early table checksum verification disabled
> [    0.014095] ACPI: RSDP 0x000000006518D000 000024 (v02 DELL  )
> [    0.014099] ACPI: XSDT 0x000000006518D0C8 00010C (v01 DELL   CBX3     01072009 AMI  00010013)
> [    0.014104] ACPI: FACP 0x00000000651B2A48 00010C (v05 DELL   CBX3     01072009 AMI  00010013)
> [    0.014109] ACPI: DSDT 0x000000006518D260 0257E7 (v02 DELL   CBX3     01072009 INTL 20160422)
> [    0.014112] ACPI: FACS 0x000000006F86F180 000040
> [    0.014114] ACPI: APIC 0x00000000651B2B58 000084 (v03 DELL   CBX3     01072009 AMI  00010013)
> [    0.014116] ACPI: FPDT 0x00000000651B2BE0 000044 (v01 DELL   CBX3     01072009 AMI  00010013)
> [    0.014119] ACPI: FIDT 0x00000000651B2C28 0000AC (v01 DELL   CBX3     01072009 AMI  00010013)
> [    0.014121] ACPI: MCFG 0x00000000651B2CD8 00003C (v01 DELL   CBX3     01072009 MSFT 00000097)
> [    0.014124] ACPI: HPET 0x00000000651B2D18 000038 (v01 DELL   CBX3     01072009 AMI. 0005000B)
> [    0.014127] ACPI: SSDT 0x00000000651B2D50 000359 (v01 SataRe SataTabl 00001000 INTL 20160422)
> [    0.014129] ACPI: BOOT 0x00000000651B30B0 000028 (v01 DELL   CBX3     01072009 AMI  00010013)
> [    0.014132] ACPI: SSDT 0x00000000651B30D8 0012CF (v02 SaSsdt SaSsdt   00003000 INTL 20160422)
> [    0.014135] ACPI: HPET 0x00000000651B43A8 000038 (v01 INTEL  KBL-ULT  00000001 MSFT 0000005F)
> [    0.014137] ACPI: SSDT 0x00000000651B43E0 000D84 (v02 INTEL  xh_rvp07 00000000 INTL 20160422)
> [    0.014140] ACPI: UEFI 0x00000000651B5168 000042 (v01                 00000000      00000000)
> [    0.014143] ACPI: SSDT 0x00000000651B51B0 000EDE (v02 CpuRef CpuSsdt  00003000 INTL 20160422)
> [    0.014145] ACPI: LPIT 0x00000000651B6090 000094 (v01 INTEL  KBL-ULT  00000000 MSFT 0000005F)
> [    0.014148] ACPI: WSMT 0x00000000651B6128 000028 (v01 DELL   CBX3     00000000 MSFT 0000005F)
> [    0.014150] ACPI: SSDT 0x00000000651B6150 000161 (v02 INTEL  HdaDsp   00000000 INTL 20160422)
> [    0.014153] ACPI: SSDT 0x00000000651B62B8 00029F (v02 INTEL  sensrhub 00000000 INTL 20160422)
> [    0.014156] ACPI: SSDT 0x00000000651B6558 003002 (v02 INTEL  PtidDevc 00001000 INTL 20160422)
> [    0.014158] ACPI: SSDT 0x00000000651B9560 0000DB (v02 INTEL  TbtTypeC 00000000 INTL 20160422)
> [    0.014161] ACPI: DBGP 0x00000000651B9640 000034 (v01 INTEL           00000002 MSFT 0000005F)
> [    0.014163] ACPI: DBG2 0x00000000651B9678 000054 (v00 INTEL           00000002 MSFT 0000005F)
> [    0.014166] ACPI: SSDT 0x00000000651B96D0 0007DD (v02 INTEL  UsbCTabl 00001000 INTL 20160422)
> [    0.014169] ACPI: SSDT 0x00000000651B9EB0 0084F1 (v02 DptfTa DptfTabl 00001000 INTL 20160422)
> [    0.014171] ACPI: SLIC 0x00000000651C23A8 000176 (v03 DELL   CBX3     01072009 MSFT 00010013)
> [    0.014174] ACPI: NHLT 0x00000000651C2520 00002D (v00 INTEL  EDK2     00000002      01000013)
> [    0.014177] ACPI: BGRT 0x00000000651C2550 000038 (v00                 01072009 AMI  00010013)
> [    0.014179] ACPI: TPM2 0x00000000651C2588 000034 (v03        Tpm2Tabl 00000001 AMI  00000000)
> [    0.014182] ACPI: ASF! 0x00000000651C25C0 0000A0 (v32 INTEL   HCG     00000001 TFSM 000F4240)
> [    0.014185] ACPI: DMAR 0x00000000651C2660 0000F0 (v01 INTEL  KBL      00000001 INTL 00000001)
> [    0.014187] ACPI: Reserving FACP table memory at [mem 0x651b2a48-0x651b2b53]
> [    0.014188] ACPI: Reserving DSDT table memory at [mem 0x6518d260-0x651b2a46]
> [    0.014189] ACPI: Reserving FACS table memory at [mem 0x6f86f180-0x6f86f1bf]
> [    0.014189] ACPI: Reserving APIC table memory at [mem 0x651b2b58-0x651b2bdb]
> [    0.014190] ACPI: Reserving FPDT table memory at [mem 0x651b2be0-0x651b2c23]
> [    0.014190] ACPI: Reserving FIDT table memory at [mem 0x651b2c28-0x651b2cd3]
> [    0.014191] ACPI: Reserving MCFG table memory at [mem 0x651b2cd8-0x651b2d13]
> [    0.014192] ACPI: Reserving HPET table memory at [mem 0x651b2d18-0x651b2d4f]
> [    0.014192] ACPI: Reserving SSDT table memory at [mem 0x651b2d50-0x651b30a8]
> [    0.014193] ACPI: Reserving BOOT table memory at [mem 0x651b30b0-0x651b30d7]
> [    0.014194] ACPI: Reserving SSDT table memory at [mem 0x651b30d8-0x651b43a6]
> [    0.014194] ACPI: Reserving HPET table memory at [mem 0x651b43a8-0x651b43df]
> [    0.014195] ACPI: Reserving SSDT table memory at [mem 0x651b43e0-0x651b5163]
> [    0.014196] ACPI: Reserving UEFI table memory at [mem 0x651b5168-0x651b51a9]
> [    0.014196] ACPI: Reserving SSDT table memory at [mem 0x651b51b0-0x651b608d]
> [    0.014197] ACPI: Reserving LPIT table memory at [mem 0x651b6090-0x651b6123]
> [    0.014197] ACPI: Reserving WSMT table memory at [mem 0x651b6128-0x651b614f]
> [    0.014198] ACPI: Reserving SSDT table memory at [mem 0x651b6150-0x651b62b0]
> [    0.014199] ACPI: Reserving SSDT table memory at [mem 0x651b62b8-0x651b6556]
> [    0.014199] ACPI: Reserving SSDT table memory at [mem 0x651b6558-0x651b9559]
> [    0.014200] ACPI: Reserving SSDT table memory at [mem 0x651b9560-0x651b963a]
> [    0.014201] ACPI: Reserving DBGP table memory at [mem 0x651b9640-0x651b9673]
> [    0.014201] ACPI: Reserving DBG2 table memory at [mem 0x651b9678-0x651b96cb]
> [    0.014202] ACPI: Reserving SSDT table memory at [mem 0x651b96d0-0x651b9eac]
> [    0.014203] ACPI: Reserving SSDT table memory at [mem 0x651b9eb0-0x651c23a0]
> [    0.014203] ACPI: Reserving SLIC table memory at [mem 0x651c23a8-0x651c251d]
> [    0.014204] ACPI: Reserving NHLT table memory at [mem 0x651c2520-0x651c254c]
> [    0.014205] ACPI: Reserving BGRT table memory at [mem 0x651c2550-0x651c2587]
> [    0.014205] ACPI: Reserving TPM2 table memory at [mem 0x651c2588-0x651c25bb]
> [    0.014206] ACPI: Reserving ASF! table memory at [mem 0x651c25c0-0x651c265f]
> [    0.014206] ACPI: Reserving DMAR table memory at [mem 0x651c2660-0x651c274f]
> [    0.014333] No NUMA configuration found
> [    0.014334] Faking a node at [mem 0x0000000000000000-0x00000004817fffff]
> [    0.014341] NODE_DATA(0) allocated [mem 0x47f3d5000-0x47f3fffff]
> [    0.014523] Zone ranges:
> [    0.014524]   DMA      [mem 0x0000000000001000-0x0000000000ffffff]
> [    0.014526]   DMA32    [mem 0x0000000001000000-0x00000000ffffffff]
> [    0.014527]   Normal   [mem 0x0000000100000000-0x00000004817fffff]
> [    0.014528]   Device   empty
> [    0.014529] Movable zone start for each node
> [    0.014531] Early memory node ranges
> [    0.014531]   node   0: [mem 0x0000000000001000-0x0000000000057fff]
> [    0.014535]   node   0: [mem 0x0000000000059000-0x000000000009dfff]
> [    0.014536]   node   0: [mem 0x0000000000100000-0x00000000556aafff]
> [    0.014537]   node   0: [mem 0x00000000556ad000-0x0000000064df3fff]
> [    0.014538]   node   0: [mem 0x000000006ffff000-0x000000006fffffff]
> [    0.014539]   node   0: [mem 0x0000000078000000-0x00000000785fffff]
> [    0.014539]   node   0: [mem 0x0000000100000000-0x00000004817fffff]
> [    0.014541] Initmem setup node 0 [mem 0x0000000000001000-0x00000004817fffff]
> [    0.014545] On node 0, zone DMA: 1 pages in unavailable ranges
> [    0.014547] On node 0, zone DMA: 1 pages in unavailable ranges
> [    0.014569] On node 0, zone DMA: 98 pages in unavailable ranges
> [    0.016919] On node 0, zone DMA32: 2 pages in unavailable ranges
> [    0.017330] On node 0, zone DMA32: 45579 pages in unavailable ranges
> [    0.017842] On node 0, zone Normal: 31232 pages in unavailable ranges
> [    0.018267] On node 0, zone Normal: 26624 pages in unavailable ranges
> [    0.018275] Reserving Intel graphics memory at [mem 0x7a800000-0x7c7fffff]
> [    0.018457] ACPI: PM-Timer IO Port: 0x1808
> [    0.018463] ACPI: LAPIC_NMI (acpi_id[0x01] high edge lint[0x1])
> [    0.018465] ACPI: LAPIC_NMI (acpi_id[0x02] high edge lint[0x1])
> [    0.018465] ACPI: LAPIC_NMI (acpi_id[0x03] high edge lint[0x1])
> [    0.018466] ACPI: LAPIC_NMI (acpi_id[0x04] high edge lint[0x1])
> [    0.018492] IOAPIC[0]: apic_id 2, version 32, address 0xfec00000, GSI 0-119
> [    0.018494] ACPI: INT_SRC_OVR (bus 0 bus_irq 0 global_irq 2 dfl dfl)
> [    0.018496] ACPI: INT_SRC_OVR (bus 0 bus_irq 9 global_irq 9 high level)
> [    0.018500] ACPI: Using ACPI (MADT) for SMP configuration information
> [    0.018501] ACPI: HPET id: 0x8086a701 base: 0xfed00000
> [    0.018506] e820: update [mem 0x62262000-0x623eefff] usable ==> reserved
> [    0.018516] TSC deadline timer available
> [    0.018517] smpboot: Allowing 4 CPUs, 0 hotplug CPUs
> [    0.018532] PM: hibernation: Registered nosave memory: [mem 0x00000000-0x00000fff]
> [    0.018534] PM: hibernation: Registered nosave memory: [mem 0x00058000-0x00058fff]
> [    0.018535] PM: hibernation: Registered nosave memory: [mem 0x0009e000-0x000fffff]
> [    0.018536] PM: hibernation: Registered nosave memory: [mem 0x5152e000-0x5152efff]
> [    0.018538] PM: hibernation: Registered nosave memory: [mem 0x5153e000-0x5153efff]
> [    0.018539] PM: hibernation: Registered nosave memory: [mem 0x556ab000-0x556abfff]
> [    0.018540] PM: hibernation: Registered nosave memory: [mem 0x556ac000-0x556acfff]
> [    0.018541] PM: hibernation: Registered nosave memory: [mem 0x62262000-0x623eefff]
> [    0.018542] PM: hibernation: Registered nosave memory: [mem 0x64df4000-0x6517ffff]
> [    0.018543] PM: hibernation: Registered nosave memory: [mem 0x65180000-0x651c3fff]
> [    0.018544] PM: hibernation: Registered nosave memory: [mem 0x651c4000-0x6f871fff]
> [    0.018544] PM: hibernation: Registered nosave memory: [mem 0x6f872000-0x6fffefff]
> [    0.018546] PM: hibernation: Registered nosave memory: [mem 0x70000000-0x77ffffff]
> [    0.018547] PM: hibernation: Registered nosave memory: [mem 0x78600000-0x7c7fffff]
> [    0.018547] PM: hibernation: Registered nosave memory: [mem 0x7c800000-0xfdffffff]
> [    0.018548] PM: hibernation: Registered nosave memory: [mem 0xfe000000-0xfe010fff]
> [    0.018549] PM: hibernation: Registered nosave memory: [mem 0xfe011000-0xfebfffff]
> [    0.018549] PM: hibernation: Registered nosave memory: [mem 0xfec00000-0xfec00fff]
> [    0.018550] PM: hibernation: Registered nosave memory: [mem 0xfec01000-0xfedfffff]
> [    0.018550] PM: hibernation: Registered nosave memory: [mem 0xfee00000-0xfee00fff]
> [    0.018551] PM: hibernation: Registered nosave memory: [mem 0xfee01000-0xffffffff]
> [    0.018552] [mem 0x7c800000-0xfdffffff] available for PCI devices
> [    0.018553] Booting paravirtualized kernel on bare hardware
> [    0.018555] clocksource: refined-jiffies: mask: 0xffffffff max_cycles: 0xffffffff, max_idle_ns: 7645519600211568 ns
> [    0.023088] setup_percpu: NR_CPUS:8192 nr_cpumask_bits:4 nr_cpu_ids:4 nr_node_ids:1
> [    0.023378] percpu: Embedded 63 pages/cpu s221184 r8192 d28672 u524288
> [    0.023384] pcpu-alloc: s221184 r8192 d28672 u524288 alloc=1*2097152
> [    0.023386] pcpu-alloc: [0] 0 1 2 3 
> [    0.023402] Kernel command line: BOOT_IMAGE=/vmlinuz-6.8.0-rc3 root=UUID=32e29882-d94d-4a92-9ee4-4d03002bfa29 ro quiet pci=noaer mem_sleep_default=deep log_buf_len=8M cryptomgr.notests initcall_debug
> [    0.023472] Unknown kernel command line parameters "BOOT_IMAGE=/vmlinuz-6.8.0-rc3", will be passed to user space.
> [    0.023505] random: crng init done
> [    0.024959] Dentry cache hash table entries: 2097152 (order: 12, 16777216 bytes, linear)
> [    0.025717] Inode-cache hash table entries: 1048576 (order: 11, 8388608 bytes, linear)
> [    0.025779] Fallback order for Node 0: 0 
> [    0.025782] Built 1 zonelists, mobility grouping on.  Total pages: 4026691
> [    0.025783] Policy zone: Normal
> [    0.025787] mem auto-init: stack:all(zero), heap alloc:on, heap free:off
> [    0.025794] software IO TLB: area num 4.
> [    0.043822] Memory: 1658144K/16363068K available (16384K kernel code, 2333K rwdata, 5900K rodata, 3984K init, 3660K bss, 493668K reserved, 0K cma-reserved)
> [    0.044007] SLUB: HWalign=64, Order=0-3, MinObjects=0, CPUs=4, Nodes=1
> [    0.044016] Kernel/User page tables isolation: enabled
> [    0.044047] ftrace: allocating 42666 entries in 167 pages
> [    0.051067] ftrace: allocated 167 pages with 5 groups
> [    0.051851] Dynamic Preempt: voluntary
> [    0.051877] rcu: Preemptible hierarchical RCU implementation.
> [    0.051878] rcu: 	RCU restricting CPUs from NR_CPUS=8192 to nr_cpu_ids=4.
> [    0.051879] 	Trampoline variant of Tasks RCU enabled.
> [    0.051880] 	Rude variant of Tasks RCU enabled.
> [    0.051880] 	Tracing variant of Tasks RCU enabled.
> [    0.051880] rcu: RCU calculated value of scheduler-enlistment delay is 25 jiffies.
> [    0.051881] rcu: Adjusting geometry for rcu_fanout_leaf=16, nr_cpu_ids=4
> [    0.054225] NR_IRQS: 524544, nr_irqs: 1024, preallocated irqs: 16
> [    0.054428] rcu: srcu_init: Setting srcu_struct sizes based on contention.
> [    0.054599] spurious 8259A interrupt: IRQ7.
> [    0.054615] calling  con_init+0x0/0x250 @ 0
> [    0.054627] Console: colour dummy device 80x25
> [    0.054629] printk: legacy console [tty0] enabled
> [    0.054648] initcall con_init+0x0/0x250 returned 0 after 0 usecs
> [    0.054651] calling  hvc_console_init+0x0/0x20 @ 0
> [    0.054654] initcall hvc_console_init+0x0/0x20 returned 0 after 0 usecs
> [    0.054656] calling  xen_cons_init+0x0/0x60 @ 0
> [    0.054658] initcall xen_cons_init+0x0/0x60 returned 0 after 0 usecs
> [    0.054660] calling  univ8250_console_init+0x0/0x40 @ 0
> [    0.054663] initcall univ8250_console_init+0x0/0x40 returned 0 after 0 usecs
> [    0.054679] ACPI: Core revision 20230628
> [    0.054822] hpet: HPET dysfunctional in PC10. Force disabled.
> [    0.054823] APIC: Switch to symmetric I/O mode setup
> [    0.054825] DMAR: Host address width 39
> [    0.054826] DMAR: DRHD base: 0x000000fed90000 flags: 0x0
> [    0.054831] DMAR: dmar0: reg_base_addr fed90000 ver 1:0 cap 1c0000c40660462 ecap 19e2ff0505e
> [    0.054833] DMAR: DRHD base: 0x000000fed91000 flags: 0x1
> [    0.054836] DMAR: dmar1: reg_base_addr fed91000 ver 1:0 cap d2008c40660462 ecap f050da
> [    0.054838] DMAR: RMRR base: 0x00000064ec2000 end: 0x00000064ee1fff
> [    0.054839] DMAR: RMRR base: 0x0000007a000000 end: 0x0000007c7fffff
> [    0.054840] DMAR: ANDD device: 1 name: \_SB.PCI0.I2C0
> [    0.054841] DMAR: ANDD device: 2 name: \_SB.PCI0.I2C1
> [    0.054843] DMAR-IR: IOAPIC id 2 under DRHD base  0xfed91000 IOMMU 1
> [    0.054844] DMAR-IR: HPET id 0 under DRHD base 0xfed91000
> [    0.054845] DMAR-IR: Queued invalidation will be enabled to support x2apic and Intr-remapping.
> [    0.056461] DMAR-IR: Enabled IRQ remapping in x2apic mode
> [    0.056463] x2apic enabled
> [    0.056522] APIC: Switched APIC routing to: cluster x2apic
> [    0.060382] clocksource: tsc-early: mask: 0xffffffffffffffff max_cycles: 0x29ccd767b87, max_idle_ns: 440795223720 ns
> [    0.060396] Calibrating delay loop (skipped), value calculated using timer frequency.. 5799.77 BogoMIPS (lpj=11599544)
> [    0.060425] CPU0: Thermal monitoring enabled (TM1)
> [    0.060458] process: using mwait in idle threads
> [    0.060461] Last level iTLB entries: 4KB 64, 2MB 8, 4MB 8
> [    0.060462] Last level dTLB entries: 4KB 64, 2MB 0, 4MB 0, 1GB 4
> [    0.060466] Spectre V1 : Mitigation: usercopy/swapgs barriers and __user pointer sanitization
> [    0.060468] Spectre V2 : Mitigation: IBRS
> [    0.060468] Spectre V2 : Spectre v2 / SpectreRSB mitigation: Filling RSB on context switch
> [    0.060469] Spectre V2 : Spectre v2 / SpectreRSB : Filling RSB on VMEXIT
> [    0.060470] RETBleed: Mitigation: IBRS
> [    0.060471] Spectre V2 : mitigation: Enabling conditional Indirect Branch Prediction Barrier
> [    0.060472] Spectre V2 : User space: Mitigation: STIBP via prctl
> [    0.060474] Speculative Store Bypass: Mitigation: Speculative Store Bypass disabled via prctl
> [    0.060481] MDS: Mitigation: Clear CPU buffers
> [    0.060482] MMIO Stale Data: Mitigation: Clear CPU buffers
> [    0.060486] SRBDS: Mitigation: Microcode
> [    0.060492] GDS: Mitigation: Microcode
> [    0.060497] x86/fpu: Supporting XSAVE feature 0x001: 'x87 floating point registers'
> [    0.060499] x86/fpu: Supporting XSAVE feature 0x002: 'SSE registers'
> [    0.060500] x86/fpu: Supporting XSAVE feature 0x004: 'AVX registers'
> [    0.060501] x86/fpu: Supporting XSAVE feature 0x008: 'MPX bounds registers'
> [    0.060502] x86/fpu: Supporting XSAVE feature 0x010: 'MPX CSR'
> [    0.060503] x86/fpu: xstate_offset[2]:  576, xstate_sizes[2]:  256
> [    0.060505] x86/fpu: xstate_offset[3]:  832, xstate_sizes[3]:   64
> [    0.060506] x86/fpu: xstate_offset[4]:  896, xstate_sizes[4]:   64
> [    0.060507] x86/fpu: Enabled xstate features 0x1f, context size is 960 bytes, using 'compacted' format.
> [    0.064391] Freeing SMP alternatives memory: 36K
> [    0.064391] pid_max: default: 32768 minimum: 301
> [    0.064391] LSM: initializing lsm=lockdown,capability,landlock,yama,apparmor,tomoyo,bpf,integrity
> [    0.064391] landlock: Up and running.
> [    0.064391] Yama: becoming mindful.
> [    0.064391] AppArmor: AppArmor initialized
> [    0.064391] TOMOYO Linux initialized
> [    0.064391] LSM support for eBPF active
> [    0.064391] Mount-cache hash table entries: 32768 (order: 6, 262144 bytes, linear)
> [    0.064391] Mountpoint-cache hash table entries: 32768 (order: 6, 262144 bytes, linear)
> [    0.064391] smpboot: CPU0: Intel(R) Core(TM) i7-7500U CPU @ 2.70GHz (family: 0x6, model: 0x8e, stepping: 0x9)
> [    0.064391] RCU Tasks: Setting shift to 2 and lim to 1 rcu_task_cb_adjust=1.
> [    0.064391] RCU Tasks Rude: Setting shift to 2 and lim to 1 rcu_task_cb_adjust=1.
> [    0.064391] RCU Tasks Trace: Setting shift to 2 and lim to 1 rcu_task_cb_adjust=1.
> [    0.064391] calling  init_hw_perf_events+0x0/0x6e0 @ 1
> [    0.064391] Performance Events: PEBS fmt3+, Skylake events, 32-deep LBR, full-width counters, Intel PMU driver.
> [    0.064391] ... version:                4
> [    0.064391] ... bit width:              48
> [    0.064391] ... generic registers:      4
> [    0.064391] ... value mask:             0000ffffffffffff
> [    0.064391] ... max period:             00007fffffffffff
> [    0.064391] ... fixed-purpose events:   3
> [    0.064391] ... event mask:             000000070000000f
> [    0.064391] initcall init_hw_perf_events+0x0/0x6e0 returned 0 after 0 usecs
> [    0.064391] calling  do_init_real_mode+0x0/0x20 @ 1
> [    0.064391] initcall do_init_real_mode+0x0/0x20 returned 0 after 0 usecs
> [    0.064391] calling  init_sigframe_size+0x0/0x40 @ 1
> [    0.064391] signal: max sigframe size: 2032
> [    0.064391] initcall init_sigframe_size+0x0/0x40 returned 0 after 0 usecs
> [    0.064391] calling  trace_init_perf_perm_irq_work_exit+0x0/0x20 @ 1
> [    0.064391] initcall trace_init_perf_perm_irq_work_exit+0x0/0x20 returned 0 after 0 usecs
> [    0.064391] calling  cache_ap_register+0x0/0x60 @ 1
> [    0.064391] initcall cache_ap_register+0x0/0x60 returned 0 after 0 usecs
> [    0.064391] calling  bp_init_aperfmperf+0x0/0x320 @ 1
> [    0.064391] Estimated ratio of average max frequency by base frequency (times 1024): 1235
> [    0.064391] initcall bp_init_aperfmperf+0x0/0x320 returned 0 after 0 usecs
> [    0.064391] calling  save_builtin_microcode+0x0/0xf0 @ 1
> [    0.064391] initcall save_builtin_microcode+0x0/0xf0 returned 0 after 0 usecs
> [    0.064391] calling  save_microcode_in_initrd+0x0/0x110 @ 1
> [    0.064391] initcall save_microcode_in_initrd+0x0/0x110 returned 0 after 0 usecs
> [    0.064391] calling  smp_init_primary_thread_mask+0x0/0xc0 @ 1
> [    0.064391] initcall smp_init_primary_thread_mask+0x0/0xc0 returned 0 after 0 usecs
> [    0.064391] calling  register_nmi_cpu_backtrace_handler+0x0/0x20 @ 1
> [    0.064391] initcall register_nmi_cpu_backtrace_handler+0x0/0x20 returned 0 after 0 usecs
> [    0.064391] calling  kvm_setup_vsyscall_timeinfo+0x0/0x160 @ 1
> [    0.064391] initcall kvm_setup_vsyscall_timeinfo+0x0/0x160 returned 0 after 0 usecs
> [    0.064391] calling  spawn_ksoftirqd+0x0/0x50 @ 1
> [    0.064391] initcall spawn_ksoftirqd+0x0/0x50 returned 0 after 0 usecs
> [    0.064391] calling  init_signal_sysctls+0x0/0x30 @ 1
> [    0.064391] initcall init_signal_sysctls+0x0/0x30 returned 0 after 0 usecs
> [    0.064391] calling  init_umh_sysctls+0x0/0x30 @ 1
> [    0.064391] initcall init_umh_sysctls+0x0/0x30 returned 0 after 0 usecs
> [    0.064391] calling  migration_init+0x0/0x50 @ 1
> [    0.064391] initcall migration_init+0x0/0x50 returned 0 after 0 usecs
> [    0.064391] calling  srcu_bootup_announce+0x0/0x80 @ 1
> [    0.064391] rcu: Hierarchical SRCU implementation.
> [    0.064391] rcu: 	Max phase no-delay instances is 1000.
> [    0.064391] initcall srcu_bootup_announce+0x0/0x80 returned 0 after 0 usecs
> [    0.064391] calling  rcu_spawn_gp_kthread+0x0/0x1c0 @ 1
> [    0.064391] initcall rcu_spawn_gp_kthread+0x0/0x1c0 returned 0 after 0 usecs
> [    0.064391] calling  check_cpu_stall_init+0x0/0x30 @ 1
> [    0.064391] initcall check_cpu_stall_init+0x0/0x30 returned 0 after 0 usecs
> [    0.064391] calling  rcu_sysrq_init+0x0/0x30 @ 1
> [    0.064391] initcall rcu_sysrq_init+0x0/0x30 returned 0 after 0 usecs
> [    0.064391] calling  trace_init_flags_sys_enter+0x0/0x20 @ 1
> [    0.064391] initcall trace_init_flags_sys_enter+0x0/0x20 returned 0 after 0 usecs
> [    0.064391] calling  trace_init_flags_sys_exit+0x0/0x20 @ 1
> [    0.064391] initcall trace_init_flags_sys_exit+0x0/0x20 returned 0 after 0 usecs
> [    0.064391] calling  insert_crashkernel_resources+0x0/0x70 @ 1
> [    0.064391] initcall insert_crashkernel_resources+0x0/0x70 returned 0 after 0 usecs
> [    0.064391] calling  cpu_stop_init+0x0/0xa0 @ 1
> [    0.064391] initcall cpu_stop_init+0x0/0xa0 returned 0 after 0 usecs
> [    0.064391] calling  init_kprobes+0x0/0x1c0 @ 1
> [    0.064391] initcall init_kprobes+0x0/0x1c0 returned 0 after 0 usecs
> [    0.064391] calling  init_trace_printk+0x0/0x10 @ 1
> [    0.064391] initcall init_trace_printk+0x0/0x10 returned 0 after 0 usecs
> [    0.064391] calling  event_trace_enable_again+0x0/0x50 @ 1
> [    0.064391] initcall event_trace_enable_again+0x0/0x50 returned 0 after 0 usecs
> [    0.064391] calling  irq_work_init_threads+0x0/0x10 @ 1
> [    0.064391] initcall irq_work_init_threads+0x0/0x10 returned 0 after 0 usecs
> [    0.064391] calling  static_call_init+0x0/0xa0 @ 1
> [    0.064391] initcall static_call_init+0x0/0xa0 returned 0 after 0 usecs
> [    0.064391] calling  jump_label_init_module+0x0/0x20 @ 1
> [    0.064391] initcall jump_label_init_module+0x0/0x20 returned 0 after 0 usecs
> [    0.064391] calling  init_zero_pfn+0x0/0x50 @ 1
> [    0.064391] initcall init_zero_pfn+0x0/0x50 returned 0 after 0 usecs
> [    0.064391] calling  init_fs_inode_sysctls+0x0/0x30 @ 1
> [    0.064391] initcall init_fs_inode_sysctls+0x0/0x30 returned 0 after 0 usecs
> [    0.064391] calling  init_fs_locks_sysctls+0x0/0x30 @ 1
> [    0.064391] initcall init_fs_locks_sysctls+0x0/0x30 returned 0 after 0 usecs
> [    0.064391] calling  init_fs_sysctls+0x0/0x30 @ 1
> [    0.064391] initcall init_fs_sysctls+0x0/0x30 returned 0 after 0 usecs
> [    0.064391] calling  init_security_keys_sysctls+0x0/0x30 @ 1
> [    0.064391] initcall init_security_keys_sysctls+0x0/0x30 returned 0 after 0 usecs
> [    0.064391] calling  dynamic_debug_init+0x0/0x2f0 @ 1
> [    0.064391] initcall dynamic_debug_init+0x0/0x2f0 returned 0 after 0 usecs
> [    0.064391] calling  unpopulated_init+0x0/0x60 @ 1
> [    0.064391] initcall unpopulated_init+0x0/0x60 returned -19 after 0 usecs
> [    0.064391] calling  efi_memreserve_root_init+0x0/0x60 @ 1
> [    0.064391] initcall efi_memreserve_root_init+0x0/0x60 returned 0 after 0 usecs
> [    0.064391] calling  efi_earlycon_remap_fb+0x0/0x70 @ 1
> [    0.064391] initcall efi_earlycon_remap_fb+0x0/0x70 returned 0 after 0 usecs
> [    0.064391] calling  idle_inject_init+0x0/0x20 @ 1
> [    0.064391] initcall idle_inject_init+0x0/0x20 returned 0 after 0 usecs
> [    0.064391] NMI watchdog: Enabled. Permanently consumes one hw-PMU counter.
> [    0.064391] smp: Bringing up secondary CPUs ...
> [    0.064391] smpboot: x86: Booting SMP configuration:
> [    0.064391] .... node  #0, CPUs:      #1 #2 #3
> [    0.064391] MDS CPU bug present and SMT on, data leak possible. See https://www.kernel.org/doc/html/latest/admin-guide/hw-vuln/mds.html for more details.
> [    0.064391] MMIO Stale Data CPU bug present and SMT on, data leak possible. See https://www.kernel.org/doc/html/latest/admin-guide/hw-vuln/processor_mmio_stale_data.html for more details.
> [    0.064391] smp: Brought up 1 node, 4 CPUs
> [    0.064391] smpboot: Max logical packages: 1
> [    0.064391] smpboot: Total of 4 processors activated (23199.08 BogoMIPS)
> [    0.085208] node 0 deferred pages initialised in 20ms
> [    0.086270] devtmpfs: initialized
> [    0.086270] x86/mm: Memory block size: 128MB
> [    0.086270] calling  bpf_jit_charge_init+0x0/0x50 @ 1
> [    0.086270] initcall bpf_jit_charge_init+0x0/0x50 returned 0 after 0 usecs
> [    0.086270] calling  ipc_ns_init+0x0/0x50 @ 1
> [    0.086270] initcall ipc_ns_init+0x0/0x50 returned 0 after 0 usecs
> [    0.086270] calling  init_mmap_min_addr+0x0/0x30 @ 1
> [    0.086270] initcall init_mmap_min_addr+0x0/0x30 returned 0 after 0 usecs
> [    0.086270] calling  pci_realloc_setup_params+0x0/0x70 @ 1
> [    0.086270] initcall pci_realloc_setup_params+0x0/0x70 returned 0 after 0 usecs
> [    0.086270] calling  inet_frag_wq_init+0x0/0x50 @ 1
> [    0.088402] initcall inet_frag_wq_init+0x0/0x50 returned 0 after 4000 usecs
> [    0.088425] calling  xen_pvh_gnttab_setup+0x0/0x40 @ 1
> [    0.088428] initcall xen_pvh_gnttab_setup+0x0/0x40 returned -19 after 0 usecs
> [    0.088430] calling  e820__register_nvs_regions+0x0/0x60 @ 1
> [    0.088433] ACPI: PM: Registering ACPI NVS region [mem 0x556ab000-0x556abfff] (4096 bytes)
> [    0.088435] ACPI: PM: Registering ACPI NVS region [mem 0x651c4000-0x6f871fff] (174776320 bytes)
> [    0.090476] initcall e820__register_nvs_regions+0x0/0x60 returned 0 after 0 usecs
> [    0.090480] calling  cpufreq_register_tsc_scaling+0x0/0x40 @ 1
> [    0.090482] initcall cpufreq_register_tsc_scaling+0x0/0x40 returned 0 after 0 usecs
> [    0.090484] calling  reboot_init+0x0/0x50 @ 1
> [    0.090490] initcall reboot_init+0x0/0x50 returned 0 after 0 usecs
> [    0.090492] calling  init_lapic_sysfs+0x0/0x30 @ 1
> [    0.090495] initcall init_lapic_sysfs+0x0/0x30 returned 0 after 0 usecs
> [    0.090496] calling  alloc_frozen_cpus+0x0/0x30 @ 1
> [    0.090498] initcall alloc_frozen_cpus+0x0/0x30 returned 0 after 0 usecs
> [    0.090500] calling  cpu_hotplug_pm_sync_init+0x0/0x20 @ 1
> [    0.090502] initcall cpu_hotplug_pm_sync_init+0x0/0x20 returned 0 after 0 usecs
> [    0.090504] calling  wq_sysfs_init+0x0/0x90 @ 1
> [    0.090519] initcall wq_sysfs_init+0x0/0x90 returned 0 after 0 usecs
> [    0.090521] calling  ksysfs_init+0x0/0xb0 @ 1
> [    0.090528] initcall ksysfs_init+0x0/0xb0 returned 0 after 0 usecs
> [    0.090530] calling  schedutil_gov_init+0x0/0x20 @ 1
> [    0.090533] initcall schedutil_gov_init+0x0/0x20 returned 0 after 0 usecs
> [    0.090535] calling  pm_init+0x0/0x80 @ 1
> [    0.090552] initcall pm_init+0x0/0x80 returned 0 after 0 usecs
> [    0.090555] calling  pm_disk_init+0x0/0x20 @ 1
> [    0.090559] initcall pm_disk_init+0x0/0x20 returned 0 after 0 usecs
> [    0.090561] calling  swsusp_header_init+0x0/0x40 @ 1
> [    0.090565] initcall swsusp_header_init+0x0/0x40 returned 0 after 0 usecs
> [    0.090567] calling  rcu_set_runtime_mode+0x0/0x20 @ 1
> [    0.090569] initcall rcu_set_runtime_mode+0x0/0x20 returned 0 after 0 usecs
> [    0.090570] calling  init_jiffies_clocksource+0x0/0x20 @ 1
> [    0.090573] clocksource: jiffies: mask: 0xffffffff max_cycles: 0xffffffff, max_idle_ns: 7645041785100000 ns
> [    0.090575] initcall init_jiffies_clocksource+0x0/0x20 returned 0 after 0 usecs
> [    0.090578] calling  futex_init+0x0/0xf0 @ 1
> [    0.090584] futex hash table entries: 1024 (order: 4, 65536 bytes, linear)
> [    0.090588] initcall futex_init+0x0/0xf0 returned 0 after 0 usecs
> [    0.090590] calling  cgroup_wq_init+0x0/0x40 @ 1
> [    0.090594] initcall cgroup_wq_init+0x0/0x40 returned 0 after 0 usecs
> [    0.090596] calling  cgroup1_wq_init+0x0/0x40 @ 1
> [    0.090600] initcall cgroup1_wq_init+0x0/0x40 returned 0 after 0 usecs
> [    0.090602] calling  ftrace_mod_cmd_init+0x0/0x10 @ 1
> [    0.090605] initcall ftrace_mod_cmd_init+0x0/0x10 returned 0 after 0 usecs
> [    0.090606] calling  init_graph_trace+0x0/0x70 @ 1
> [    0.090611] initcall init_graph_trace+0x0/0x70 returned 0 after 0 usecs
> [    0.090613] calling  trace_events_eprobe_init_early+0x0/0x40 @ 1
> [    0.090616] initcall trace_events_eprobe_init_early+0x0/0x40 returned 0 after 0 usecs
> [    0.090618] calling  trace_events_synth_init_early+0x0/0x40 @ 1
> [    0.090621] initcall trace_events_synth_init_early+0x0/0x40 returned 0 after 0 usecs
> [    0.090623] calling  init_kprobe_trace_early+0x0/0x40 @ 1
> [    0.090625] initcall init_kprobe_trace_early+0x0/0x40 returned 0 after 0 usecs
> [    0.090628] calling  init_fprobe_trace_early+0x0/0x30 @ 1
> [    0.090631] initcall init_fprobe_trace_early+0x0/0x30 returned 0 after 0 usecs
> [    0.090633] calling  bpf_offload_init+0x0/0x20 @ 1
> [    0.090636] initcall bpf_offload_init+0x0/0x20 returned 0 after 0 usecs
> [    0.090638] calling  memory_failure_init+0x0/0xd0 @ 1
> [    0.090643] initcall memory_failure_init+0x0/0xd0 returned 0 after 0 usecs
> [    0.090645] calling  fsnotify_init+0x0/0x60 @ 1
> [    0.090658] initcall fsnotify_init+0x0/0x60 returned 0 after 0 usecs
> [    0.090661] calling  filelock_init+0x0/0xb0 @ 1
> [    0.090667] initcall filelock_init+0x0/0xb0 returned 0 after 0 usecs
> [    0.090669] calling  init_script_binfmt+0x0/0x20 @ 1
> [    0.090672] initcall init_script_binfmt+0x0/0x20 returned 0 after 0 usecs
> [    0.090675] calling  init_elf_binfmt+0x0/0x20 @ 1
> [    0.090676] initcall init_elf_binfmt+0x0/0x20 returned 0 after 0 usecs
> [    0.090677] calling  init_compat_elf_binfmt+0x0/0x20 @ 1
> [    0.090679] initcall init_compat_elf_binfmt+0x0/0x20 returned 0 after 0 usecs
> [    0.090680] calling  debugfs_init+0x0/0x90 @ 1
> [    0.090683] initcall debugfs_init+0x0/0x90 returned 0 after 0 usecs
> [    0.090685] calling  tracefs_init+0x0/0x80 @ 1
> [    0.090689] initcall tracefs_init+0x0/0x80 returned 0 after 0 usecs
> [    0.090691] calling  securityfs_init+0x0/0x80 @ 1
> [    0.090707] initcall securityfs_init+0x0/0x80 returned 0 after 0 usecs
> [    0.090710] calling  lockdown_secfs_init+0x0/0x40 @ 1
> [    0.090714] initcall lockdown_secfs_init+0x0/0x40 returned 0 after 0 usecs
> [    0.090716] calling  pinctrl_init+0x0/0xc0 @ 1
> [    0.090720] pinctrl core: initialized pinctrl subsystem
> [    0.090734] initcall pinctrl_init+0x0/0xc0 returned 0 after 0 usecs
> [    0.090737] calling  gpiolib_dev_init+0x0/0x110 @ 1
> [    0.090749] initcall gpiolib_dev_init+0x0/0x110 returned 0 after 0 usecs
> [    0.090751] calling  virtio_init+0x0/0x30 @ 1
> [    0.090757] initcall virtio_init+0x0/0x30 returned 0 after 0 usecs
> [    0.090759] calling  regulator_init+0x0/0x110 @ 1
> [    0.090780] initcall regulator_init+0x0/0x110 returned 0 after 0 usecs
> [    0.090783] calling  iommu_init+0x0/0x40 @ 1
> [    0.090786] initcall iommu_init+0x0/0x40 returned 0 after 0 usecs
> [    0.090788] calling  component_debug_init+0x0/0x30 @ 1
> [    0.090792] initcall component_debug_init+0x0/0x30 returned 0 after 0 usecs
> [    0.090794] calling  opp_debug_init+0x0/0x30 @ 1
> [    0.090797] initcall opp_debug_init+0x0/0x30 returned 0 after 0 usecs
> [    0.090798] calling  cpufreq_core_init+0x0/0xe0 @ 1
> [    0.090801] initcall cpufreq_core_init+0x0/0xe0 returned 0 after 0 usecs
> [    0.090803] calling  cpufreq_gov_performance_init+0x0/0x20 @ 1
> [    0.090805] initcall cpufreq_gov_performance_init+0x0/0x20 returned 0 after 0 usecs
> [    0.090806] calling  cpuidle_init+0x0/0x30 @ 1
> [    0.090812] initcall cpuidle_init+0x0/0x30 returned 0 after 0 usecs
> [    0.090813] calling  unaccepted_memory_init_kdump+0x0/0x20 @ 1
> [    0.090816] initcall unaccepted_memory_init_kdump+0x0/0x20 returned 0 after 0 usecs
> [    0.090819] calling  sock_init+0x0/0xb0 @ 1
> [    0.090778] probe of reg-dummy returned 0 after 0 usecs
> [    0.091234] initcall sock_init+0x0/0xb0 returned 0 after 0 usecs
> [    0.091238] calling  net_inuse_init+0x0/0x30 @ 1
> [    0.091240] initcall net_inuse_init+0x0/0x30 returned 0 after 0 usecs
> [    0.091242] calling  net_defaults_init+0x0/0x50 @ 1
> [    0.091243] initcall net_defaults_init+0x0/0x50 returned 0 after 0 usecs
> [    0.091245] calling  init_default_flow_dissectors+0x0/0x60 @ 1
> [    0.091246] initcall init_default_flow_dissectors+0x0/0x60 returned 0 after 0 usecs
> [    0.091248] calling  netlink_proto_init+0x0/0x200 @ 1
> [    0.091258] NET: Registered PF_NETLINK/PF_ROUTE protocol family
> [    0.091268] initcall netlink_proto_init+0x0/0x200 returned 0 after 0 usecs
> [    0.091270] calling  genl_init+0x0/0x50 @ 1
> [    0.091274] initcall genl_init+0x0/0x50 returned 0 after 0 usecs
> [    0.091275] calling  bsp_pm_check_init+0x0/0x20 @ 1
> [    0.091279] initcall bsp_pm_check_init+0x0/0x20 returned 0 after 0 usecs
> [    0.091281] calling  __gnttab_init+0x0/0x40 @ 1
> [    0.091283] initcall __gnttab_init+0x0/0x40 returned -19 after 0 usecs
> [    0.091316] calling  irq_sysfs_init+0x0/0xe0 @ 1
> [    0.091391] initcall irq_sysfs_init+0x0/0xe0 returned 0 after 0 usecs
> [    0.091393] calling  dma_atomic_pool_init+0x0/0x160 @ 1
> [    0.091493] DMA: preallocated 2048 KiB GFP_KERNEL pool for atomic allocations
> [    0.091614] DMA: preallocated 2048 KiB GFP_KERNEL|GFP_DMA pool for atomic allocations
> [    0.091740] DMA: preallocated 2048 KiB GFP_KERNEL|GFP_DMA32 pool for atomic allocations
> [    0.091751] initcall dma_atomic_pool_init+0x0/0x160 returned 0 after 0 usecs
> [    0.091756] calling  audit_init+0x0/0x180 @ 1
> [    0.091763] audit: initializing netlink subsys (disabled)
> [    0.091779] initcall audit_init+0x0/0x180 returned 0 after 0 usecs
> [    0.091779] audit: type=2000 audit(1707252202.028:1): state=initialized audit_enabled=0 res=1
> [    0.091779] calling  release_early_probes+0x0/0x50 @ 1
> [    0.091779] initcall release_early_probes+0x0/0x50 returned 0 after 0 usecs
> [    0.091779] calling  bdi_class_init+0x0/0x40 @ 1
> [    0.091779] initcall bdi_class_init+0x0/0x40 returned 0 after 0 usecs
> [    0.091779] calling  mm_sysfs_init+0x0/0x40 @ 1
> [    0.091779] initcall mm_sysfs_init+0x0/0x40 returned 0 after 0 usecs
> [    0.091779] calling  init_per_zone_wmark_min+0x0/0x30 @ 1
> [    0.091779] initcall init_per_zone_wmark_min+0x0/0x30 returned 0 after 0 usecs
> [    0.091779] calling  mpi_init+0x0/0x80 @ 1
> [    0.091779] initcall mpi_init+0x0/0x80 returned 0 after 0 usecs
> [    0.091779] calling  gpiolib_sysfs_init+0x0/0xb0 @ 1
> [    0.091779] initcall gpiolib_sysfs_init+0x0/0xb0 returned 0 after 0 usecs
> [    0.091779] calling  acpi_gpio_setup_params+0x0/0xf0 @ 1
> [    0.091779] initcall acpi_gpio_setup_params+0x0/0xf0 returned 0 after 0 usecs
> [    0.091779] calling  pcibus_class_init+0x0/0x20 @ 1
> [    0.091779] initcall pcibus_class_init+0x0/0x20 returned 0 after 0 usecs
> [    0.091779] calling  pci_driver_init+0x0/0x30 @ 1
> [    0.091779] initcall pci_driver_init+0x0/0x30 returned 0 after 0 usecs
> [    0.091779] calling  backlight_class_init+0x0/0xb0 @ 1
> [    0.091779] initcall backlight_class_init+0x0/0xb0 returned 0 after 0 usecs
> [    0.091779] calling  xenbus_init+0x0/0x470 @ 1
> [    0.091779] initcall xenbus_init+0x0/0x470 returned -19 after 0 usecs
> [    0.091779] calling  tty_class_init+0x0/0x20 @ 1
> [    0.091779] initcall tty_class_init+0x0/0x20 returned 0 after 0 usecs
> [    0.091779] calling  vtconsole_class_init+0x0/0xc0 @ 1
> [    0.091779] initcall vtconsole_class_init+0x0/0xc0 returned 0 after 0 usecs
> [    0.091779] calling  serdev_init+0x0/0x30 @ 1
> [    0.091779] initcall serdev_init+0x0/0x30 returned 0 after 0 usecs
> [    0.091779] calling  iommu_dev_init+0x0/0x20 @ 1
> [    0.091779] initcall iommu_dev_init+0x0/0x20 returned 0 after 0 usecs
> [    0.091779] calling  mipi_dsi_bus_init+0x0/0x20 @ 1
> [    0.091779] initcall mipi_dsi_bus_init+0x0/0x20 returned 0 after 0 usecs
> [    0.091779] calling  devlink_class_init+0x0/0x60 @ 1
> [    0.091779] initcall devlink_class_init+0x0/0x60 returned 0 after 0 usecs
> [    0.091779] calling  software_node_init+0x0/0x40 @ 1
> [    0.091779] initcall software_node_init+0x0/0x40 returned 0 after 0 usecs
> [    0.091779] calling  wakeup_sources_debugfs_init+0x0/0x30 @ 1
> [    0.091779] initcall wakeup_sources_debugfs_init+0x0/0x30 returned 0 after 0 usecs
> [    0.091779] calling  wakeup_sources_sysfs_init+0x0/0x30 @ 1
> [    0.091779] initcall wakeup_sources_sysfs_init+0x0/0x30 returned 0 after 0 usecs
> [    0.091779] calling  regmap_initcall+0x0/0x20 @ 1
> [    0.091779] initcall regmap_initcall+0x0/0x20 returned 0 after 0 usecs
> [    0.091779] calling  syscon_init+0x0/0x20 @ 1
> [    0.091779] initcall syscon_init+0x0/0x20 returned 0 after 0 usecs
> [    0.091779] calling  spi_init+0x0/0xa0 @ 1
> [    0.091779] initcall spi_init+0x0/0xa0 returned 0 after 0 usecs
> [    0.091779] calling  i2c_init+0x0/0xf0 @ 1
> [    0.091779] initcall i2c_init+0x0/0xf0 returned 0 after 0 usecs
> [    0.091779] calling  thermal_init+0x0/0x170 @ 1
> [    0.091779] thermal_sys: Registered thermal governor 'fair_share'
> [    0.091779] thermal_sys: Registered thermal governor 'bang_bang'
> [    0.091779] thermal_sys: Registered thermal governor 'step_wise'
> [    0.091779] thermal_sys: Registered thermal governor 'user_space'
> [    0.091779] thermal_sys: Registered thermal governor 'power_allocator'
> [    0.091779] initcall thermal_init+0x0/0x170 returned 0 after 0 usecs
> [    0.091779] calling  init_ladder+0x0/0x30 @ 1
> [    0.091779] cpuidle: using governor ladder
> [    0.091779] initcall init_ladder+0x0/0x30 returned 0 after 0 usecs
> [    0.091779] calling  init_menu+0x0/0x20 @ 1
> [    0.091779] cpuidle: using governor menu
> [    0.091779] initcall init_menu+0x0/0x20 returned 0 after 0 usecs
> [    0.091779] calling  init_haltpoll+0x0/0x30 @ 1
> [    0.091779] initcall init_haltpoll+0x0/0x30 returned 0 after 0 usecs
> [    0.091779] calling  pcc_init+0x0/0xb0 @ 1
> [    0.091779] initcall pcc_init+0x0/0xb0 returned -19 after 0 usecs
> [    0.091779] calling  amd_postcore_init+0x0/0x130 @ 1
> [    0.091779] initcall amd_postcore_init+0x0/0x130 returned 0 after 0 usecs
> [    0.091779] calling  kobject_uevent_init+0x0/0x10 @ 1
> [    0.091779] initcall kobject_uevent_init+0x0/0x10 returned 0 after 0 usecs
> [    0.091779] calling  bts_init+0x0/0xd0 @ 1
> [    0.091779] initcall bts_init+0x0/0xd0 returned -19 after 0 usecs
> [    0.091779] calling  pt_init+0x0/0x3b0 @ 1
> [    0.091779] initcall pt_init+0x0/0x3b0 returned 0 after 0 usecs
> [    0.091779] calling  boot_params_ksysfs_init+0x0/0x300 @ 1
> [    0.091779] initcall boot_params_ksysfs_init+0x0/0x300 returned 0 after 0 usecs
> [    0.091779] calling  sbf_init+0x0/0x110 @ 1
> [    0.091779] Simple Boot Flag at 0x47 set to 0x80
> [    0.091779] initcall sbf_init+0x0/0x110 returned 0 after 0 usecs
> [    0.091779] calling  arch_kdebugfs_init+0x0/0x30 @ 1
> [    0.091779] initcall arch_kdebugfs_init+0x0/0x30 returned 0 after 0 usecs
> [    0.091779] calling  xfd_update_static_branch+0x0/0x30 @ 1
> [    0.091779] initcall xfd_update_static_branch+0x0/0x30 returned 0 after 0 usecs
> [    0.091779] calling  intel_pconfig_init+0x0/0x110 @ 1
> [    0.091779] initcall intel_pconfig_init+0x0/0x110 returned 0 after 0 usecs
> [    0.091779] calling  mtrr_if_init+0x0/0x70 @ 1
> [    0.091779] initcall mtrr_if_init+0x0/0x70 returned 0 after 0 usecs
> [    0.091779] calling  activate_jump_labels+0x0/0x50 @ 1
> [    0.091779] initcall activate_jump_labels+0x0/0x50 returned 0 after 0 usecs
> [    0.091779] calling  init_s4_sigcheck+0x0/0x40 @ 1
> [    0.091779] initcall init_s4_sigcheck+0x0/0x40 returned 0 after 0 usecs
> [    0.091779] calling  ffh_cstate_init+0x0/0x40 @ 1
> [    0.091779] initcall ffh_cstate_init+0x0/0x40 returned 0 after 0 usecs
> [    0.091779] calling  kvm_alloc_cpumask+0x0/0xd0 @ 1
> [    0.091779] initcall kvm_alloc_cpumask+0x0/0xd0 returned 0 after 0 usecs
> [    0.091779] calling  activate_jump_labels+0x0/0x50 @ 1
> [    0.091779] initcall activate_jump_labels+0x0/0x50 returned 0 after 0 usecs
> [    0.091779] calling  report_cpuid_table+0x0/0xa0 @ 1
> [    0.091779] initcall report_cpuid_table+0x0/0xa0 returned 0 after 0 usecs
> [    0.091779] calling  gigantic_pages_init+0x0/0x30 @ 1
> [    0.091779] initcall gigantic_pages_init+0x0/0x30 returned 0 after 0 usecs
> [    0.091779] calling  kcmp_cookies_init+0x0/0x50 @ 1
> [    0.091779] initcall kcmp_cookies_init+0x0/0x50 returned 0 after 0 usecs
> [    0.091779] calling  cryptomgr_init+0x0/0x20 @ 1
> [    0.091779] initcall cryptomgr_init+0x0/0x20 returned 0 after 0 usecs
> [    0.091779] calling  acpi_pci_init+0x0/0x60 @ 1
> [    0.091779] ACPI FADT declares the system doesn't support PCIe ASPM, so disable it
> [    0.091779] acpiphp: ACPI Hot Plug PCI Controller Driver version: 0.5
> [    0.091779] initcall acpi_pci_init+0x0/0x60 returned 0 after 0 usecs
> [    0.091779] calling  dma_channel_table_init+0x0/0x120 @ 1
> [    0.091779] initcall dma_channel_table_init+0x0/0x120 returned 0 after 0 usecs
> [    0.091779] calling  dma_bus_init+0x0/0xf0 @ 1
> [    0.091779] initcall dma_bus_init+0x0/0xf0 returned 0 after 0 usecs
> [    0.091779] calling  register_xen_pci_notifier+0x0/0x40 @ 1
> [    0.091779] initcall register_xen_pci_notifier+0x0/0x40 returned 0 after 0 usecs
> [    0.091779] calling  xen_pcpu_init+0x0/0xd0 @ 1
> [    0.091779] initcall xen_pcpu_init+0x0/0xd0 returned -19 after 0 usecs
> [    0.091779] calling  serial_base_init+0x0/0x80 @ 1
> [    0.091779] initcall serial_base_init+0x0/0x80 returned 0 after 0 usecs
> [    0.091779] calling  iommu_dma_init+0x0/0x30 @ 1
> [    0.091779] initcall iommu_dma_init+0x0/0x30 returned 0 after 0 usecs
> [    0.091779] calling  dmi_id_init+0x0/0x3e0 @ 1
> [    0.091779] initcall dmi_id_init+0x0/0x3e0 returned 0 after 0 usecs
> [    0.091779] calling  pci_arch_init+0x0/0x90 @ 1
> [    0.091779] PCI: ECAM [mem 0xe0000000-0xefffffff] (base 0xe0000000) for domain 0000 [bus 00-ff]
> [    0.091779] PCI: not using ECAM ([mem 0xe0000000-0xefffffff] not reserved)
> [    0.091779] PCI: Using configuration type 1 for base access
> [    0.091779] initcall pci_arch_init+0x0/0x90 returned 0 after 0 usecs
> [    0.092416] calling  init_vdso_image_64+0x0/0x20 @ 1
> [    0.092429] initcall init_vdso_image_64+0x0/0x20 returned 0 after 0 usecs
> [    0.092431] calling  init_vdso_image_x32+0x0/0x20 @ 1
> [    0.092438] initcall init_vdso_image_x32+0x0/0x20 returned 0 after 0 usecs
> [    0.092440] calling  init_vdso_image_32+0x0/0x20 @ 1
> [    0.092449] initcall init_vdso_image_32+0x0/0x20 returned 0 after 0 usecs
> [    0.092451] calling  fixup_ht_bug+0x0/0x120 @ 1
> [    0.092453] initcall fixup_ht_bug+0x0/0x120 returned 0 after 0 usecs
> [    0.092455] calling  mtrr_init_finalize+0x0/0x40 @ 1
> [    0.092458] initcall mtrr_init_finalize+0x0/0x40 returned 0 after 0 usecs
> [    0.092460] calling  blake2s_mod_init+0x0/0x80 @ 1
> [    0.092474] initcall blake2s_mod_init+0x0/0x80 returned 0 after 0 usecs
> [    0.092477] calling  uid_cache_init+0x0/0xc0 @ 1
> [    0.092483] initcall uid_cache_init+0x0/0xc0 returned 0 after 0 usecs
> [    0.092484] calling  param_sysfs_init+0x0/0x60 @ 1
> [    0.092487] initcall param_sysfs_init+0x0/0x60 returned 0 after 0 usecs
> [    0.092489] calling  user_namespace_sysctl_init+0x0/0xd0 @ 1
> [    0.092499] initcall user_namespace_sysctl_init+0x0/0xd0 returned 0 after 0 usecs
> [    0.092501] calling  proc_schedstat_init+0x0/0x30 @ 1
> [    0.092505] initcall proc_schedstat_init+0x0/0x30 returned 0 after 0 usecs
> [    0.092507] calling  pm_sysrq_init+0x0/0x30 @ 1
> [    0.092514] initcall pm_sysrq_init+0x0/0x30 returned 0 after 0 usecs
> [    0.092517] calling  create_proc_profile+0x0/0xe0 @ 1
> [    0.092519] initcall create_proc_profile+0x0/0xe0 returned 0 after 0 usecs
> [    0.092522] calling  crash_save_vmcoreinfo_init+0x0/0x710 @ 1
> [    0.092551] initcall crash_save_vmcoreinfo_init+0x0/0x710 returned 0 after 0 usecs
> [    0.092553] calling  crash_notes_memory_init+0x0/0x50 @ 1
> [    0.092556] initcall crash_notes_memory_init+0x0/0x50 returned 0 after 0 usecs
> [    0.092559] calling  crash_hotplug_init+0x0/0x40 @ 1
> [    0.092561] initcall crash_hotplug_init+0x0/0x40 returned 66 after 0 usecs
> [    0.092564] calling  cgroup_sysfs_init+0x0/0x20 @ 1
> [    0.092567] initcall cgroup_sysfs_init+0x0/0x20 returned 0 after 0 usecs
> [    0.092570] calling  user_namespaces_init+0x0/0x40 @ 1
> [    0.092575] initcall user_namespaces_init+0x0/0x40 returned 0 after 0 usecs
> [    0.092577] calling  init_optprobes+0x0/0x40 @ 1
> [    0.092582] kprobes: kprobe jump-optimization is enabled. All kprobes are optimized if possible.
> [    0.092585] initcall init_optprobes+0x0/0x40 returned 0 after 0 usecs
> [    0.092587] calling  hung_task_init+0x0/0x90 @ 1
> [    0.092593] initcall hung_task_init+0x0/0x90 returned 0 after 0 usecs
> [    0.092593] calling  ftrace_check_for_weak_functions+0x0/0x70 @ 1
> [    0.092593] initcall ftrace_check_for_weak_functions+0x0/0x70 returned 0 after 0 usecs
> [    0.092593] calling  trace_eval_init+0x0/0xb0 @ 1
> [    0.092593] initcall trace_eval_init+0x0/0xb0 returned 0 after 0 usecs
> [    0.092593] calling  send_signal_irq_work_init+0x0/0x70 @ 1
> [    0.092593] initcall send_signal_irq_work_init+0x0/0x70 returned 0 after 0 usecs
> [    0.092593] calling  dev_map_init+0x0/0x60 @ 1
> [    0.092593] initcall dev_map_init+0x0/0x60 returned 0 after 0 usecs
> [    0.092593] calling  cpu_map_init+0x0/0x60 @ 1
> [    0.092593] initcall cpu_map_init+0x0/0x60 returned 0 after 0 usecs
> [    0.092593] calling  netns_bpf_init+0x0/0x20 @ 1
> [    0.092593] initcall netns_bpf_init+0x0/0x20 returned 0 after 0 usecs
> [    0.092593] calling  oom_init+0x0/0x60 @ 1
> [    0.092593] initcall oom_init+0x0/0x60 returned 0 after 0 usecs
> [    0.092593] calling  default_bdi_init+0x0/0x40 @ 1
> [    0.092593] initcall default_bdi_init+0x0/0x40 returned 0 after 0 usecs
> [    0.092593] calling  cgwb_init+0x0/0x40 @ 1
> [    0.092593] initcall cgwb_init+0x0/0x40 returned 0 after 0 usecs
> [    0.092593] calling  percpu_enable_async+0x0/0x20 @ 1
> [    0.092593] initcall percpu_enable_async+0x0/0x20 returned 0 after 0 usecs
> [    0.092593] calling  kcompactd_init+0x0/0xb0 @ 1
> [    0.092593] initcall kcompactd_init+0x0/0xb0 returned 0 after 0 usecs
> [    0.092593] calling  init_user_reserve+0x0/0x40 @ 1
> [    0.092593] initcall init_user_reserve+0x0/0x40 returned 0 after 0 usecs
> [    0.092593] calling  init_admin_reserve+0x0/0x40 @ 1
> [    0.092593] initcall init_admin_reserve+0x0/0x40 returned 0 after 0 usecs
> [    0.092593] calling  init_reserve_notifier+0x0/0x30 @ 1
> [    0.092593] initcall init_reserve_notifier+0x0/0x30 returned 0 after 0 usecs
> [    0.092593] calling  swap_init_sysfs+0x0/0x80 @ 1
> [    0.092593] initcall swap_init_sysfs+0x0/0x80 returned 0 after 0 usecs
> [    0.092593] calling  swapfile_init+0x0/0xd0 @ 1
> [    0.092593] initcall swapfile_init+0x0/0xd0 returned 0 after 0 usecs
> [    0.092593] calling  hugetlb_init+0x0/0x760 @ 1
> [    0.092593] HugeTLB: registered 1.00 GiB page size, pre-allocated 0 pages
> [    0.092593] HugeTLB: 16380 KiB vmemmap can be freed for a 1.00 GiB page
> [    0.092593] HugeTLB: registered 2.00 MiB page size, pre-allocated 0 pages
> [    0.092593] HugeTLB: 28 KiB vmemmap can be freed for a 2.00 MiB page
> [    0.092593] initcall hugetlb_init+0x0/0x760 returned 0 after 0 usecs
> [    0.092593] calling  ksm_init+0x0/0x1c0 @ 1
> [    0.092593] initcall ksm_init+0x0/0x1c0 returned 0 after 0 usecs
> [    0.092593] calling  memory_tier_init+0x0/0x160 @ 1
> [    0.092690] initcall memory_tier_init+0x0/0x160 returned 0 after 0 usecs
> [    0.092690] calling  numa_init_sysfs+0x0/0x80 @ 1
> [    0.092690] initcall numa_init_sysfs+0x0/0x80 returned 0 after 0 usecs
> [    0.092690] calling  hugepage_init+0x0/0x310 @ 1
> [    0.092690] initcall hugepage_init+0x0/0x310 returned 0 after 0 usecs
> [    0.092690] calling  mem_cgroup_init+0x0/0x120 @ 1
> [    0.092690] initcall mem_cgroup_init+0x0/0x120 returned 0 after 0 usecs
> [    0.092690] calling  mem_cgroup_swap_init+0x0/0x70 @ 1
> [    0.092690] initcall mem_cgroup_swap_init+0x0/0x70 returned 0 after 0 usecs
> [    0.092690] calling  fips_init+0x0/0x30 @ 1
> [    0.092690] initcall fips_init+0x0/0x30 returned 0 after 0 usecs
> [    0.092690] calling  dh_init+0x0/0x50 @ 1
> [    0.092690] initcall dh_init+0x0/0x50 returned 0 after 0 usecs
> [    0.092690] calling  rsa_init+0x0/0x50 @ 1
> [    0.092690] initcall rsa_init+0x0/0x50 returned 0 after 0 usecs
> [    0.092690] calling  hmac_module_init+0x0/0x20 @ 1
> [    0.092690] initcall hmac_module_init+0x0/0x20 returned 0 after 0 usecs
> [    0.092690] calling  md5_mod_init+0x0/0x20 @ 1
> [    0.092690] initcall md5_mod_init+0x0/0x20 returned 0 after 0 usecs
> [    0.092690] calling  sha1_generic_mod_init+0x0/0x20 @ 1
> [    0.092690] initcall sha1_generic_mod_init+0x0/0x20 returned 0 after 0 usecs
> [    0.092690] calling  sha256_generic_mod_init+0x0/0x20 @ 1
> [    0.092690] initcall sha256_generic_mod_init+0x0/0x20 returned 0 after 0 usecs
> [    0.092690] calling  crypto_ecb_module_init+0x0/0x20 @ 1
> [    0.092690] initcall crypto_ecb_module_init+0x0/0x20 returned 0 after 0 usecs
> [    0.092690] calling  crypto_cbc_module_init+0x0/0x20 @ 1
> [    0.092690] initcall crypto_cbc_module_init+0x0/0x20 returned 0 after 0 usecs
> [    0.092690] calling  aes_init+0x0/0x20 @ 1
> [    0.092690] initcall aes_init+0x0/0x20 returned 0 after 0 usecs
> [    0.092690] calling  lzo_mod_init+0x0/0x50 @ 1
> [    0.092690] initcall lzo_mod_init+0x0/0x50 returned 0 after 0 usecs
> [    0.092690] calling  lzorle_mod_init+0x0/0x50 @ 1
> [    0.092690] initcall lzorle_mod_init+0x0/0x50 returned 0 after 0 usecs
> [    0.092690] calling  init_bio+0x0/0xc0 @ 1
> [    0.092690] initcall init_bio+0x0/0xc0 returned 0 after 0 usecs
> [    0.092690] calling  blk_ioc_init+0x0/0x40 @ 1
> [    0.092690] initcall blk_ioc_init+0x0/0x40 returned 0 after 0 usecs
> [    0.092690] calling  blk_mq_init+0x0/0x120 @ 1
> [    0.092690] initcall blk_mq_init+0x0/0x120 returned 0 after 0 usecs
> [    0.092690] calling  genhd_device_init+0x0/0x60 @ 1
> [    0.092690] initcall genhd_device_init+0x0/0x60 returned 0 after 0 usecs
> [    0.092690] calling  io_wq_init+0x0/0x50 @ 1
> [    0.092690] initcall io_wq_init+0x0/0x50 returned 0 after 0 usecs
> [    0.092690] calling  irq_poll_setup+0x0/0x80 @ 1
> [    0.092690] initcall irq_poll_setup+0x0/0x80 returned 0 after 0 usecs
> [    0.092690] calling  byt_gpio_init+0x0/0x20 @ 1
> [    0.092690] initcall byt_gpio_init+0x0/0x20 returned 0 after 0 usecs
> [    0.092690] calling  chv_pinctrl_init+0x0/0x20 @ 1
> [    0.092690] initcall chv_pinctrl_init+0x0/0x20 returned 0 after 0 usecs
> [    0.092690] calling  bxt_pinctrl_init+0x0/0x20 @ 1
> [    0.092690] initcall bxt_pinctrl_init+0x0/0x20 returned 0 after 0 usecs
> [    0.092690] calling  cdf_pinctrl_init+0x0/0x20 @ 1
> [    0.092690] initcall cdf_pinctrl_init+0x0/0x20 returned 0 after 0 usecs
> [    0.092690] calling  dnv_pinctrl_init+0x0/0x20 @ 1
> [    0.092690] initcall dnv_pinctrl_init+0x0/0x20 returned 0 after 0 usecs
> [    0.092690] calling  glk_pinctrl_init+0x0/0x20 @ 1
> [    0.092690] initcall glk_pinctrl_init+0x0/0x20 returned 0 after 0 usecs
> [    0.092690] calling  spt_pinctrl_init+0x0/0x20 @ 1
> [    0.092690] initcall spt_pinctrl_init+0x0/0x20 returned 0 after 0 usecs
> [    0.092690] calling  gpiolib_debugfs_init+0x0/0x30 @ 1
> [    0.092690] initcall gpiolib_debugfs_init+0x0/0x30 returned 0 after 0 usecs
> [    0.092690] calling  pwm_debugfs_init+0x0/0x30 @ 1
> [    0.092690] initcall pwm_debugfs_init+0x0/0x30 returned 0 after 0 usecs
> [    0.092690] calling  pwm_sysfs_init+0x0/0x20 @ 1
> [    0.092690] initcall pwm_sysfs_init+0x0/0x20 returned 0 after 0 usecs
> [    0.092690] calling  pci_slot_init+0x0/0x50 @ 1
> [    0.092690] initcall pci_slot_init+0x0/0x50 returned 0 after 0 usecs
> [    0.092690] calling  fbmem_init+0x0/0x80 @ 1
> [    0.092690] initcall fbmem_init+0x0/0x80 returned 0 after 0 usecs
> [    0.092690] calling  acpi_init+0x0/0x590 @ 1
> [    0.092690] ACPI: Added _OSI(Module Device)
> [    0.092690] ACPI: Added _OSI(Processor Device)
> [    0.092690] ACPI: Added _OSI(3.0 _SCP Extensions)
> [    0.092690] ACPI: Added _OSI(Processor Aggregator Device)
> [    0.133040] ACPI: 11 ACPI AML tables successfully acquired and loaded
> [    0.137671] ACPI: [Firmware Bug]: BIOS _OSI(Linux) query ignored
> [    0.145263] ACPI: Dynamic OEM Table Load:
> [    0.145270] ACPI: SSDT 0xFFFF9DC0810D6000 0003FF (v02 PmRef  Cpu0Cst  00003001 INTL 20160422)
> [    0.146623] ACPI: Dynamic OEM Table Load:
> [    0.146628] ACPI: SSDT 0xFFFF9DC080D91800 0006F6 (v02 PmRef  Cpu0Ist  00003000 INTL 20160422)
> [    0.149244] ACPI: Dynamic OEM Table Load:
> [    0.149249] ACPI: SSDT 0xFFFF9DC081616000 00065C (v02 PmRef  ApIst    00003000 INTL 20160422)
> [    0.150894] ACPI: Dynamic OEM Table Load:
> [    0.150899] ACPI: SSDT 0xFFFF9DC081114800 00018A (v02 PmRef  ApCst    00003000 INTL 20160422)
> [    0.155043] ACPI: _OSC evaluated successfully for all CPUs
> [    0.155225] ACPI: EC: EC started
> [    0.155226] ACPI: EC: interrupt blocked
> [    0.160542] ACPI: EC: EC_CMD/EC_SC=0x934, EC_DATA=0x930
> [    0.160545] ACPI: \_SB_.PCI0.LPCB.ECDV: Boot DSDT EC used to handle transactions
> [    0.160546] ACPI: Interpreter enabled
> [    0.160582] ACPI: PM: (supports S0 S3 S4 S5)
> [    0.160583] ACPI: Using IOAPIC for interrupt routing
> [    0.160625] PCI: ECAM [mem 0xe0000000-0xefffffff] (base 0xe0000000) for domain 0000 [bus 00-ff]
> [    0.161543] PCI: ECAM [mem 0xe0000000-0xefffffff] reserved as ACPI motherboard resource
> [    0.161553] PCI: Using host bridge windows from ACPI; if necessary, use "pci=nocrs" and report a bug
> [    0.161554] PCI: Using E820 reservations for host bridge windows
> [    0.162197] ACPI: Enabled 8 GPEs in block 00 to 7F
> [    0.167314] ACPI: \_SB_.PCI0.RP09.PXSX.WRST: New power resource
> [    0.167636] ACPI: \_SB_.PCI0.RP10.PXSX.WRST: New power resource
> [    0.167956] ACPI: \_SB_.PCI0.RP11.PXSX.WRST: New power resource
> [    0.168275] ACPI: \_SB_.PCI0.RP12.PXSX.WRST: New power resource
> [    0.168603] ACPI: \_SB_.PCI0.RP13.PXSX.WRST: New power resource
> [    0.168922] ACPI: \_SB_.PCI0.RP01.PXSX.WRST: New power resource
> [    0.169743] ACPI: \_SB_.PCI0.RP02.PXSX.WRST: New power resource
> [    0.170066] ACPI: \_SB_.PCI0.RP03.PXSX.WRST: New power resource
> [    0.170388] ACPI: \_SB_.PCI0.RP04.PXSX.WRST: New power resource
> [    0.170707] ACPI: \_SB_.PCI0.RP05.PXSX.WRST: New power resource
> [    0.171028] ACPI: \_SB_.PCI0.RP06.PXSX.WRST: New power resource
> [    0.171347] ACPI: \_SB_.PCI0.RP07.PXSX.WRST: New power resource
> [    0.171670] ACPI: \_SB_.PCI0.RP08.PXSX.WRST: New power resource
> [    0.171993] ACPI: \_SB_.PCI0.RP17.PXSX.WRST: New power resource
> [    0.172310] ACPI: \_SB_.PCI0.RP18.PXSX.WRST: New power resource
> [    0.172646] ACPI: \_SB_.PCI0.RP19.PXSX.WRST: New power resource
> [    0.172965] ACPI: \_SB_.PCI0.RP20.PXSX.WRST: New power resource
> [    0.174307] ACPI: \_SB_.PCI0.RP14.PXSX.WRST: New power resource
> [    0.174631] ACPI: \_SB_.PCI0.RP15.PXSX.WRST: New power resource
> [    0.174948] ACPI: \_SB_.PCI0.RP16.PXSX.WRST: New power resource
> [    0.198330] ACPI: PCI Root Bridge [PCI0] (domain 0000 [bus 00-fe])
> [    0.198337] acpi PNP0A08:00: _OSC: OS supports [ExtendedConfig ASPM ClockPM Segments MSI HPX-Type3]
> [    0.198538] acpi PNP0A08:00: _OSC: platform does not support [PCIeHotplug SHPCHotplug PME]
> [    0.198911] acpi PNP0A08:00: _OSC: OS now controls [PCIeCapability LTR]
> [    0.198912] acpi PNP0A08:00: FADT indicates ASPM is unsupported, using BIOS configuration
> [    0.199871] PCI host bridge to bus 0000:00
> [    0.199872] pci_bus 0000:00: root bus resource [io  0x0000-0x0cf7 window]
> [    0.199875] pci_bus 0000:00: root bus resource [io  0x0d00-0xffff window]
> [    0.199877] pci_bus 0000:00: root bus resource [mem 0x000a0000-0x000dffff window]
> [    0.199878] pci_bus 0000:00: root bus resource [mem 0x7c800000-0xdfffffff window]
> [    0.199879] pci_bus 0000:00: root bus resource [mem 0xfd000000-0xfe7fffff window]
> [    0.199881] pci_bus 0000:00: root bus resource [bus 00-fe]
> [    0.199897] pci 0000:00:00.0: calling  quirk_mmio_always_on+0x0/0x20 @ 1
> [    0.199902] pci 0000:00:00.0: quirk_mmio_always_on+0x0/0x20 took 0 usecs
> [    0.199905] pci 0000:00:00.0: [8086:5904] type 00 class 0x060000 conventional PCI endpoint
> [    0.199925] pci 0000:00:00.0: calling  quirk_igfx_skip_te_disable+0x0/0xb0 @ 1
> [    0.199928] pci 0000:00:00.0: quirk_igfx_skip_te_disable+0x0/0xb0 took 0 usecs
> [    0.199984] pci 0000:00:02.0: [8086:5916] type 00 class 0x030000 PCIe Root Complex Integrated Endpoint
> [    0.199991] pci 0000:00:02.0: BAR 0 [mem 0xdb000000-0xdbffffff 64bit]
> [    0.199996] pci 0000:00:02.0: BAR 2 [mem 0x90000000-0x9fffffff 64bit pref]
> [    0.199999] pci 0000:00:02.0: BAR 4 [io  0xf000-0xf03f]
> [    0.200012] pci 0000:00:02.0: calling  efifb_fixup_resources+0x0/0x140 @ 1
> [    0.200015] pci 0000:00:02.0: BAR 2: assigned to efifb
> [    0.200016] pci 0000:00:02.0: efifb_fixup_resources+0x0/0x140 took 0 usecs
> [    0.200018] pci 0000:00:02.0: calling  quirk_igfx_skip_te_disable+0x0/0xb0 @ 1
> [    0.200020] pci 0000:00:02.0: quirk_igfx_skip_te_disable+0x0/0xb0 took 0 usecs
> [    0.200023] pci 0000:00:02.0: calling  pci_fixup_video+0x0/0x120 @ 1
> [    0.200027] pci 0000:00:02.0: Video device with shadowed ROM at [mem 0x000c0000-0x000dffff]
> [    0.200028] pci 0000:00:02.0: pci_fixup_video+0x0/0x120 took 0 usecs
> [    0.200188] pci 0000:00:04.0: [8086:1903] type 00 class 0x118000 conventional PCI endpoint
> [    0.200196] pci 0000:00:04.0: BAR 0 [mem 0xdc320000-0xdc327fff 64bit]
> [    0.200211] pci 0000:00:04.0: calling  quirk_igfx_skip_te_disable+0x0/0xb0 @ 1
> [    0.200214] pci 0000:00:04.0: quirk_igfx_skip_te_disable+0x0/0xb0 took 0 usecs
> [    0.200478] pci 0000:00:14.0: [8086:9d2f] type 00 class 0x0c0330 conventional PCI endpoint
> [    0.200494] pci 0000:00:14.0: BAR 0 [mem 0xdc310000-0xdc31ffff 64bit]
> [    0.200531] pci 0000:00:14.0: calling  quirk_igfx_skip_te_disable+0x0/0xb0 @ 1
> [    0.200534] pci 0000:00:14.0: quirk_igfx_skip_te_disable+0x0/0xb0 took 0 usecs
> [    0.200559] pci 0000:00:14.0: PME# supported from D3hot D3cold
> [    0.201108] pci 0000:00:14.2: [8086:9d31] type 00 class 0x118000 conventional PCI endpoint
> [    0.201123] pci 0000:00:14.2: BAR 0 [mem 0xdc334000-0xdc334fff 64bit]
> [    0.201156] pci 0000:00:14.2: calling  quirk_igfx_skip_te_disable+0x0/0xb0 @ 1
> [    0.201158] pci 0000:00:14.2: quirk_igfx_skip_te_disable+0x0/0xb0 took 0 usecs
> [    0.201268] pci 0000:00:15.0: [8086:9d60] type 00 class 0x118000 conventional PCI endpoint
> [    0.201299] pci 0000:00:15.0: BAR 0 [mem 0xdc333000-0xdc333fff 64bit]
> [    0.201347] pci 0000:00:15.0: calling  quirk_igfx_skip_te_disable+0x0/0xb0 @ 1
> [    0.201350] pci 0000:00:15.0: quirk_igfx_skip_te_disable+0x0/0xb0 took 0 usecs
> [    0.201670] pci 0000:00:15.1: [8086:9d61] type 00 class 0x118000 conventional PCI endpoint
> [    0.201699] pci 0000:00:15.1: BAR 0 [mem 0xdc332000-0xdc332fff 64bit]
> [    0.201748] pci 0000:00:15.1: calling  quirk_igfx_skip_te_disable+0x0/0xb0 @ 1
> [    0.201750] pci 0000:00:15.1: quirk_igfx_skip_te_disable+0x0/0xb0 took 0 usecs
> [    0.202034] pci 0000:00:16.0: [8086:9d3a] type 00 class 0x078000 conventional PCI endpoint
> [    0.202047] pci 0000:00:16.0: BAR 0 [mem 0xdc331000-0xdc331fff 64bit]
> [    0.202072] pci 0000:00:16.0: calling  quirk_igfx_skip_te_disable+0x0/0xb0 @ 1
> [    0.202075] pci 0000:00:16.0: quirk_igfx_skip_te_disable+0x0/0xb0 took 0 usecs
> [    0.202096] pci 0000:00:16.0: PME# supported from D3hot
> [    0.202429] pci 0000:00:1c.0: calling  quirk_cmd_compl+0x0/0x80 @ 1
> [    0.202434] pci 0000:00:1c.0: quirk_cmd_compl+0x0/0x80 took 0 usecs
> [    0.202436] pci 0000:00:1c.0: calling  quirk_no_aersid+0x0/0x10 @ 1
> [    0.202438] pci 0000:00:1c.0: quirk_no_aersid+0x0/0x10 took 0 usecs
> [    0.202440] pci 0000:00:1c.0: [8086:9d10] type 01 class 0x060400 PCIe Root Port
> [    0.202458] pci 0000:00:1c.0: PCI bridge to [bus 01-39]
> [    0.202463] pci 0000:00:1c.0:   bridge window [mem 0xc4000000-0xda0fffff]
> [    0.202470] pci 0000:00:1c.0:   bridge window [mem 0xa0000000-0xc1ffffff 64bit pref]
> [    0.202486] pci 0000:00:1c.0: calling  quirk_igfx_skip_te_disable+0x0/0xb0 @ 1
> [    0.202488] pci 0000:00:1c.0: quirk_igfx_skip_te_disable+0x0/0xb0 took 0 usecs
> [    0.202490] pci 0000:00:1c.0: calling  pci_fixup_transparent_bridge+0x0/0x30 @ 1
> [    0.202493] pci 0000:00:1c.0: pci_fixup_transparent_bridge+0x0/0x30 took 0 usecs
> [    0.202520] pci 0000:00:1c.0: PME# supported from D0 D3hot D3cold
> [    0.203018] pci 0000:00:1c.4: calling  quirk_cmd_compl+0x0/0x80 @ 1
> [    0.203022] pci 0000:00:1c.4: quirk_cmd_compl+0x0/0x80 took 0 usecs
> [    0.203025] pci 0000:00:1c.4: calling  quirk_no_aersid+0x0/0x10 @ 1
> [    0.203027] pci 0000:00:1c.4: quirk_no_aersid+0x0/0x10 took 0 usecs
> [    0.203029] pci 0000:00:1c.4: [8086:9d14] type 01 class 0x060400 PCIe Root Port
> [    0.203049] pci 0000:00:1c.4: PCI bridge to [bus 3a]
> [    0.203053] pci 0000:00:1c.4:   bridge window [mem 0xdc000000-0xdc1fffff]
> [    0.203079] pci 0000:00:1c.4: calling  quirk_igfx_skip_te_disable+0x0/0xb0 @ 1
> [    0.203081] pci 0000:00:1c.4: quirk_igfx_skip_te_disable+0x0/0xb0 took 0 usecs
> [    0.203084] pci 0000:00:1c.4: calling  pci_fixup_transparent_bridge+0x0/0x30 @ 1
> [    0.203086] pci 0000:00:1c.4: pci_fixup_transparent_bridge+0x0/0x30 took 0 usecs
> [    0.203118] pci 0000:00:1c.4: PME# supported from D0 D3hot D3cold
> [    0.203624] pci 0000:00:1d.0: calling  quirk_cmd_compl+0x0/0x80 @ 1
> [    0.203628] pci 0000:00:1d.0: quirk_cmd_compl+0x0/0x80 took 0 usecs
> [    0.203630] pci 0000:00:1d.0: calling  quirk_no_aersid+0x0/0x10 @ 1
> [    0.203632] pci 0000:00:1d.0: quirk_no_aersid+0x0/0x10 took 0 usecs
> [    0.203634] pci 0000:00:1d.0: [8086:9d18] type 01 class 0x060400 PCIe Root Port
> [    0.203652] pci 0000:00:1d.0: PCI bridge to [bus 3b]
> [    0.203656] pci 0000:00:1d.0:   bridge window [mem 0xdc200000-0xdc2fffff]
> [    0.203678] pci 0000:00:1d.0: calling  quirk_igfx_skip_te_disable+0x0/0xb0 @ 1
> [    0.203680] pci 0000:00:1d.0: quirk_igfx_skip_te_disable+0x0/0xb0 took 0 usecs
> [    0.203682] pci 0000:00:1d.0: calling  pci_fixup_transparent_bridge+0x0/0x30 @ 1
> [    0.203685] pci 0000:00:1d.0: pci_fixup_transparent_bridge+0x0/0x30 took 0 usecs
> [    0.203713] pci 0000:00:1d.0: PME# supported from D0 D3hot D3cold
> [    0.204233] pci 0000:00:1f.0: [8086:9d58] type 00 class 0x060100 conventional PCI endpoint
> [    0.204328] pci 0000:00:1f.0: calling  quirk_igfx_skip_te_disable+0x0/0xb0 @ 1
> [    0.204331] pci 0000:00:1f.0: quirk_igfx_skip_te_disable+0x0/0xb0 took 0 usecs
> [    0.204578] pci 0000:00:1f.2: [8086:9d21] type 00 class 0x058000 conventional PCI endpoint
> [    0.204590] pci 0000:00:1f.2: BAR 0 [mem 0xdc32c000-0xdc32ffff]
> [    0.204627] pci 0000:00:1f.2: calling  quirk_igfx_skip_te_disable+0x0/0xb0 @ 1
> [    0.204630] pci 0000:00:1f.2: quirk_igfx_skip_te_disable+0x0/0xb0 took 0 usecs
> [    0.204831] pci 0000:00:1f.3: [8086:9d71] type 00 class 0x040380 conventional PCI endpoint
> [    0.204851] pci 0000:00:1f.3: BAR 0 [mem 0xdc328000-0xdc32bfff 64bit]
> [    0.204874] pci 0000:00:1f.3: BAR 4 [mem 0xdc300000-0xdc30ffff 64bit]
> [    0.204887] pci 0000:00:1f.3: calling  quirk_igfx_skip_te_disable+0x0/0xb0 @ 1
> [    0.204890] pci 0000:00:1f.3: quirk_igfx_skip_te_disable+0x0/0xb0 took 0 usecs
> [    0.204922] pci 0000:00:1f.3: PME# supported from D3hot D3cold
> [    0.205534] pci 0000:00:1f.4: [8086:9d23] type 00 class 0x0c0500 conventional PCI endpoint
> [    0.205592] pci 0000:00:1f.4: BAR 0 [mem 0xdc330000-0xdc3300ff 64bit]
> [    0.205664] pci 0000:00:1f.4: BAR 4 [io  0xf040-0xf05f]
> [    0.205722] pci 0000:00:1f.4: calling  quirk_igfx_skip_te_disable+0x0/0xb0 @ 1
> [    0.205724] pci 0000:00:1f.4: quirk_igfx_skip_te_disable+0x0/0xb0 took 0 usecs
> [    0.205998] pci 0000:00:1c.0: PCI bridge to [bus 01-39]
> [    0.206332] pci 0000:3a:00.0: [168c:003e] type 00 class 0x028000 PCIe Endpoint
> [    0.206549] pci 0000:3a:00.0: BAR 0 [mem 0xdc000000-0xdc1fffff 64bit]
> [    0.207094] pci 0000:3a:00.0: calling  quirk_no_bus_reset+0x0/0x20 @ 1
> [    0.207097] pci 0000:3a:00.0: quirk_no_bus_reset+0x0/0x20 took 0 usecs
> [    0.207799] pci 0000:3a:00.0: PME# supported from D0 D3hot D3cold
> [    0.209401] pci 0000:00:1c.4: PCI bridge to [bus 3a]
> [    0.209488] pci 0000:3b:00.0: [1c5c:1284] type 00 class 0x010802 PCIe Endpoint
> [    0.209508] pci 0000:3b:00.0: BAR 0 [mem 0xdc200000-0xdc203fff 64bit]
> [    0.209614] pci 0000:3b:00.0: PME# supported from D0 D1 D3hot
> [    0.209990] pci 0000:00:1d.0: PCI bridge to [bus 3b]
> [    0.212951] probe of INT344B:00 returned 0 after 4000 usecs
> [    0.213114] ACPI: PCI: Interrupt link LNKA configured for IRQ 11
> [    0.213173] ACPI: PCI: Interrupt link LNKB configured for IRQ 10
> [    0.213230] ACPI: PCI: Interrupt link LNKC configured for IRQ 11
> [    0.213287] ACPI: PCI: Interrupt link LNKD configured for IRQ 11
> [    0.213348] ACPI: PCI: Interrupt link LNKE configured for IRQ 11
> [    0.213404] ACPI: PCI: Interrupt link LNKF configured for IRQ 11
> [    0.213460] ACPI: PCI: Interrupt link LNKG configured for IRQ 11
> [    0.213517] ACPI: PCI: Interrupt link LNKH configured for IRQ 11
> [    0.226436] ACPI: EC: interrupt unblocked
> [    0.226437] ACPI: EC: event unblocked
> [    0.226442] ACPI: EC: EC_CMD/EC_SC=0x934, EC_DATA=0x930
> [    0.226444] ACPI: EC: GPE=0x14
> [    0.226445] ACPI: \_SB_.PCI0.LPCB.ECDV: Boot DSDT EC initialization complete
> [    0.226447] ACPI: \_SB_.PCI0.LPCB.ECDV: EC: Used to handle transactions and events
> [    0.226451] probe of PNP0C09:00 returned 0 after 0 usecs
> [    0.226493] initcall acpi_init+0x0/0x590 returned 0 after 132000 usecs
> [    0.226501] calling  hmat_init+0x0/0x430 @ 1
> [    0.226503] initcall hmat_init+0x0/0x430 returned 0 after 0 usecs
> [    0.226505] calling  pnp_init+0x0/0x20 @ 1
> [    0.226511] initcall pnp_init+0x0/0x20 returned 0 after 0 usecs
> [    0.226513] calling  balloon_init+0x0/0x230 @ 1
> [    0.226516] initcall balloon_init+0x0/0x230 returned -19 after 0 usecs
> [    0.226518] calling  xen_setup_shutdown_event+0x0/0x40 @ 1
> [    0.226521] initcall xen_setup_shutdown_event+0x0/0x40 returned -19 after 0 usecs
> [    0.226523] calling  xenbus_probe_backend_init+0x0/0x90 @ 1
> [    0.226529] initcall xenbus_probe_backend_init+0x0/0x90 returned 0 after 0 usecs
> [    0.226531] calling  xenbus_probe_frontend_init+0x0/0x60 @ 1
> [    0.226537] initcall xenbus_probe_frontend_init+0x0/0x60 returned 0 after 0 usecs
> [    0.226540] calling  xen_acpi_pad_init+0x0/0x50 @ 1
> [    0.226542] initcall xen_acpi_pad_init+0x0/0x50 returned -19 after 0 usecs
> [    0.226544] calling  misc_init+0x0/0xb0 @ 1
> [    0.226549] initcall misc_init+0x0/0xb0 returned 0 after 0 usecs
> [    0.226551] calling  tpm_init+0x0/0xd0 @ 1
> [    0.226561] initcall tpm_init+0x0/0xd0 returned 0 after 0 usecs
> [    0.226561] calling  iommu_subsys_init+0x0/0x180 @ 1
> [    0.226561] iommu: Default domain type: Translated
> [    0.226561] iommu: DMA domain TLB invalidation policy: lazy mode
> [    0.226561] initcall iommu_subsys_init+0x0/0x180 returned 0 after 0 usecs
> [    0.226561] calling  cn_init+0x0/0x100 @ 1
> [    0.226561] initcall cn_init+0x0/0x100 returned 0 after 0 usecs
> [    0.226561] calling  dax_core_init+0x0/0xe0 @ 1
> [    0.226561] initcall dax_core_init+0x0/0xe0 returned 0 after 0 usecs
> [    0.226561] calling  dma_buf_init+0x0/0xe0 @ 1
> [    0.226561] initcall dma_buf_init+0x0/0xe0 returned 0 after 0 usecs
> [    0.226561] calling  cxl_core_init+0x0/0xb0 @ 1
> [    0.226561] initcall cxl_core_init+0x0/0xb0 returned 0 after 0 usecs
> [    0.226561] calling  serio_init+0x0/0x40 @ 1
> [    0.226561] initcall serio_init+0x0/0x40 returned 0 after 0 usecs
> [    0.226561] calling  input_init+0x0/0x140 @ 1
> [    0.226561] initcall input_init+0x0/0x140 returned 0 after 0 usecs
> [    0.226561] calling  rtc_init+0x0/0x50 @ 1
> [    0.226561] initcall rtc_init+0x0/0x50 returned 0 after 0 usecs
> [    0.226561] calling  dw_i2c_init_driver+0x0/0x20 @ 1
> [    0.226561] initcall dw_i2c_init_driver+0x0/0x20 returned 0 after 0 usecs
> [    0.226561] calling  pps_init+0x0/0xc0 @ 1
> [    0.226561] pps_core: LinuxPPS API ver. 1 registered
> [    0.226561] pps_core: Software ver. 5.3.6 - Copyright 2005-2007 Rodolfo Giometti <giometti@linux.it>
> [    0.226561] initcall pps_init+0x0/0xc0 returned 0 after 0 usecs
> [    0.226561] calling  ptp_init+0x0/0xb0 @ 1
> [    0.226561] PTP clock support registered
> [    0.226561] initcall ptp_init+0x0/0xb0 returned 0 after 0 usecs
> [    0.226561] calling  power_supply_class_init+0x0/0x40 @ 1
> [    0.226561] initcall power_supply_class_init+0x0/0x40 returned 0 after 0 usecs
> [    0.226561] calling  hwmon_init+0x0/0x110 @ 1
> [    0.226561] initcall hwmon_init+0x0/0x110 returned 0 after 0 usecs
> [    0.226561] calling  edac_init+0x0/0x80 @ 1
> [    0.226561] EDAC MC: Ver: 3.0.0
> [    0.226561] initcall edac_init+0x0/0x80 returned 0 after 0 usecs
> [    0.226561] calling  leds_init+0x0/0x20 @ 1
> [    0.226561] initcall leds_init+0x0/0x20 returned 0 after 0 usecs
> [    0.226561] calling  dmi_init+0x0/0x130 @ 1
> [    0.226561] initcall dmi_init+0x0/0x130 returned 0 after 0 usecs
> [    0.226561] calling  efisubsys_init+0x0/0x660 @ 1
> [    0.226561] efivars: Registered efivars operations
> [    0.226561] initcall efisubsys_init+0x0/0x660 returned 0 after 0 usecs
> [    0.226561] calling  intel_scu_ipc_init+0x0/0x20 @ 1
> [    0.226561] initcall intel_scu_ipc_init+0x0/0x20 returned 0 after 0 usecs
> [    0.226561] calling  devfreq_init+0x0/0xe0 @ 1
> [    0.226561] initcall devfreq_init+0x0/0xe0 returned 0 after 0 usecs
> [    0.226561] calling  ras_init+0x0/0x20 @ 1
> [    0.226561] initcall ras_init+0x0/0x20 returned 0 after 0 usecs
> [    0.226561] calling  nvmem_init+0x0/0x20 @ 1
> [    0.226561] initcall nvmem_init+0x0/0x20 returned 0 after 0 usecs
> [    0.226561] calling  proto_init+0x0/0x20 @ 1
> [    0.226561] initcall proto_init+0x0/0x20 returned 0 after 0 usecs
> [    0.226561] calling  net_dev_init+0x0/0x260 @ 1
> [    0.226561] initcall net_dev_init+0x0/0x260 returned 0 after 0 usecs
> [    0.226561] calling  neigh_init+0x0/0x90 @ 1
> [    0.226561] initcall neigh_init+0x0/0x90 returned 0 after 0 usecs
> [    0.226561] calling  fib_notifier_init+0x0/0x20 @ 1
> [    0.226561] initcall fib_notifier_init+0x0/0x20 returned 0 after 0 usecs
> [    0.226561] calling  netdev_genl_init+0x0/0x50 @ 1
> [    0.226561] initcall netdev_genl_init+0x0/0x50 returned 0 after 0 usecs
> [    0.226561] calling  page_pool_user_init+0x0/0x20 @ 1
> [    0.226561] initcall page_pool_user_init+0x0/0x20 returned 0 after 0 usecs
> [    0.226561] calling  fib_rules_init+0x0/0xc0 @ 1
> [    0.226561] initcall fib_rules_init+0x0/0xc0 returned 0 after 0 usecs
> [    0.226561] calling  init_cgroup_netprio+0x0/0x20 @ 1
> [    0.226561] initcall init_cgroup_netprio+0x0/0x20 returned 0 after 0 usecs
> [    0.226561] calling  bpf_lwt_init+0x0/0x20 @ 1
> [    0.226561] initcall bpf_lwt_init+0x0/0x20 returned 0 after 0 usecs
> [    0.226561] calling  pktsched_init+0x0/0x140 @ 1
> [    0.226561] initcall pktsched_init+0x0/0x140 returned 0 after 0 usecs
> [    0.226561] calling  tc_filter_init+0x0/0x110 @ 1
> [    0.226561] initcall tc_filter_init+0x0/0x110 returned 0 after 0 usecs
> [    0.226561] calling  tc_action_init+0x0/0x60 @ 1
> [    0.226561] initcall tc_action_init+0x0/0x60 returned 0 after 0 usecs
> [    0.226561] calling  ethnl_init+0x0/0x80 @ 1
> [    0.226561] initcall ethnl_init+0x0/0x80 returned 0 after 0 usecs
> [    0.226561] calling  nexthop_init+0x0/0x100 @ 1
> [    0.226561] initcall nexthop_init+0x0/0x100 returned 0 after 0 usecs
> [    0.226561] calling  cipso_v4_init+0x0/0x70 @ 1
> [    0.226561] initcall cipso_v4_init+0x0/0x70 returned 0 after 0 usecs
> [    0.226561] calling  wireless_nlevent_init+0x0/0x60 @ 1
> [    0.226561] initcall wireless_nlevent_init+0x0/0x60 returned 0 after 0 usecs
> [    0.226561] calling  netlbl_init+0x0/0x90 @ 1
> [    0.226561] NetLabel: Initializing
> [    0.226561] NetLabel:  domain hash size = 128
> [    0.226561] NetLabel:  protocols = UNLABELED CIPSOv4 CALIPSO
> [    0.226561] NetLabel:  unlabeled traffic allowed by default
> [    0.226561] initcall netlbl_init+0x0/0x90 returned 0 after 0 usecs
> [    0.226561] calling  pci_subsys_init+0x0/0x90 @ 1
> [    0.226561] PCI: Using ACPI for IRQ routing
> [    0.249184] PCI: pci_cache_line_size set to 64 bytes
> [    0.249562] e820: reserve RAM buffer [mem 0x00058000-0x0005ffff]
> [    0.249564] e820: reserve RAM buffer [mem 0x0009e000-0x0009ffff]
> [    0.249565] e820: reserve RAM buffer [mem 0x5152e018-0x53ffffff]
> [    0.249566] e820: reserve RAM buffer [mem 0x556ab000-0x57ffffff]
> [    0.249567] e820: reserve RAM buffer [mem 0x62262000-0x63ffffff]
> [    0.249568] e820: reserve RAM buffer [mem 0x64df4000-0x67ffffff]
> [    0.249569] e820: reserve RAM buffer [mem 0x78600000-0x7bffffff]
> [    0.249570] e820: reserve RAM buffer [mem 0x481800000-0x483ffffff]
> [    0.249571] initcall pci_subsys_init+0x0/0x90 returned 0 after 28000 usecs
> [    0.249575] calling  vsprintf_init_hashval+0x0/0x20 @ 1
> [    0.249578] initcall vsprintf_init_hashval+0x0/0x20 returned 0 after 0 usecs
> [    0.249581] calling  efi_runtime_map_init+0x0/0x230 @ 1
> [    0.249605] initcall efi_runtime_map_init+0x0/0x230 returned 0 after 0 usecs
> [    0.249608] calling  vga_arb_device_init+0x0/0xa0 @ 1
> [    0.252400] pci 0000:00:02.0: vgaarb: setting as boot VGA device
> [    0.252400] pci 0000:00:02.0: vgaarb: bridge control possible
> [    0.252400] pci 0000:00:02.0: vgaarb: VGA device added: decodes=io+mem,owns=io+mem,locks=none
> [    0.252403] vgaarb: loaded
> [    0.252404] initcall vga_arb_device_init+0x0/0xa0 returned 0 after 0 usecs
> [    0.252437] calling  nmi_warning_debugfs+0x0/0x30 @ 1
> [    0.252442] initcall nmi_warning_debugfs+0x0/0x30 returned 0 after 0 usecs
> [    0.252444] calling  hpet_late_init+0x0/0x430 @ 1
> [    0.252447] initcall hpet_late_init+0x0/0x430 returned -19 after 0 usecs
> [    0.252449] calling  init_amd_nbs+0x0/0x4f0 @ 1
> [    0.252454] initcall init_amd_nbs+0x0/0x4f0 returned 0 after 0 usecs
> [    0.252456] calling  iomem_init_inode+0x0/0x90 @ 1
> [    0.252464] initcall iomem_init_inode+0x0/0x90 returned 0 after 0 usecs
> [    0.252466] calling  em_debug_init+0x0/0x30 @ 1
> [    0.252470] initcall em_debug_init+0x0/0x30 returned 0 after 0 usecs
> [    0.252472] calling  clocksource_done_booting+0x0/0x50 @ 1
> [    0.252483] clocksource: Switched to clocksource tsc-early
> [    0.252484] initcall clocksource_done_booting+0x0/0x50 returned 0 after 3 usecs
> [    0.252487] calling  tracer_init_tracefs+0x0/0xd0 @ 1
> [    0.252492] initcall tracer_init_tracefs+0x0/0xd0 returned 0 after 2 usecs
> [    0.252494] calling  init_trace_printk_function_export+0x0/0x30 @ 1
> [    0.252513] initcall init_trace_printk_function_export+0x0/0x30 returned 0 after 16 usecs
> [    0.252517] calling  init_graph_tracefs+0x0/0x30 @ 1
> [    0.252520] initcall init_graph_tracefs+0x0/0x30 returned 0 after 1 usecs
> [    0.252523] calling  trace_events_synth_init+0x0/0x50 @ 1
> [    0.252527] initcall trace_events_synth_init+0x0/0x50 returned 0 after 1 usecs
> [    0.252530] calling  bpf_event_init+0x0/0x20 @ 1
> [    0.252537] initcall bpf_event_init+0x0/0x20 returned 0 after 4 usecs
> [    0.252540] calling  init_kprobe_trace+0x0/0x1d0 @ 1
> [    0.252975] initcall init_kprobe_trace+0x0/0x1d0 returned 0 after 432 usecs
> [    0.252979] calling  init_dynamic_event+0x0/0x30 @ 1
> [    0.252983] initcall init_dynamic_event+0x0/0x30 returned 0 after 1 usecs
> [    0.252987] calling  init_uprobe_trace+0x0/0x70 @ 1
> [    0.252992] initcall init_uprobe_trace+0x0/0x70 returned 0 after 2 usecs
> [    0.252995] calling  bpf_init+0x0/0x70 @ 1
> [    0.253000] initcall bpf_init+0x0/0x70 returned 0 after 2 usecs
> [    0.253004] calling  secretmem_init+0x0/0x40 @ 1
> [    0.253012] initcall secretmem_init+0x0/0x40 returned 0 after 5 usecs
> [    0.253015] calling  init_fs_stat_sysctls+0x0/0x40 @ 1
> [    0.253023] initcall init_fs_stat_sysctls+0x0/0x40 returned 0 after 5 usecs
> [    0.253025] calling  init_fs_exec_sysctls+0x0/0x30 @ 1
> [    0.253029] initcall init_fs_exec_sysctls+0x0/0x30 returned 0 after 0 usecs
> [    0.253031] calling  init_pipe_fs+0x0/0x70 @ 1
> [    0.253045] initcall init_pipe_fs+0x0/0x70 returned 0 after 9 usecs
> [    0.253048] calling  init_fs_namei_sysctls+0x0/0x30 @ 1
> [    0.253053] initcall init_fs_namei_sysctls+0x0/0x30 returned 0 after 2 usecs
> [    0.253056] calling  init_fs_dcache_sysctls+0x0/0x30 @ 1
> [    0.253059] initcall init_fs_dcache_sysctls+0x0/0x30 returned 0 after 0 usecs
> [    0.253062] calling  init_fs_namespace_sysctls+0x0/0x30 @ 1
> [    0.253066] initcall init_fs_namespace_sysctls+0x0/0x30 returned 0 after 0 usecs
> [    0.253069] calling  cgroup_writeback_init+0x0/0x30 @ 1
> [    0.253075] initcall cgroup_writeback_init+0x0/0x30 returned 0 after 3 usecs
> [    0.253078] calling  inotify_user_setup+0x0/0x100 @ 1
> [    0.253086] initcall inotify_user_setup+0x0/0x100 returned 0 after 4 usecs
> [    0.253089] calling  eventpoll_init+0x0/0x120 @ 1
> [    0.253108] initcall eventpoll_init+0x0/0x120 returned 0 after 16 usecs
> [    0.253112] calling  anon_inode_init+0x0/0x70 @ 1
> [    0.253119] initcall anon_inode_init+0x0/0x70 returned 0 after 4 usecs
> [    0.253121] calling  init_dax_wait_table+0x0/0x40 @ 1
> [    0.253141] initcall init_dax_wait_table+0x0/0x40 returned 0 after 16 usecs
> [    0.253143] calling  proc_locks_init+0x0/0x30 @ 1
> [    0.253147] initcall proc_locks_init+0x0/0x30 returned 0 after 1 usecs
> [    0.253149] calling  init_fs_coredump_sysctls+0x0/0x30 @ 1
> [    0.253153] initcall init_fs_coredump_sysctls+0x0/0x30 returned 0 after 2 usecs
> [    0.253155] calling  iomap_init+0x0/0x30 @ 1
> [    0.253175] initcall iomap_init+0x0/0x30 returned 0 after 19 usecs
> [    0.253177] calling  dquot_init+0x0/0x170 @ 1
> [    0.253178] VFS: Disk quotas dquot_6.6.0
> [    0.253188] VFS: Dquot-cache hash table entries: 512 (order 0, 4096 bytes)
> [    0.253189] initcall dquot_init+0x0/0x170 returned 0 after 11 usecs
> [    0.253191] calling  quota_init+0x0/0x40 @ 1
> [    0.253196] initcall quota_init+0x0/0x40 returned 0 after 3 usecs
> [    0.253197] calling  proc_cmdline_init+0x0/0x40 @ 1
> [    0.253203] initcall proc_cmdline_init+0x0/0x40 returned 0 after 4 usecs
> [    0.253205] calling  proc_consoles_init+0x0/0x30 @ 1
> [    0.253206] initcall proc_consoles_init+0x0/0x30 returned 0 after 0 usecs
> [    0.253208] calling  proc_cpuinfo_init+0x0/0x30 @ 1
> [    0.253210] initcall proc_cpuinfo_init+0x0/0x30 returned 0 after 0 usecs
> [    0.253211] calling  proc_devices_init+0x0/0x40 @ 1
> [    0.253213] initcall proc_devices_init+0x0/0x40 returned 0 after 0 usecs
> [    0.253214] calling  proc_interrupts_init+0x0/0x30 @ 1
> [    0.253216] initcall proc_interrupts_init+0x0/0x30 returned 0 after 0 usecs
> [    0.253218] calling  proc_loadavg_init+0x0/0x40 @ 1
> [    0.253219] initcall proc_loadavg_init+0x0/0x40 returned 0 after 0 usecs
> [    0.253221] calling  proc_meminfo_init+0x0/0x40 @ 1
> [    0.253223] initcall proc_meminfo_init+0x0/0x40 returned 0 after 0 usecs
> [    0.253224] calling  proc_stat_init+0x0/0x30 @ 1
> [    0.253226] initcall proc_stat_init+0x0/0x30 returned 0 after 0 usecs
> [    0.253227] calling  proc_uptime_init+0x0/0x40 @ 1
> [    0.253229] initcall proc_uptime_init+0x0/0x40 returned 0 after 0 usecs
> [    0.253231] calling  proc_version_init+0x0/0x40 @ 1
> [    0.253233] initcall proc_version_init+0x0/0x40 returned 0 after 0 usecs
> [    0.253234] calling  proc_softirqs_init+0x0/0x40 @ 1
> [    0.253236] initcall proc_softirqs_init+0x0/0x40 returned 0 after 0 usecs
> [    0.253238] calling  proc_kcore_init+0x0/0x1f0 @ 1
> [    0.253244] initcall proc_kcore_init+0x0/0x1f0 returned 0 after 4 usecs
> [    0.253246] calling  vmcore_init+0x0/0x6a0 @ 1
> [    0.253248] initcall vmcore_init+0x0/0x6a0 returned 0 after 0 usecs
> [    0.253249] calling  proc_kmsg_init+0x0/0x30 @ 1
> [    0.253251] initcall proc_kmsg_init+0x0/0x30 returned 0 after 0 usecs
> [    0.253253] calling  proc_page_init+0x0/0x60 @ 1
> [    0.253256] initcall proc_page_init+0x0/0x60 returned 0 after 0 usecs
> [    0.253257] calling  init_ramfs_fs+0x0/0x20 @ 1
> [    0.253259] initcall init_ramfs_fs+0x0/0x20 returned 0 after 0 usecs
> [    0.253261] calling  init_hugetlbfs_fs+0x0/0x170 @ 1
> [    0.253275] initcall init_hugetlbfs_fs+0x0/0x170 returned 0 after 12 usecs
> [    0.253277] calling  tomoyo_initerface_init+0x0/0x190 @ 1
> [    0.253293] initcall tomoyo_initerface_init+0x0/0x190 returned 0 after 14 usecs
> [    0.253296] calling  aa_create_aafs+0x0/0x3f0 @ 1
> [    0.253359] AppArmor: AppArmor Filesystem Enabled
> [    0.253360] initcall aa_create_aafs+0x0/0x3f0 returned 0 after 61 usecs
> [    0.253362] calling  dynamic_debug_init_control+0x0/0x90 @ 1
> [    0.253368] initcall dynamic_debug_init_control+0x0/0x90 returned 0 after 2 usecs
> [    0.253370] calling  acpi_event_init+0x0/0x40 @ 1
> [    0.253380] initcall acpi_event_init+0x0/0x40 returned 0 after 3 usecs
> [    0.253383] calling  pnp_system_init+0x0/0x20 @ 1
> [    0.253389] initcall pnp_system_init+0x0/0x20 returned 0 after 4 usecs
> [    0.253391] calling  pnpacpi_init+0x0/0x80 @ 1
> [    0.253393] pnp: PnP ACPI init
> [    0.253623] system 00:00: [io  0x0680-0x069f] has been reserved
> [    0.253625] system 00:00: [io  0xffff] has been reserved
> [    0.253627] system 00:00: [io  0xffff] has been reserved
> [    0.253628] system 00:00: [io  0xffff] has been reserved
> [    0.253630] system 00:00: [io  0x1800-0x18fe] has been reserved
> [    0.253631] system 00:00: [io  0x164e-0x164f] has been reserved
> [    0.253635] probe of 00:00 returned 0 after 15 usecs
> [    0.253765] system 00:02: [io  0x1854-0x1857] has been reserved
> [    0.253769] probe of 00:02 returned 0 after 5 usecs
> [    0.254202] system 00:05: [mem 0xfed10000-0xfed17fff] has been reserved
> [    0.254205] system 00:05: [mem 0xfed18000-0xfed18fff] has been reserved
> [    0.254206] system 00:05: [mem 0xfed19000-0xfed19fff] has been reserved
> [    0.254208] system 00:05: [mem 0xe0000000-0xefffffff] has been reserved
> [    0.254210] system 00:05: [mem 0xfed20000-0xfed3ffff] has been reserved
> [    0.254211] system 00:05: [mem 0xfed90000-0xfed93fff] could not be reserved
> [    0.254213] system 00:05: [mem 0xfed45000-0xfed8ffff] has been reserved
> [    0.254214] system 00:05: [mem 0xff000000-0xffffffff] has been reserved
> [    0.254216] system 00:05: [mem 0xfee00000-0xfeefffff] could not be reserved
> [    0.254217] system 00:05: [mem 0xdffe0000-0xdfffffff] has been reserved
> [    0.254221] probe of 00:05 returned 0 after 21 usecs
> [    0.254261] system 00:06: [mem 0xfd000000-0xfdabffff] has been reserved
> [    0.254263] system 00:06: [mem 0xfdad0000-0xfdadffff] has been reserved
> [    0.254265] system 00:06: [mem 0xfdb00000-0xfdffffff] has been reserved
> [    0.254266] system 00:06: [mem 0xfe000000-0xfe01ffff] could not be reserved
> [    0.254268] system 00:06: [mem 0xfe036000-0xfe03bfff] has been reserved
> [    0.254269] system 00:06: [mem 0xfe03d000-0xfe3fffff] has been reserved
> [    0.254271] system 00:06: [mem 0xfe410000-0xfe7fffff] has been reserved
> [    0.254273] probe of 00:06 returned 0 after 15 usecs
> [    0.254561] system 00:07: [io  0xff00-0xfffe] has been reserved
> [    0.254564] probe of 00:07 returned 0 after 5 usecs
> [    0.255631] system 00:08: [mem 0xfe029000-0xfe029fff] has been reserved
> [    0.255634] system 00:08: [mem 0xfe028000-0xfe028fff] has been reserved
> [    0.255637] probe of 00:08 returned 0 after 9 usecs
> [    0.260897] pnp: PnP ACPI: found 9 devices
> [    0.260898] initcall pnpacpi_init+0x0/0x80 returned 0 after 7594 usecs
> [    0.260902] calling  chr_dev_init+0x0/0xa0 @ 1
> [    0.262121] initcall chr_dev_init+0x0/0xa0 returned 0 after 1217 usecs
> [    0.262124] calling  hwrng_modinit+0x0/0xb0 @ 1
> [    0.262145] initcall hwrng_modinit+0x0/0xb0 returned 0 after 19 usecs
> [    0.262147] calling  firmware_class_init+0x0/0x110 @ 1
> [    0.262157] initcall firmware_class_init+0x0/0x110 returned 0 after 6 usecs
> [    0.262159] calling  map_properties+0x0/0x690 @ 1
> [    0.262162] initcall map_properties+0x0/0x690 returned 0 after 0 usecs
> [    0.262164] calling  efi_mokvar_sysfs_init+0x0/0x1c0 @ 1
> [    0.262166] initcall efi_mokvar_sysfs_init+0x0/0x1c0 returned -2 after 0 usecs
> [    0.262169] calling  init_acpi_pm_clocksource+0x0/0x100 @ 1
> [    0.266654] clocksource: acpi_pm: mask: 0xffffff max_cycles: 0xffffff, max_idle_ns: 2085701024 ns
> [    0.266656] initcall init_acpi_pm_clocksource+0x0/0x100 returned 0 after 4484 usecs
> [    0.266659] calling  p2sb_fs_init+0x0/0x170 @ 1
> [    0.266701] pci 0000:00:1f.1: [8086:9d20] type 00 class 0x058000 conventional PCI endpoint
> [    0.266760] pci 0000:00:1f.1: BAR 0 [mem 0xfd000000-0xfdffffff 64bit]
> [    0.266899] pci 0000:00:1f.1: calling  quirk_igfx_skip_te_disable+0x0/0xb0 @ 1
> [    0.266903] pci 0000:00:1f.1: quirk_igfx_skip_te_disable+0x0/0xb0 took 0 usecs
> [    0.266994] initcall p2sb_fs_init+0x0/0x170 returned 0 after 333 usecs
> [    0.266997] calling  powercap_init+0x0/0x290 @ 1
> [    0.267019] initcall powercap_init+0x0/0x290 returned 0 after 19 usecs
> [    0.267022] calling  sysctl_core_init+0x0/0x40 @ 1
> [    0.267038] initcall sysctl_core_init+0x0/0x40 returned 0 after 15 usecs
> [    0.267040] calling  eth_offload_init+0x0/0x20 @ 1
> [    0.267042] initcall eth_offload_init+0x0/0x20 returned 0 after 0 usecs
> [    0.267043] calling  ipv4_offload_init+0x0/0xa0 @ 1
> [    0.267046] initcall ipv4_offload_init+0x0/0xa0 returned 0 after 0 usecs
> [    0.267048] calling  inet_init+0x0/0x2f0 @ 1
> [    0.267062] NET: Registered PF_INET protocol family
> [    0.267180] IP idents hash table entries: 262144 (order: 9, 2097152 bytes, linear)
> [    0.269463] tcp_listen_portaddr_hash hash table entries: 8192 (order: 5, 131072 bytes, linear)
> [    0.269488] Table-perturb hash table entries: 65536 (order: 6, 262144 bytes, linear)
> [    0.269537] TCP established hash table entries: 131072 (order: 8, 1048576 bytes, linear)
> [    0.269718] TCP bind hash table entries: 65536 (order: 9, 2097152 bytes, linear)
