Return-Path: <linux-kernel-owner@vger.kernel.org>
X-Original-To: lists+linux-kernel@lfdr.de
Delivered-To: lists+linux-kernel@lfdr.de
Received: from out1.vger.email (out1.vger.email [IPv6:2620:137:e000::1:20])
	by mail.lfdr.de (Postfix) with ESMTP id F1B1A8067D8
	for <lists+linux-kernel@lfdr.de>; Wed,  6 Dec 2023 07:59:15 +0100 (CET)
Received: (majordomo@vger.kernel.org) by vger.kernel.org via listexpand
        id S1376912AbjLFG7E (ORCPT <rfc822;lists+linux-kernel@lfdr.de>);
        Wed, 6 Dec 2023 01:59:04 -0500
Received: from lindbergh.monkeyblade.net ([23.128.96.19]:48662 "EHLO
        lindbergh.monkeyblade.net" rhost-flags-OK-OK-OK-OK) by vger.kernel.org
        with ESMTP id S229459AbjLFG7B (ORCPT
        <rfc822;linux-kernel@vger.kernel.org>);
        Wed, 6 Dec 2023 01:59:01 -0500
Received: from out3-smtp.messagingengine.com (out3-smtp.messagingengine.com [66.111.4.27])
        by lindbergh.monkeyblade.net (Postfix) with ESMTPS id 4F89E1B5;
        Tue,  5 Dec 2023 22:58:54 -0800 (PST)
Received: from compute5.internal (compute5.nyi.internal [10.202.2.45])
        by mailout.nyi.internal (Postfix) with ESMTP id 8774F5C02E4;
        Wed,  6 Dec 2023 01:58:53 -0500 (EST)
Received: from mailfrontend1 ([10.202.2.162])
  by compute5.internal (MEProxy); Wed, 06 Dec 2023 01:58:53 -0500
DKIM-Signature: v=1; a=rsa-sha256; c=relaxed/relaxed; d=anarazel.de; h=
        cc:cc:content-type:content-type:date:date:from:from:in-reply-to
        :in-reply-to:message-id:mime-version:references:reply-to:sender
        :subject:subject:to:to; s=fm1; t=1701845933; x=1701932333; bh=XD
        BD04DWxIy9FwDyVpvcElWRIMmcHhSXklyKTsp1VBs=; b=xCNCOUa1ujnFhO/GHj
        Gnft26aQH4iUryuEAIZ+ZNpDDwl9Y1oAcKxRYqvB8UD/kKThceL4K4sn2PBGvKSQ
        oS9Xb4ZWY7B6jkUfbE68tGvKTVlUJYaoAPvV8ft+WhDW91H+HxUwb5r83eQn/Xr6
        whiJ9F33ioaTtML9klISh/kafTp5cdKdPkX6nRTUNzIz8yR1hlYZaueqgnvZcGd7
        AGOGJR2VqT6WkaYuDjc7CAb4RMKOEDQQ9YnFyVmvnrqgn5XLbhbNW8FAAgP6tU//
        dV+Oi8pOJe0kBVhbYM13nKWQDj7AkNke0eqAfJIh4UmmNOKxCd3uY9wDiL/VU1+W
        qWjA==
DKIM-Signature: v=1; a=rsa-sha256; c=relaxed/relaxed; d=
        messagingengine.com; h=cc:cc:content-type:content-type:date:date
        :feedback-id:feedback-id:from:from:in-reply-to:in-reply-to
        :message-id:mime-version:references:reply-to:sender:subject
        :subject:to:to:x-me-proxy:x-me-proxy:x-me-sender:x-me-sender
        :x-sasl-enc; s=fm1; t=1701845933; x=1701932333; bh=XDBD04DWxIy9F
        wDyVpvcElWRIMmcHhSXklyKTsp1VBs=; b=PStAwgwHZjYkJa5AOe3jHq3oYJE9R
        pA+Hrweyp4QUX/6LahRDAnultFwcP2fC/1fIMpyOKrbWwbfuTQqDr2CXq8fpPoAZ
        dZfv9yRnM7eFOAWOxpK/w7H2xhGeCYq8UbDkqArJATni1sD7B2F8YKbblgt0yx5d
        VF9jqDNwlCcI5tzZ7BdzT0g8/0mjnHqpUccCV51JV+oLNav1PF2JB8WULA7ybo8L
        ZlCgi33KRQrE9m/EW5+uvzFYH7wSF37VkHjADTI2R81C5sXLoLXHY/0TGY/HWDcq
        v+nXoIEUJfnYJTF6Z0q9M0TyFyWSqO7j6nfs0uLhY7hcZuhvunc+8bhmQ==
X-ME-Sender: <xms:rRtwZY6oKvrE_9j6zAuGMgMT9mIVnepsTiona3C5hp4Z4TOgbvW39g>
    <xme:rRtwZZ50d6alhUQQJq5EhfRUQGBHLMBkd3S6pmOvXORJm4p9ZdKeyCUS-0e-sW8mD
    qr32PaA6pXmgoqKVg>
X-ME-Received: <xmr:rRtwZXfzqrDTSse5sUVvcvHW0UC5IbHJtVfJexKab9O38Y9Au-oQWpR7CRCHI32SickH7JhFwCN8T0mEGXnV3nUU4GC0_ZVTit4UZBO4-1k1J22CGM4uJmDzrmCl>
X-ME-Proxy-Cause: gggruggvucftvghtrhhoucdtuddrgedvkedrudejledgkeekucetufdoteggodetrfdotf
    fvucfrrhhofhhilhgvmecuhfgrshhtofgrihhlpdfqfgfvpdfurfetoffkrfgpnffqhgen
    uceurghilhhouhhtmecufedttdenucesvcftvggtihhpihgvnhhtshculddquddttddmne
    cujfgurhepfffhvfevuffkfhggtggujgesmhdtreertddtvdenucfhrhhomheptehnughr
    vghsucfhrhgvuhhnugcuoegrnhgurhgvshesrghnrghrrgiivghlrdguvgeqnecuggftrf
    grthhtvghrnhepffeftdehffdvudefueduveehfefgheetvdejveeggeejtedtjeefvedt
    gefgueeunecuffhomhgrihhnpehkvghrnhgvlhdrohhrghenucevlhhushhtvghrufhiii
    gvpedtnecurfgrrhgrmhepmhgrihhlfhhrohhmpegrnhgurhgvshesrghnrghrrgiivghl
    rdguvg
X-ME-Proxy: <xmx:rRtwZdL_HbhNry1108e0AXyX6-9d_arQ-eqjBSzPCKLJV9_B-IYQxQ>
    <xmx:rRtwZcJceIZnGo5T7Q0Ihm2MCcpqS-6NY7_ZBMrJkeN-lu-VHKOPpg>
    <xmx:rRtwZexmVKT-MRBK4CKJcPPPdP7TOK44njmvJs4--i9fAnZDr62QBA>
    <xmx:rRtwZRW52sPusy7mKDUFAbO_6GonCHoaXCWGQ0CPX92OXev8RuzNMQ>
Feedback-ID: id4a34324:Fastmail
Received: by mail.messagingengine.com (Postfix) with ESMTPA; Wed,
 6 Dec 2023 01:58:52 -0500 (EST)
Date:   Tue, 5 Dec 2023 22:58:50 -0800
From:   Andres Freund <andres@anarazel.de>
To:     "Zhang, Rui" <rui.zhang@intel.com>
Cc:     "jsperbeck@google.com" <jsperbeck@google.com>,
        "tip-bot2@linutronix.de" <tip-bot2@linutronix.de>,
        "tglx@linutronix.de" <tglx@linutronix.de>,
        "peterz@infradead.org" <peterz@infradead.org>,
        "linux-kernel@vger.kernel.org" <linux-kernel@vger.kernel.org>,
        "linux-tip-commits@vger.kernel.org" 
        <linux-tip-commits@vger.kernel.org>,
        "x86@kernel.org" <x86@kernel.org>, Sasha Levin <sashal@kernel.org>,
        stable@vger.kernel.org, Borislav Petkov <bp@alien8.de>
Subject: Re: [tip: x86/urgent] x86/acpi: Ignore invalid x2APIC entries
Message-ID: <20231206065850.hs7k554v6wym7gw5@awork3.anarazel.de>
References: <169953729188.3135.6804572126118798018.tip-bot2@tip-bot2>
 <20231122221947.781812-1-jsperbeck@google.com>
 <1e565bb08ebdd03897580a5905d1d2de01e15add.camel@intel.com>
 <904ce2b870b8a7f34114f93adc7c8170420869d1.camel@intel.com>
MIME-Version: 1.0
Content-Type: multipart/mixed; boundary="mv2j6utfjb65nsuh"
Content-Disposition: inline
In-Reply-To: <904ce2b870b8a7f34114f93adc7c8170420869d1.camel@intel.com>
X-Spam-Status: No, score=-2.8 required=5.0 tests=BAYES_00,DKIM_SIGNED,
        DKIM_VALID,DKIM_VALID_AU,DKIM_VALID_EF,RCVD_IN_DNSWL_LOW,
        RCVD_IN_MSPIKE_H5,RCVD_IN_MSPIKE_WL,SPF_HELO_PASS,SPF_PASS,
        T_SCC_BODY_TEXT_LINE autolearn=ham autolearn_force=no version=3.4.6
X-Spam-Checker-Version: SpamAssassin 3.4.6 (2021-04-09) on
        lindbergh.monkeyblade.net
Precedence: bulk
List-ID: <linux-kernel.vger.kernel.org>
X-Mailing-List: linux-kernel@vger.kernel.org


--mv2j6utfjb65nsuh
Content-Type: text/plain; charset=us-ascii
Content-Disposition: inline

Hi,

On 2023-12-01 08:31:48 +0000, Zhang, Rui wrote:
> As a quick fix, I'm not going to fix the "potential issue" describes
> above because we have not seen a real problem caused by this yet.
>
> Can you please try the below patch to confirm if the problem is gone on
> your system?
> This patch falls back to the previous way as sent at
> https://lore.kernel.org/lkml/87pm4bp54z.ffs@tglx/T/


I've just spent a couple hours bisecting why upgrading to 6.7-rc4 left me with
just a single CPU core on my dual socket workstation.


before:
[    0.000000] Linux version 6.6.0-andres-00003-g31255e072b2e ...
...
[    0.022960] ACPI: Using ACPI (MADT) for SMP configuration information
...
[    0.022968] smpboot: Allowing 40 CPUs, 0 hotplug CPUs
...
[    0.345921] smpboot: CPU0: Intel(R) Xeon(R) Gold 5215 CPU @ 2.50GHz (family: 0x6, model: 0x55, stepping: 0x7)
...
[    0.347229] .... node  #0, CPUs:        #1  #2  #3  #4  #5  #6  #7  #8  #9
[    0.349082] .... node  #1, CPUs:   #10 #11 #12 #13 #14 #15 #16 #17 #18 #19
[    0.003190] smpboot: CPU 10 Converting physical 0 to logical die 1

[    0.361053] .... node  #0, CPUs:   #20 #21 #22 #23 #24 #25 #26 #27 #28 #29
[    0.363990] .... node  #1, CPUs:   #30 #31 #32 #33 #34 #35 #36 #37 #38 #39
...
[    0.370886] smp: Brought up 2 nodes, 40 CPUs
[    0.370891] smpboot: Max logical packages: 2
[    0.370896] smpboot: Total of 40 processors activated (200000.00 BogoMIPS)
[    0.403905] node 0 deferred pages initialised in 32ms
[    0.408865] node 1 deferred pages initialised in 37ms


after:
[    0.000000] Linux version 6.6.0-andres-00004-gec9aedb2aa1a ...
...
[    0.022935] ACPI: Using ACPI (MADT) for SMP configuration information
...
[    0.022942] smpboot: Allowing 1 CPUs, 0 hotplug CPUs
...
[    0.356424] smpboot: CPU0: Intel(R) Xeon(R) Gold 5215 CPU @ 2.50GHz (family: 0x6, model: 0x55, stepping: 0x7)
...
[    0.357098] smp: Bringing up secondary CPUs ...
[    0.357107] smp: Brought up 2 nodes, 1 CPU
[    0.357108] smpboot: Max logical packages: 1
[    0.357110] smpboot: Total of 1 processors activated (5000.00 BogoMIPS)
[    0.726283] node 0 deferred pages initialised in 368ms
[    0.774704] node 1 deferred pages initialised in 418ms


There does seem to be something off with the ACPI data, when booting without
the patch, I do see messages like:
[    0.715228] APIC: NR_CPUS/possible_cpus limit of 40 reached. Processor 40/0x7f00 ignored.
[    0.715231] ACPI: Unable to map lapic to logical cpu number

But other than that, the system has worked for a couple years.


It's obviously not good to regress from 2x10/20 cores/threads to a single
core.   I guess it's at least somewhat funny to imagine a 2 socket system with
a single core...


It seems particularly worrying that this patch has apparently been selected
for -stable:
https://lore.kernel.org/all/20231122153212.852040-2-sashal@kernel.org/

Even if it didn't have these unintended consequences, it seems like a commit
like this hardly is -stable material?


I've attached .config, dmesg of a boot with gec9aedb2aa1a and one with
gec9aedb2aa1a^.

Greetings,

Andres Freund

--mv2j6utfjb65nsuh
Content-Type: text/plain; charset=us-ascii
Content-Disposition: attachment; filename="dmesg-6.7-ec9aedb2aa1a-onecpu"

[    0.000000] microcode: updated early: 0x5003303 -> 0x5003604, date = 2023-03-17
[    0.000000] Linux version 6.6.0-andres-00004-gec9aedb2aa1a (andres@awork3) (gcc (Debian 13.2.0-8) 13.2.0, GNU ld (GNU Binutils for Debian) 2.41.50.20231202) #70 SMP PREEMPT_DYNAMIC Tue Dec  5 21:43:03 PST 2023
[    0.000000] Command line: BOOT_IMAGE=/vmlinuz-6.6.0-andres-00004-gec9aedb2aa1a root=/dev/mapper/awork3--sa--vg-root ro apparmor=0 console=ttyS1,115200 console=tty0 systemd.unified_cgroup_hierarchy intel_iommu=sm_on iommu=pt nvme.poll_queues=4 cgroup.memory=nokmem coredump_filter=511 log_buf_len=16M hugetlb_cma=48G quiet
[    0.000000] BIOS-provided physical RAM map:
[    0.000000] BIOS-e820: [mem 0x0000000000000000-0x000000000009ffff] usable
[    0.000000] BIOS-e820: [mem 0x00000000000a0000-0x00000000000fffff] reserved
[    0.000000] BIOS-e820: [mem 0x0000000000100000-0x00000000687fbfff] usable
[    0.000000] BIOS-e820: [mem 0x00000000687fc000-0x000000006a8fbfff] reserved
[    0.000000] BIOS-e820: [mem 0x000000006a8fc000-0x000000006aed7fff] ACPI data
[    0.000000] BIOS-e820: [mem 0x000000006aed8000-0x000000006c0f9fff] ACPI NVS
[    0.000000] BIOS-e820: [mem 0x000000006c0fa000-0x000000006fb33fff] reserved
[    0.000000] BIOS-e820: [mem 0x000000006fb34000-0x000000006fffffff] usable
[    0.000000] BIOS-e820: [mem 0x0000000070000000-0x000000008fffffff] reserved
[    0.000000] BIOS-e820: [mem 0x00000000fd000000-0x00000000fe7fffff] reserved
[    0.000000] BIOS-e820: [mem 0x00000000fed20000-0x00000000fed44fff] reserved
[    0.000000] BIOS-e820: [mem 0x00000000ff000000-0x00000000ffffffff] reserved
[    0.000000] BIOS-e820: [mem 0x0000000100000000-0x000000303fffffff] usable
[    0.000000] NX (Execute Disable) protection: active
[    0.000000] APIC: Static calls initialized
[    0.000000] e820: update [mem 0x5bbb4018-0x5bbbc057] usable ==> usable
[    0.000000] e820: update [mem 0x5bbb4018-0x5bbbc057] usable ==> usable
[    0.000000] e820: update [mem 0x5bb8f018-0x5bbb3e57] usable ==> usable
[    0.000000] e820: update [mem 0x5bb8f018-0x5bbb3e57] usable ==> usable
[    0.000000] e820: update [mem 0x5bb84018-0x5bb8e057] usable ==> usable
[    0.000000] e820: update [mem 0x5bb84018-0x5bb8e057] usable ==> usable
[    0.000000] e820: update [mem 0x5bb79018-0x5bb83057] usable ==> usable
[    0.000000] e820: update [mem 0x5bb79018-0x5bb83057] usable ==> usable
[    0.000000] e820: update [mem 0x5bb44018-0x5bb78257] usable ==> usable
[    0.000000] e820: update [mem 0x5bb44018-0x5bb78257] usable ==> usable
[    0.000000] e820: update [mem 0x5bb0f018-0x5bb43257] usable ==> usable
[    0.000000] e820: update [mem 0x5bb0f018-0x5bb43257] usable ==> usable
[    0.000000] e820: update [mem 0x5baf3018-0x5bb0e857] usable ==> usable
[    0.000000] e820: update [mem 0x5baf3018-0x5bb0e857] usable ==> usable
[    0.000000] extended physical RAM map:
[    0.000000] reserve setup_data: [mem 0x0000000000000000-0x000000000009ffff] usable
[    0.000000] reserve setup_data: [mem 0x00000000000a0000-0x00000000000fffff] reserved
[    0.000000] reserve setup_data: [mem 0x0000000000100000-0x000000005baf3017] usable
[    0.000000] reserve setup_data: [mem 0x000000005baf3018-0x000000005bb0e857] usable
[    0.000000] reserve setup_data: [mem 0x000000005bb0e858-0x000000005bb0f017] usable
[    0.000000] reserve setup_data: [mem 0x000000005bb0f018-0x000000005bb43257] usable
[    0.000000] reserve setup_data: [mem 0x000000005bb43258-0x000000005bb44017] usable
[    0.000000] reserve setup_data: [mem 0x000000005bb44018-0x000000005bb78257] usable
[    0.000000] reserve setup_data: [mem 0x000000005bb78258-0x000000005bb79017] usable
[    0.000000] reserve setup_data: [mem 0x000000005bb79018-0x000000005bb83057] usable
[    0.000000] reserve setup_data: [mem 0x000000005bb83058-0x000000005bb84017] usable
[    0.000000] reserve setup_data: [mem 0x000000005bb84018-0x000000005bb8e057] usable
[    0.000000] reserve setup_data: [mem 0x000000005bb8e058-0x000000005bb8f017] usable
[    0.000000] reserve setup_data: [mem 0x000000005bb8f018-0x000000005bbb3e57] usable
[    0.000000] reserve setup_data: [mem 0x000000005bbb3e58-0x000000005bbb4017] usable
[    0.000000] reserve setup_data: [mem 0x000000005bbb4018-0x000000005bbbc057] usable
[    0.000000] reserve setup_data: [mem 0x000000005bbbc058-0x00000000687fbfff] usable
[    0.000000] reserve setup_data: [mem 0x00000000687fc000-0x000000006a8fbfff] reserved
[    0.000000] reserve setup_data: [mem 0x000000006a8fc000-0x000000006aed7fff] ACPI data
[    0.000000] reserve setup_data: [mem 0x000000006aed8000-0x000000006c0f9fff] ACPI NVS
[    0.000000] reserve setup_data: [mem 0x000000006c0fa000-0x000000006fb33fff] reserved
[    0.000000] reserve setup_data: [mem 0x000000006fb34000-0x000000006fffffff] usable
[    0.000000] reserve setup_data: [mem 0x0000000070000000-0x000000008fffffff] reserved
[    0.000000] reserve setup_data: [mem 0x00000000fd000000-0x00000000fe7fffff] reserved
[    0.000000] reserve setup_data: [mem 0x00000000fed20000-0x00000000fed44fff] reserved
[    0.000000] reserve setup_data: [mem 0x00000000ff000000-0x00000000ffffffff] reserved
[    0.000000] reserve setup_data: [mem 0x0000000100000000-0x000000303fffffff] usable
[    0.000000] efi: EFI v2.7 by American Megatrends
[    0.000000] efi: ACPI 2.0=0x6b8ab000 ACPI=0x6b8ab000 SMBIOS=0x6f5ca000 SMBIOS 3.0=0x6f5c9000 MEMATTR=0x64037018 ESRT=0x62ecae18 INITRD=0x5ef8ac98 
[    0.000000] efi: Remove mem50: MMIO range=[0x80000000-0x8fffffff] (256MB) from e820 map
[    0.000000] e820: remove [mem 0x80000000-0x8fffffff] reserved
[    0.000000] efi: Remove mem51: MMIO range=[0xfd000000-0xfe7fffff] (24MB) from e820 map
[    0.000000] e820: remove [mem 0xfd000000-0xfe7fffff] reserved
[    0.000000] efi: Not removing mem52: MMIO range=[0xfed20000-0xfed44fff] (148KB) from e820 map
[    0.000000] efi: Remove mem53: MMIO range=[0xff000000-0xffffffff] (16MB) from e820 map
[    0.000000] e820: remove [mem 0xff000000-0xffffffff] reserved
[    0.000000] SMBIOS 3.2.1 present.
[    0.000000] DMI: Supermicro SYS-7049A-T/X11DAi-N, BIOS 3.8b 01/12/2023
[    0.000000] tsc: Detected 2500.000 MHz processor
[    0.000015] e820: update [mem 0x00000000-0x00000fff] usable ==> reserved
[    0.000017] e820: remove [mem 0x000a0000-0x000fffff] usable
[    0.000029] last_pfn = 0x3040000 max_arch_pfn = 0x400000000
[    0.000033] MTRR map: 7 entries (2 fixed + 5 variable; max 22), built from 10 variable MTRRs
[    0.000036] x86/PAT: Configuration [0-7]: WB  WC  UC- UC  WB  WP  UC- WT  
[    0.000277] e820: update [mem 0x70000000-0x73ffffff] usable ==> reserved
[    0.000280] e820: update [mem 0x80000000-0xffffffff] usable ==> reserved
[    0.000282] x2apic: enabled by BIOS, switching to x2apic ops
[    0.000283] last_pfn = 0x70000 max_arch_pfn = 0x400000000
[    0.000290] esrt: Reserving ESRT space from 0x0000000062ecae18 to 0x0000000062ecae50.
[    0.000296] e820: update [mem 0x62eca000-0x62ecafff] usable ==> reserved
[    0.000318] Using GB pages for direct mapping
[    0.018247] printk: log_buf_len: 16777216 bytes
[    0.018249] printk: early log buf free: 255552(97%)
[    0.018251] Secure boot disabled
[    0.018251] RAMDISK: [mem 0x5bbbd000-0x5da34fff]
[    0.018257] ACPI: Early table checksum verification disabled
[    0.018260] ACPI: RSDP 0x000000006B8AB000 000024 (v02 ALASKA)
[    0.018265] ACPI: XSDT 0x000000006B8AB0D0 00011C (v01 ALASKA A M I    01072009 AMI  00010013)
[    0.018271] ACPI: FACP 0x000000006BA478C8 000114 (v06 ALASKA A M I    01072009 INTL 20091013)
[    0.018276] ACPI: DSDT 0x000000006B8AB280 19C643 (v02 ALASKA A M I    01072009 INTL 20091013)
[    0.018279] ACPI: FACS 0x000000006C0B6080 000040
[    0.018281] ACPI: FPDT 0x000000006BA479E0 000044 (v01 ALASKA A M I    01072009 AMI  00010013)
[    0.018284] ACPI: FIDT 0x000000006BA47A28 00009C (v01 ALASKA A M I    01072009 AMI  00010013)
[    0.018287] ACPI: SPMI 0x000000006BA47AC8 000041 (v05 ALASKA A M I    00000000 AMI. 00000000)
[    0.018290] ACPI: SSDT 0x000000006BA47B10 00046C (v02 INTEL  ADDRXLAT 00000001 INTL 20140828)
[    0.018293] ACPI: MCFG 0x000000006BA47F80 00003C (v01 ALASKA A M I    01072009 MSFT 00000097)
[    0.018296] ACPI: HPET 0x000000006BA47FC0 000038 (v01 ALASKA A M I    00000001 INTL 20091013)
[    0.018299] ACPI: APIC 0x000000006BA47FF8 000C5E (v03 ALASKA A M I    00000000 INTL 20091013)
[    0.018302] ACPI: MIGT 0x000000006BA48C58 000040 (v01 ALASKA A M I    00000000 INTL 20091013)
[    0.018305] ACPI: MSCT 0x000000006BA48C98 000064 (v01 ALASKA A M I    00000001 INTL 20091013)
[    0.018308] ACPI: PCAT 0x000000006BA48D00 000088 (v02 ALASKA A M I    00000002 INTL 20091013)
[    0.018310] ACPI: PCCT 0x000000006BA48D88 00006E (v01 ALASKA A M I    00000002 INTL 20091013)
[    0.018313] ACPI: RASF 0x000000006BA48DF8 000030 (v01 ALASKA A M I    00000001 INTL 20091013)
[    0.018316] ACPI: SLIT 0x000000006BA48E28 00012C (v01 ALASKA A M I    00000001 INTL 20091013)
[    0.018318] ACPI: SRAT 0x000000006BA48F58 0016B0 (v03 ALASKA A M I    00000002 INTL 20091013)
[    0.018321] ACPI: SVOS 0x000000006BA4A608 000032 (v01 ALASKA A M I    00000000 INTL 20091013)
[    0.018324] ACPI: WDDT 0x000000006BA4A640 000040 (v01 ALASKA A M I    00000000 INTL 20091013)
[    0.018326] ACPI: OEM1 0x000000006BA4A680 015174 (v02 INTEL  CPU EIST 00003000 INTL 20140828)
[    0.018329] ACPI: OEM2 0x000000006BA5F7F8 017554 (v02 INTEL  CPU  HWP 00003000 INTL 20140828)
[    0.018332] ACPI: SSDT 0x000000006BA76D50 019D00 (v02 INTEL  SSDT  PM 00004000 INTL 20140828)
[    0.018335] ACPI: OEM3 0x000000006BA90A50 013344 (v02 INTEL  CPU  TST 00003000 INTL 20140828)
[    0.018337] ACPI: SSDT 0x000000006BAA3D98 00065B (v02 ALASKA A M I    00000000 INTL 20091013)
[    0.018340] ACPI: VFCT 0x000000006BAA43F8 00E284 (v01 ALASKA A M I    00000001 AMD  31504F47)
[    0.018343] ACPI: SPCR 0x000000006BAB2680 000050 (v02 A M I  APTIO V  01072009 AMI. 0005000E)
[    0.018346] ACPI: SSDT 0x000000006BAB26D0 001B4E (v02 INTEL  SpsNm    00000002 INTL 20140828)
[    0.018348] ACPI: DMAR 0x000000006BAB4220 0002F0 (v01 ALASKA A M I    00000001 INTL 20091013)
[    0.018351] ACPI: HEST 0x000000006BAB4510 0000A8 (v01 ALASKA A M I    00000001 INTL 00000001)
[    0.018354] ACPI: BERT 0x000000006BAB45B8 000030 (v01 ALASKA A M I    00000001 INTL 00000001)
[    0.018357] ACPI: ERST 0x000000006BAB45E8 000230 (v01 ALASKA A M I    00000001 INTL 00000001)
[    0.018359] ACPI: EINJ 0x000000006BAB4818 000150 (v01 ALASKA A M I    00000001 INTL 00000001)
[    0.018362] ACPI: WSMT 0x000000006BAB4968 000028 (v01 ALASKA A M I    01072009 AMI  00010013)
[    0.018364] ACPI: Reserving FACP table memory at [mem 0x6ba478c8-0x6ba479db]
[    0.018366] ACPI: Reserving DSDT table memory at [mem 0x6b8ab280-0x6ba478c2]
[    0.018367] ACPI: Reserving FACS table memory at [mem 0x6c0b6080-0x6c0b60bf]
[    0.018368] ACPI: Reserving FPDT table memory at [mem 0x6ba479e0-0x6ba47a23]
[    0.018369] ACPI: Reserving FIDT table memory at [mem 0x6ba47a28-0x6ba47ac3]
[    0.018370] ACPI: Reserving SPMI table memory at [mem 0x6ba47ac8-0x6ba47b08]
[    0.018371] ACPI: Reserving SSDT table memory at [mem 0x6ba47b10-0x6ba47f7b]
[    0.018372] ACPI: Reserving MCFG table memory at [mem 0x6ba47f80-0x6ba47fbb]
[    0.018373] ACPI: Reserving HPET table memory at [mem 0x6ba47fc0-0x6ba47ff7]
[    0.018373] ACPI: Reserving APIC table memory at [mem 0x6ba47ff8-0x6ba48c55]
[    0.018374] ACPI: Reserving MIGT table memory at [mem 0x6ba48c58-0x6ba48c97]
[    0.018375] ACPI: Reserving MSCT table memory at [mem 0x6ba48c98-0x6ba48cfb]
[    0.018376] ACPI: Reserving PCAT table memory at [mem 0x6ba48d00-0x6ba48d87]
[    0.018377] ACPI: Reserving PCCT table memory at [mem 0x6ba48d88-0x6ba48df5]
[    0.018378] ACPI: Reserving RASF table memory at [mem 0x6ba48df8-0x6ba48e27]
[    0.018379] ACPI: Reserving SLIT table memory at [mem 0x6ba48e28-0x6ba48f53]
[    0.018380] ACPI: Reserving SRAT table memory at [mem 0x6ba48f58-0x6ba4a607]
[    0.018381] ACPI: Reserving SVOS table memory at [mem 0x6ba4a608-0x6ba4a639]
[    0.018382] ACPI: Reserving WDDT table memory at [mem 0x6ba4a640-0x6ba4a67f]
[    0.018383] ACPI: Reserving OEM1 table memory at [mem 0x6ba4a680-0x6ba5f7f3]
[    0.018384] ACPI: Reserving OEM2 table memory at [mem 0x6ba5f7f8-0x6ba76d4b]
[    0.018385] ACPI: Reserving SSDT table memory at [mem 0x6ba76d50-0x6ba90a4f]
[    0.018387] ACPI: Reserving OEM3 table memory at [mem 0x6ba90a50-0x6baa3d93]
[    0.018387] ACPI: Reserving SSDT table memory at [mem 0x6baa3d98-0x6baa43f2]
[    0.018388] ACPI: Reserving VFCT table memory at [mem 0x6baa43f8-0x6bab267b]
[    0.018389] ACPI: Reserving SPCR table memory at [mem 0x6bab2680-0x6bab26cf]
[    0.018390] ACPI: Reserving SSDT table memory at [mem 0x6bab26d0-0x6bab421d]
[    0.018391] ACPI: Reserving DMAR table memory at [mem 0x6bab4220-0x6bab450f]
[    0.018392] ACPI: Reserving HEST table memory at [mem 0x6bab4510-0x6bab45b7]
[    0.018393] ACPI: Reserving BERT table memory at [mem 0x6bab45b8-0x6bab45e7]
[    0.018394] ACPI: Reserving ERST table memory at [mem 0x6bab45e8-0x6bab4817]
[    0.018395] ACPI: Reserving EINJ table memory at [mem 0x6bab4818-0x6bab4967]
[    0.018396] ACPI: Reserving WSMT table memory at [mem 0x6bab4968-0x6bab498f]
[    0.018464] APIC: Switched APIC routing to: cluster x2apic
[    0.018488] SRAT: PXM 0 -> APIC 0x0000 -> Node 0
[    0.018489] SRAT: PXM 0 -> APIC 0x0002 -> Node 0
[    0.018490] SRAT: PXM 0 -> APIC 0x0004 -> Node 0
[    0.018491] SRAT: PXM 0 -> APIC 0x0006 -> Node 0
[    0.018491] SRAT: PXM 0 -> APIC 0x0008 -> Node 0
[    0.018492] SRAT: PXM 0 -> APIC 0x0010 -> Node 0
[    0.018493] SRAT: PXM 0 -> APIC 0x0012 -> Node 0
[    0.018494] SRAT: PXM 0 -> APIC 0x0014 -> Node 0
[    0.018495] SRAT: PXM 0 -> APIC 0x0016 -> Node 0
[    0.018495] SRAT: PXM 0 -> APIC 0x0018 -> Node 0
[    0.018496] SRAT: PXM 1 -> APIC 0x0020 -> Node 1
[    0.018497] SRAT: PXM 1 -> APIC 0x0022 -> Node 1
[    0.018498] SRAT: PXM 1 -> APIC 0x0024 -> Node 1
[    0.018498] SRAT: PXM 1 -> APIC 0x0026 -> Node 1
[    0.018499] SRAT: PXM 1 -> APIC 0x0028 -> Node 1
[    0.018500] SRAT: PXM 1 -> APIC 0x0030 -> Node 1
[    0.018501] SRAT: PXM 1 -> APIC 0x0032 -> Node 1
[    0.018501] SRAT: PXM 1 -> APIC 0x0034 -> Node 1
[    0.018502] SRAT: PXM 1 -> APIC 0x0036 -> Node 1
[    0.018503] SRAT: PXM 1 -> APIC 0x0038 -> Node 1
[    0.018503] SRAT: PXM 0 -> APIC 0x0001 -> Node 0
[    0.018504] SRAT: PXM 0 -> APIC 0x0003 -> Node 0
[    0.018505] SRAT: PXM 0 -> APIC 0x0005 -> Node 0
[    0.018506] SRAT: PXM 0 -> APIC 0x0007 -> Node 0
[    0.018506] SRAT: PXM 0 -> APIC 0x0009 -> Node 0
[    0.018507] SRAT: PXM 0 -> APIC 0x0011 -> Node 0
[    0.018508] SRAT: PXM 0 -> APIC 0x0013 -> Node 0
[    0.018508] SRAT: PXM 0 -> APIC 0x0015 -> Node 0
[    0.018509] SRAT: PXM 0 -> APIC 0x0017 -> Node 0
[    0.018510] SRAT: PXM 0 -> APIC 0x0019 -> Node 0
[    0.018510] SRAT: PXM 1 -> APIC 0x0021 -> Node 1
[    0.018511] SRAT: PXM 1 -> APIC 0x0023 -> Node 1
[    0.018512] SRAT: PXM 1 -> APIC 0x0025 -> Node 1
[    0.018513] SRAT: PXM 1 -> APIC 0x0027 -> Node 1
[    0.018513] SRAT: PXM 1 -> APIC 0x0029 -> Node 1
[    0.018514] SRAT: PXM 1 -> APIC 0x0031 -> Node 1
[    0.018515] SRAT: PXM 1 -> APIC 0x0033 -> Node 1
[    0.018515] SRAT: PXM 1 -> APIC 0x0035 -> Node 1
[    0.018516] SRAT: PXM 1 -> APIC 0x0037 -> Node 1
[    0.018517] SRAT: PXM 1 -> APIC 0x0039 -> Node 1
[    0.018521] ACPI: SRAT: Node 0 PXM 0 [mem 0x00000000-0x7fffffff]
[    0.018523] ACPI: SRAT: Node 0 PXM 0 [mem 0x100000000-0x183fffffff]
[    0.018525] ACPI: SRAT: Node 1 PXM 1 [mem 0x1840000000-0x303fffffff]
[    0.018532] NUMA: Initialized distance table, cnt=2
[    0.018535] NUMA: Node 0 [mem 0x00000000-0x7fffffff] + [mem 0x100000000-0x183fffffff] -> [mem 0x00000000-0x183fffffff]
[    0.018547] NODE_DATA(0) allocated [mem 0x183ffde000-0x183fffffff]
[    0.018562] NODE_DATA(1) allocated [mem 0x303b7db000-0x303b7fcfff]
[    0.018710] hugetlb_cma: reserve 49152 MiB, up to 24576 MiB per node
[    0.018714] cma: Reserved 24576 MiB at 0x0000000100000000 on node 0
[    0.018716] hugetlb_cma: reserved 24576 MiB on node 0
[    0.018717] cma: Reserved 24576 MiB at 0x0000001840000000 on node 1
[    0.018719] hugetlb_cma: reserved 24576 MiB on node 1
[    0.018866] Zone ranges:
[    0.018867]   DMA      [mem 0x0000000000001000-0x0000000000ffffff]
[    0.018869]   DMA32    [mem 0x0000000001000000-0x00000000ffffffff]
[    0.018870]   Normal   [mem 0x0000000100000000-0x000000303fffffff]
[    0.018872] Movable zone start for each node
[    0.018874] Early memory node ranges
[    0.018875]   node   0: [mem 0x0000000000001000-0x000000000009ffff]
[    0.018876]   node   0: [mem 0x0000000000100000-0x00000000687fbfff]
[    0.018878]   node   0: [mem 0x000000006fb34000-0x000000006fffffff]
[    0.018878]   node   0: [mem 0x0000000100000000-0x000000183fffffff]
[    0.018887]   node   1: [mem 0x0000001840000000-0x000000303fffffff]
[    0.018896] Initmem setup node 0 [mem 0x0000000000001000-0x000000183fffffff]
[    0.018899] Initmem setup node 1 [mem 0x0000001840000000-0x000000303fffffff]
[    0.018903] On node 0, zone DMA: 1 pages in unavailable ranges
[    0.018931] On node 0, zone DMA: 96 pages in unavailable ranges
[    0.022054] On node 0, zone DMA32: 29496 pages in unavailable ranges
[    0.022847] ACPI: PM-Timer IO Port: 0x508
[    0.022862] ACPI: X2APIC_NMI (uid[0xffffffff] high level lint[0x1])
[    0.022865] ACPI: LAPIC_NMI (acpi_id[0xff] dfl edge lint[0x1])
[    0.022884] IOAPIC[0]: apic_id 8, version 32, address 0xfec00000, GSI 0-23
[    0.022889] IOAPIC[1]: apic_id 9, version 32, address 0xfec01000, GSI 24-31
[    0.022894] IOAPIC[2]: apic_id 10, version 32, address 0xfec08000, GSI 32-39
[    0.022898] IOAPIC[3]: apic_id 11, version 32, address 0xfec10000, GSI 40-47
[    0.022902] IOAPIC[4]: apic_id 12, version 32, address 0xfec18000, GSI 48-55
[    0.022907] IOAPIC[5]: apic_id 15, version 32, address 0xfec20000, GSI 72-79
[    0.022912] IOAPIC[6]: apic_id 16, version 32, address 0xfec28000, GSI 80-87
[    0.022916] IOAPIC[7]: apic_id 17, version 32, address 0xfec30000, GSI 88-95
[    0.022921] IOAPIC[8]: apic_id 18, version 32, address 0xfec38000, GSI 96-103
[    0.022925] ACPI: INT_SRC_OVR (bus 0 bus_irq 0 global_irq 2 dfl dfl)
[    0.022927] ACPI: INT_SRC_OVR (bus 0 bus_irq 9 global_irq 9 high level)
[    0.022935] ACPI: Using ACPI (MADT) for SMP configuration information
[    0.022936] ACPI: HPET id: 0x8086a701 base: 0xfed00000
[    0.022940] ACPI: SPCR: console: uart,io,0x2f8,115200
[    0.022941] TSC deadline timer available
[    0.022942] smpboot: Allowing 1 CPUs, 0 hotplug CPUs
[    0.022960] PM: hibernation: Registered nosave memory: [mem 0x00000000-0x00000fff]
[    0.022963] PM: hibernation: Registered nosave memory: [mem 0x000a0000-0x000fffff]
[    0.022965] PM: hibernation: Registered nosave memory: [mem 0x5baf3000-0x5baf3fff]
[    0.022967] PM: hibernation: Registered nosave memory: [mem 0x5bb0e000-0x5bb0efff]
[    0.022968] PM: hibernation: Registered nosave memory: [mem 0x5bb0f000-0x5bb0ffff]
[    0.022970] PM: hibernation: Registered nosave memory: [mem 0x5bb43000-0x5bb43fff]
[    0.022971] PM: hibernation: Registered nosave memory: [mem 0x5bb44000-0x5bb44fff]
[    0.022973] PM: hibernation: Registered nosave memory: [mem 0x5bb78000-0x5bb78fff]
[    0.022974] PM: hibernation: Registered nosave memory: [mem 0x5bb79000-0x5bb79fff]
[    0.022976] PM: hibernation: Registered nosave memory: [mem 0x5bb83000-0x5bb83fff]
[    0.022977] PM: hibernation: Registered nosave memory: [mem 0x5bb84000-0x5bb84fff]
[    0.022979] PM: hibernation: Registered nosave memory: [mem 0x5bb8e000-0x5bb8efff]
[    0.022980] PM: hibernation: Registered nosave memory: [mem 0x5bb8f000-0x5bb8ffff]
[    0.022982] PM: hibernation: Registered nosave memory: [mem 0x5bbb3000-0x5bbb3fff]
[    0.022983] PM: hibernation: Registered nosave memory: [mem 0x5bbb4000-0x5bbb4fff]
[    0.022985] PM: hibernation: Registered nosave memory: [mem 0x5bbbc000-0x5bbbcfff]
[    0.022987] PM: hibernation: Registered nosave memory: [mem 0x62eca000-0x62ecafff]
[    0.022989] PM: hibernation: Registered nosave memory: [mem 0x687fc000-0x6a8fbfff]
[    0.022989] PM: hibernation: Registered nosave memory: [mem 0x6a8fc000-0x6aed7fff]
[    0.022990] PM: hibernation: Registered nosave memory: [mem 0x6aed8000-0x6c0f9fff]
[    0.022991] PM: hibernation: Registered nosave memory: [mem 0x6c0fa000-0x6fb33fff]
[    0.022993] PM: hibernation: Registered nosave memory: [mem 0x70000000-0x7fffffff]
[    0.022994] PM: hibernation: Registered nosave memory: [mem 0x80000000-0xfed1ffff]
[    0.022995] PM: hibernation: Registered nosave memory: [mem 0xfed20000-0xfed44fff]
[    0.022996] PM: hibernation: Registered nosave memory: [mem 0xfed45000-0xffffffff]
[    0.022997] [mem 0x80000000-0xfed1ffff] available for PCI devices
[    0.023000] clocksource: refined-jiffies: mask: 0xffffffff max_cycles: 0xffffffff, max_idle_ns: 1910969940391419 ns
[    0.034559] setup_percpu: NR_CPUS:8192 nr_cpumask_bits:1 nr_cpu_ids:1 nr_node_ids:2
[    0.034804] percpu: Embedded 56 pages/cpu s189800 r8192 d31384 u2097152
[    0.034813] pcpu-alloc: s189800 r8192 d31384 u2097152 alloc=1*2097152
[    0.034816] pcpu-alloc: [0] 0 
[    0.034839] Kernel command line: BOOT_IMAGE=/vmlinuz-6.6.0-andres-00004-gec9aedb2aa1a root=/dev/mapper/awork3--sa--vg-root ro apparmor=0 console=ttyS1,115200 console=tty0 systemd.unified_cgroup_hierarchy intel_iommu=sm_on iommu=pt nvme.poll_queues=4 cgroup.memory=nokmem coredump_filter=511 log_buf_len=16M hugetlb_cma=48G quiet
[    0.034918] DMAR: Enable scalable mode if hardware supports
[    0.034933] Booting kernel: `4' invalid for parameter `nvme.poll_queues'
[    0.034980] Unknown kernel command line parameters "BOOT_IMAGE=/vmlinuz-6.6.0-andres-00004-gec9aedb2aa1a apparmor=0", will be passed to user space.
[    0.035002] random: crng init done
[    0.035026] Fallback order for Node 0: 0 1 
[    0.035029] Fallback order for Node 1: 1 0 
[    0.035031] Built 2 zonelists, mobility grouping on.  Total pages: 49193364
[    0.035033] Policy zone: Normal
[    0.035034] mem auto-init: stack:off, heap alloc:off, heap free:off
[    0.035047] software IO TLB: area num 1.
[    0.247252] Memory: 1640300K/199897500K available (26624K kernel code, 4315K rwdata, 22808K rodata, 2812K init, 3272K bss, 3407556K reserved, 50331648K cma-reserved)
[    0.247725] SLUB: HWalign=64, Order=0-3, MinObjects=0, CPUs=1, Nodes=2
[    0.247744] ftrace: allocating 78581 entries in 307 pages
[    0.263249] ftrace: allocated 307 pages with 5 groups
[    0.264414] Dynamic Preempt: voluntary
[    0.264441] rcu: Preemptible hierarchical RCU implementation.
[    0.264442] rcu: 	RCU restricting CPUs from NR_CPUS=8192 to nr_cpu_ids=1.
[    0.264443] 	Trampoline variant of Tasks RCU enabled.
[    0.264444] 	Rude variant of Tasks RCU enabled.
[    0.264445] 	Tracing variant of Tasks RCU enabled.
[    0.264445] rcu: RCU calculated value of scheduler-enlistment delay is 100 jiffies.
[    0.264446] rcu: Adjusting geometry for rcu_fanout_leaf=16, nr_cpu_ids=1
[    0.268596] NR_IRQS: 524544, nr_irqs: 256, preallocated irqs: 16
[    0.268792] rcu: srcu_init: Setting srcu_struct sizes based on contention.
[    0.268888] Console: colour dummy device 80x25
[    0.268890] printk: console [tty0] enabled
[    0.268946] printk: console [ttyS1] enabled
[    0.276502] mempolicy: Enabling automatic NUMA balancing. Configure with numa_balancing= or the kernel.numa_balancing sysctl
[    0.276506] ACPI: Core revision 20230628
[    0.278338] clocksource: hpet: mask: 0xffffffff max_cycles: 0xffffffff, max_idle_ns: 79635855245 ns
[    0.278384] APIC: Switch to symmetric I/O mode setup
[    0.278387] DMAR: Host address width 46
[    0.278388] DMAR: DRHD base: 0x000000d37fc000 flags: 0x0
[    0.278395] DMAR: dmar0: reg_base_addr d37fc000 ver 1:0 cap 8d2078c106f0466 ecap f020df
[    0.278398] DMAR: DRHD base: 0x000000e0ffc000 flags: 0x0
[    0.278403] DMAR: dmar1: reg_base_addr e0ffc000 ver 1:0 cap 8d2078c106f0466 ecap f020df
[    0.278406] DMAR: DRHD base: 0x000000ee7fc000 flags: 0x0
[    0.278411] DMAR: dmar2: reg_base_addr ee7fc000 ver 1:0 cap 8d2078c106f0466 ecap f020df
[    0.278413] DMAR: DRHD base: 0x000000fbffc000 flags: 0x0
[    0.278416] DMAR: dmar3: reg_base_addr fbffc000 ver 1:0 cap 8d2078c106f0466 ecap f020df
[    0.278418] DMAR: DRHD base: 0x000000aaffc000 flags: 0x0
[    0.278421] DMAR: dmar4: reg_base_addr aaffc000 ver 1:0 cap 8d2078c106f0466 ecap f020df
[    0.278423] DMAR: DRHD base: 0x000000b87fc000 flags: 0x0
[    0.278427] DMAR: dmar5: reg_base_addr b87fc000 ver 1:0 cap 8d2078c106f0466 ecap f020df
[    0.278428] DMAR: DRHD base: 0x000000c5ffc000 flags: 0x0
[    0.278433] DMAR: dmar6: reg_base_addr c5ffc000 ver 1:0 cap 8d2078c106f0466 ecap f020df
[    0.278434] DMAR: DRHD base: 0x0000009d7fc000 flags: 0x1
[    0.278438] DMAR: dmar7: reg_base_addr 9d7fc000 ver 1:0 cap 8d2078c106f0466 ecap f020df
[    0.278440] DMAR: RMRR base: 0x0000006f605000 end: 0x0000006f615fff
[    0.278442] DMAR: ATSR flags: 0x0
[    0.278443] DMAR: ATSR flags: 0x0
[    0.278444] DMAR: RHSA base: 0x0000009d7fc000 proximity domain: 0x0
[    0.278446] DMAR: RHSA base: 0x000000aaffc000 proximity domain: 0x0
[    0.278447] DMAR: RHSA base: 0x000000b87fc000 proximity domain: 0x0
[    0.278448] DMAR: RHSA base: 0x000000c5ffc000 proximity domain: 0x0
[    0.278449] DMAR: RHSA base: 0x000000d37fc000 proximity domain: 0x1
[    0.278450] DMAR: RHSA base: 0x000000e0ffc000 proximity domain: 0x1
[    0.278451] DMAR: RHSA base: 0x000000ee7fc000 proximity domain: 0x1
[    0.278452] DMAR: RHSA base: 0x000000fbffc000 proximity domain: 0x1
[    0.278454] DMAR-IR: IOAPIC id 12 under DRHD base  0xc5ffc000 IOMMU 6
[    0.278456] DMAR-IR: IOAPIC id 11 under DRHD base  0xb87fc000 IOMMU 5
[    0.278458] DMAR-IR: IOAPIC id 10 under DRHD base  0xaaffc000 IOMMU 4
[    0.278459] DMAR-IR: IOAPIC id 18 under DRHD base  0xfbffc000 IOMMU 3
[    0.278460] DMAR-IR: IOAPIC id 17 under DRHD base  0xee7fc000 IOMMU 2
[    0.278461] DMAR-IR: IOAPIC id 16 under DRHD base  0xe0ffc000 IOMMU 1
[    0.278463] DMAR-IR: IOAPIC id 15 under DRHD base  0xd37fc000 IOMMU 0
[    0.278464] DMAR-IR: IOAPIC id 8 under DRHD base  0x9d7fc000 IOMMU 7
[    0.278465] DMAR-IR: IOAPIC id 9 under DRHD base  0x9d7fc000 IOMMU 7
[    0.278466] DMAR-IR: HPET id 0 under DRHD base 0x9d7fc000
[    0.278468] DMAR-IR: Queued invalidation will be enabled to support x2apic and Intr-remapping.
[    0.280680] DMAR-IR: Enabled IRQ remapping in x2apic mode
[    0.281715] ..TIMER: vector=0x30 apic1=0 pin1=2 apic2=-1 pin2=-1
[    0.286364] clocksource: tsc-early: mask: 0xffffffffffffffff max_cycles: 0x240939f1bb2, max_idle_ns: 440795263295 ns
[    0.286369] Calibrating delay loop (skipped), value calculated using timer frequency.. 5000.00 BogoMIPS (lpj=2500000)
[    0.286397] CPU0: Thermal monitoring enabled (TM1)
[    0.286552] process: using mwait in idle threads
[    0.286555] Last level iTLB entries: 4KB 64, 2MB 8, 4MB 8
[    0.286557] Last level dTLB entries: 4KB 64, 2MB 0, 4MB 0, 1GB 4
[    0.286562] Spectre V1 : Mitigation: usercopy/swapgs barriers and __user pointer sanitization
[    0.286565] Spectre V2 : WARNING: Unprivileged eBPF is enabled with eIBRS on, data leaks possible via Spectre v2 BHB attacks!
[    0.287368] Spectre V2 : Mitigation: Enhanced / Automatic IBRS
[    0.287369] Spectre V2 : Spectre v2 / SpectreRSB mitigation: Filling RSB on context switch
[    0.287370] Spectre V2 : Spectre v2 / PBRSB-eIBRS: Retire a single CALL on VMEXIT
[    0.287372] RETBleed: Mitigation: Enhanced IBRS
[    0.287374] Spectre V2 : mitigation: Enabling conditional Indirect Branch Prediction Barrier
[    0.287376] Speculative Store Bypass: Mitigation: Speculative Store Bypass disabled via prctl
[    0.287383] TAA: Mitigation: TSX disabled
[    0.287384] MMIO Stale Data: Mitigation: Clear CPU buffers
[    0.287394] GDS: Mitigation: Microcode
[    0.287400] x86/fpu: Supporting XSAVE feature 0x001: 'x87 floating point registers'
[    0.287402] x86/fpu: Supporting XSAVE feature 0x002: 'SSE registers'
[    0.287403] x86/fpu: Supporting XSAVE feature 0x004: 'AVX registers'
[    0.287404] x86/fpu: Supporting XSAVE feature 0x008: 'MPX bounds registers'
[    0.287405] x86/fpu: Supporting XSAVE feature 0x010: 'MPX CSR'
[    0.287406] x86/fpu: Supporting XSAVE feature 0x020: 'AVX-512 opmask'
[    0.287407] x86/fpu: Supporting XSAVE feature 0x040: 'AVX-512 Hi256'
[    0.287408] x86/fpu: Supporting XSAVE feature 0x080: 'AVX-512 ZMM_Hi256'
[    0.287409] x86/fpu: Supporting XSAVE feature 0x200: 'Protection Keys User registers'
[    0.287410] x86/fpu: xstate_offset[2]:  576, xstate_sizes[2]:  256
[    0.287412] x86/fpu: xstate_offset[3]:  832, xstate_sizes[3]:   64
[    0.287413] x86/fpu: xstate_offset[4]:  896, xstate_sizes[4]:   64
[    0.287415] x86/fpu: xstate_offset[5]:  960, xstate_sizes[5]:   64
[    0.287416] x86/fpu: xstate_offset[6]: 1024, xstate_sizes[6]:  512
[    0.287417] x86/fpu: xstate_offset[7]: 1536, xstate_sizes[7]: 1024
[    0.287418] x86/fpu: xstate_offset[9]: 2560, xstate_sizes[9]:    8
[    0.287419] x86/fpu: Enabled xstate features 0x2ff, context size is 2568 bytes, using 'compacted' format.
[    0.304911] Freeing SMP alternatives memory: 60K
[    0.304914] pid_max: default: 32768 minimum: 301
[    0.306395] LSM: initializing lsm=capability,integrity
[    0.338333] Dentry cache hash table entries: 16777216 (order: 15, 134217728 bytes, vmalloc hugepage)
[    0.354272] Inode-cache hash table entries: 8388608 (order: 14, 67108864 bytes, vmalloc hugepage)
[    0.354822] Mount-cache hash table entries: 262144 (order: 9, 2097152 bytes, vmalloc)
[    0.355351] Mountpoint-cache hash table entries: 262144 (order: 9, 2097152 bytes, vmalloc)
[    0.356424] smpboot: CPU0: Intel(R) Xeon(R) Gold 5215 CPU @ 2.50GHz (family: 0x6, model: 0x55, stepping: 0x7)
[    0.356572] RCU Tasks: Setting shift to 0 and lim to 1 rcu_task_cb_adjust=1.
[    0.356587] RCU Tasks Rude: Setting shift to 0 and lim to 1 rcu_task_cb_adjust=1.
[    0.356601] RCU Tasks Trace: Setting shift to 0 and lim to 1 rcu_task_cb_adjust=1.
[    0.356614] Performance Events: PEBS fmt3+, Skylake events, 32-deep LBR, full-width counters, Intel PMU driver.
[    0.356641] ... version:                4
[    0.356642] ... bit width:              48
[    0.356643] ... generic registers:      4
[    0.356644] ... value mask:             0000ffffffffffff
[    0.356645] ... max period:             00007fffffffffff
[    0.356646] ... fixed-purpose events:   3
[    0.356647] ... event mask:             000000070000000f
[    0.356749] signal: max sigframe size: 3632
[    0.356764] Estimated ratio of average max frequency by base frequency (times 1024): 1310
[    0.356790] rcu: Hierarchical SRCU implementation.
[    0.356791] rcu: 	Max phase no-delay instances is 400.
[    0.357098] smp: Bringing up secondary CPUs ...
[    0.357107] smp: Brought up 2 nodes, 1 CPU
[    0.357108] smpboot: Max logical packages: 1
[    0.357110] smpboot: Total of 1 processors activated (5000.00 BogoMIPS)
[    0.726283] node 0 deferred pages initialised in 368ms
[    0.774704] node 1 deferred pages initialised in 418ms
[    0.781943] devtmpfs: initialized
[    0.781989] x86/mm: Memory block size: 2048MB
[    0.786056] ACPI: PM: Registering ACPI NVS region [mem 0x6aed8000-0x6c0f9fff] (19013632 bytes)
[    0.786303] clocksource: jiffies: mask: 0xffffffff max_cycles: 0xffffffff, max_idle_ns: 1911260446275000 ns
[    0.786310] futex hash table entries: 256 (order: 2, 16384 bytes, vmalloc)
[    0.980778] pinctrl core: initialized pinctrl subsystem
[    0.981682] NET: Registered PF_NETLINK/PF_ROUTE protocol family
[    0.981818] audit: initializing netlink subsys (disabled)
[    0.981844] audit: type=2000 audit(1701843060.703:1): state=initialized audit_enabled=0 res=1
[    0.981933] thermal_sys: Registered thermal governor 'fair_share'
[    0.981934] thermal_sys: Registered thermal governor 'bang_bang'
[    0.981935] thermal_sys: Registered thermal governor 'step_wise'
[    0.981936] thermal_sys: Registered thermal governor 'user_space'
[    0.981936] thermal_sys: Registered thermal governor 'power_allocator'
[    0.981945] cpuidle: using governor ladder
[    0.981949] cpuidle: using governor menu
[    0.981965] Detected 1 PCC Subspaces
[    0.981966] Registering PCC driver as Mailbox controller
[    0.982045] ACPI FADT declares the system doesn't support PCIe ASPM, so disable it
[    0.982047] acpiphp: ACPI Hot Plug PCI Controller Driver version: 0.5
[    0.982097] dca service started, version 1.12.1
[    0.982108] PCI: MMCONFIG for domain 0000 [bus 00-ff] at [mem 0x80000000-0x8fffffff] (base 0x80000000)
[    0.982112] PCI: not using MMCONFIG
[    0.982113] PCI: Using configuration type 1 for base access
[    0.982204] ENERGY_PERF_BIAS: Set to 'normal', was 'performance'
[    0.982268] kprobes: kprobe jump-optimization is enabled. All kprobes are optimized if possible.
[    1.038517] HugeTLB: registered 1.00 GiB page size, pre-allocated 0 pages
[    1.038519] HugeTLB: 16380 KiB vmemmap can be freed for a 1.00 GiB page
[    1.038521] HugeTLB: registered 2.00 MiB page size, pre-allocated 0 pages
[    1.038523] HugeTLB: 28 KiB vmemmap can be freed for a 2.00 MiB page
[    1.041505] cryptd: max_cpu_qlen set to 1000
[    1.041640] raid6: skipped pq benchmark and selected avx512x4
[    1.041642] raid6: using avx512x2 recovery algorithm
[    1.041709] ACPI: Added _OSI(Module Device)
[    1.041710] ACPI: Added _OSI(Processor Device)
[    1.041712] ACPI: Added _OSI(3.0 _SCP Extensions)
[    1.041713] ACPI: Added _OSI(Processor Aggregator Device)
[    1.137540] ACPI: 5 ACPI AML tables successfully acquired and loaded
[    1.140504] ACPI: [Firmware Bug]: BIOS _OSI(Linux) query ignored
[    1.153754] ACPI: _OSC evaluated successfully for all CPUs
[    1.154245] ACPI: Interpreter enabled
[    1.154264] ACPI: PM: (supports S0 S4 S5)
[    1.154266] ACPI: Using IOAPIC for interrupt routing
[    1.154289] PCI: MMCONFIG for domain 0000 [bus 00-ff] at [mem 0x80000000-0x8fffffff] (base 0x80000000)
[    1.160865] [Firmware Info]: PCI: MMCONFIG at [mem 0x80000000-0x8fffffff] not reserved in ACPI motherboard resources
[    1.160867] PCI: MMCONFIG at [mem 0x80000000-0x8fffffff] reserved as EfiMemoryMappedIO
[    1.160905] HEST: Table parsing has been initialized.
[    1.161374] GHES: APEI firmware first mode is enabled by APEI bit and WHEA _OSC.
[    1.161378] PCI: Using host bridge windows from ACPI; if necessary, use "pci=nocrs" and report a bug
[    1.161380] PCI: Ignoring E820 reservations for host bridge windows
[    1.165297] ACPI: Enabled 6 GPEs in block 00 to 7F
[    1.187961] APIC: NR_CPUS/possible_cpus limit of 1 reached. Processor 1/0x7f00 ignored.
[    1.187964] ACPI: Unable to map lapic to logical cpu number
[    1.188191] APIC: NR_CPUS/possible_cpus limit of 1 reached. Processor 2/0x7f02 ignored.
[    1.188192] ACPI: Unable to map lapic to logical cpu number
[    1.188417] APIC: NR_CPUS/possible_cpus limit of 1 reached. Processor 3/0x7f04 ignored.
[    1.188419] ACPI: Unable to map lapic to logical cpu number
[    1.188641] APIC: NR_CPUS/possible_cpus limit of 1 reached. Processor 4/0x7f06 ignored.
[    1.188642] ACPI: Unable to map lapic to logical cpu number
[    1.188859] APIC: NR_CPUS/possible_cpus limit of 1 reached. Processor 5/0x7f08 ignored.
[    1.188861] ACPI: Unable to map lapic to logical cpu number
[    1.189077] APIC: NR_CPUS/possible_cpus limit of 1 reached. Processor 6/0x7f10 ignored.
[    1.189079] ACPI: Unable to map lapic to logical cpu number
[    1.189295] APIC: NR_CPUS/possible_cpus limit of 1 reached. Processor 7/0x7f12 ignored.
[    1.189296] ACPI: Unable to map lapic to logical cpu number
[    1.189517] APIC: NR_CPUS/possible_cpus limit of 1 reached. Processor 8/0x7f14 ignored.
[    1.189518] ACPI: Unable to map lapic to logical cpu number
[    1.189735] APIC: NR_CPUS/possible_cpus limit of 1 reached. Processor 9/0x7f16 ignored.
[    1.189736] ACPI: Unable to map lapic to logical cpu number
[    1.189951] APIC: NR_CPUS/possible_cpus limit of 1 reached. Processor 10/0x7f18 ignored.
[    1.189952] ACPI: Unable to map lapic to logical cpu number
[    1.190168] APIC: NR_CPUS/possible_cpus limit of 1 reached. Processor 11/0x7f01 ignored.
[    1.190170] ACPI: Unable to map lapic to logical cpu number
[    1.190387] APIC: NR_CPUS/possible_cpus limit of 1 reached. Processor 12/0x7f03 ignored.
[    1.190388] ACPI: Unable to map lapic to logical cpu number
[    1.190604] APIC: NR_CPUS/possible_cpus limit of 1 reached. Processor 13/0x7f05 ignored.
[    1.190606] ACPI: Unable to map lapic to logical cpu number
[    1.190821] APIC: NR_CPUS/possible_cpus limit of 1 reached. Processor 14/0x7f07 ignored.
[    1.190822] ACPI: Unable to map lapic to logical cpu number
[    1.191038] APIC: NR_CPUS/possible_cpus limit of 1 reached. Processor 15/0x7f09 ignored.
[    1.191039] ACPI: Unable to map lapic to logical cpu number
[    1.191254] APIC: NR_CPUS/possible_cpus limit of 1 reached. Processor 16/0x7f11 ignored.
[    1.191256] ACPI: Unable to map lapic to logical cpu number
[    1.191476] APIC: NR_CPUS/possible_cpus limit of 1 reached. Processor 17/0x7f13 ignored.
[    1.191477] ACPI: Unable to map lapic to logical cpu number
[    1.191693] APIC: NR_CPUS/possible_cpus limit of 1 reached. Processor 18/0x7f15 ignored.
[    1.191694] ACPI: Unable to map lapic to logical cpu number
[    1.191910] APIC: NR_CPUS/possible_cpus limit of 1 reached. Processor 19/0x7f17 ignored.
[    1.191912] ACPI: Unable to map lapic to logical cpu number
[    1.192128] APIC: NR_CPUS/possible_cpus limit of 1 reached. Processor 20/0x7f19 ignored.
[    1.192129] ACPI: Unable to map lapic to logical cpu number
[    1.193033] APIC: NR_CPUS/possible_cpus limit of 1 reached. Processor 21/0x7f20 ignored.
[    1.193035] ACPI: Unable to map lapic to logical cpu number
[    1.193253] APIC: NR_CPUS/possible_cpus limit of 1 reached. Processor 22/0x7f22 ignored.
[    1.193254] ACPI: Unable to map lapic to logical cpu number
[    1.193471] APIC: NR_CPUS/possible_cpus limit of 1 reached. Processor 23/0x7f24 ignored.
[    1.193472] ACPI: Unable to map lapic to logical cpu number
[    1.193688] APIC: NR_CPUS/possible_cpus limit of 1 reached. Processor 24/0x7f26 ignored.
[    1.193690] ACPI: Unable to map lapic to logical cpu number
[    1.193905] APIC: NR_CPUS/possible_cpus limit of 1 reached. Processor 25/0x7f28 ignored.
[    1.193907] ACPI: Unable to map lapic to logical cpu number
[    1.194122] APIC: NR_CPUS/possible_cpus limit of 1 reached. Processor 26/0x7f30 ignored.
[    1.194123] ACPI: Unable to map lapic to logical cpu number
[    1.194338] APIC: NR_CPUS/possible_cpus limit of 1 reached. Processor 27/0x7f32 ignored.
[    1.194340] ACPI: Unable to map lapic to logical cpu number
[    1.194559] APIC: NR_CPUS/possible_cpus limit of 1 reached. Processor 28/0x7f34 ignored.
[    1.194560] ACPI: Unable to map lapic to logical cpu number
[    1.194777] APIC: NR_CPUS/possible_cpus limit of 1 reached. Processor 29/0x7f36 ignored.
[    1.194778] ACPI: Unable to map lapic to logical cpu number
[    1.194995] APIC: NR_CPUS/possible_cpus limit of 1 reached. Processor 30/0x7f38 ignored.
[    1.194996] ACPI: Unable to map lapic to logical cpu number
[    1.195212] APIC: NR_CPUS/possible_cpus limit of 1 reached. Processor 31/0x7f21 ignored.
[    1.195213] ACPI: Unable to map lapic to logical cpu number
[    1.195433] APIC: NR_CPUS/possible_cpus limit of 1 reached. Processor 32/0x7f23 ignored.
[    1.195434] ACPI: Unable to map lapic to logical cpu number
[    1.195651] APIC: NR_CPUS/possible_cpus limit of 1 reached. Processor 33/0x7f25 ignored.
[    1.195652] ACPI: Unable to map lapic to logical cpu number
[    1.195867] APIC: NR_CPUS/possible_cpus limit of 1 reached. Processor 34/0x7f27 ignored.
[    1.195869] ACPI: Unable to map lapic to logical cpu number
[    1.196084] APIC: NR_CPUS/possible_cpus limit of 1 reached. Processor 35/0x7f29 ignored.
[    1.196086] ACPI: Unable to map lapic to logical cpu number
[    1.196301] APIC: NR_CPUS/possible_cpus limit of 1 reached. Processor 36/0x7f31 ignored.
[    1.196303] ACPI: Unable to map lapic to logical cpu number
[    1.196519] APIC: NR_CPUS/possible_cpus limit of 1 reached. Processor 37/0x7f33 ignored.
[    1.196521] ACPI: Unable to map lapic to logical cpu number
[    1.196736] APIC: NR_CPUS/possible_cpus limit of 1 reached. Processor 38/0x7f35 ignored.
[    1.196737] ACPI: Unable to map lapic to logical cpu number
[    1.196953] APIC: NR_CPUS/possible_cpus limit of 1 reached. Processor 39/0x7f37 ignored.
[    1.196954] ACPI: Unable to map lapic to logical cpu number
[    1.197169] APIC: NR_CPUS/possible_cpus limit of 1 reached. Processor 40/0x7f39 ignored.
[    1.197170] ACPI: Unable to map lapic to logical cpu number
[    1.198005] ACPI: PCI Root Bridge [PC00] (domain 0000 [bus 00-16])
[    1.198011] acpi PNP0A08:00: _OSC: OS supports [ExtendedConfig ASPM ClockPM Segments MSI HPX-Type3]
[    1.198066] acpi PNP0A08:00: _OSC: platform does not support [AER LTR]
[    1.198158] acpi PNP0A08:00: _OSC: OS now controls [PCIeHotplug PME PCIeCapability]
[    1.198160] acpi PNP0A08:00: FADT indicates ASPM is unsupported, using BIOS configuration
[    1.198689] PCI host bridge to bus 0000:00
[    1.198691] pci_bus 0000:00: root bus resource [io  0x0000-0x03af window]
[    1.198693] pci_bus 0000:00: root bus resource [io  0x03e0-0x0cf7 window]
[    1.198695] pci_bus 0000:00: root bus resource [io  0x03b0-0x03bb window]
[    1.198696] pci_bus 0000:00: root bus resource [io  0x03c0-0x03df window]
[    1.198697] pci_bus 0000:00: root bus resource [io  0x1000-0x3fff window]
[    1.198699] pci_bus 0000:00: root bus resource [mem 0x000a0000-0x000bffff window]
[    1.198700] pci_bus 0000:00: root bus resource [mem 0x000c4000-0x000c7fff window]
[    1.198702] pci_bus 0000:00: root bus resource [mem 0xfe010000-0xfe010fff window]
[    1.198703] pci_bus 0000:00: root bus resource [mem 0x90000000-0x9d7fffff window]
[    1.198705] pci_bus 0000:00: root bus resource [mem 0x380000000000-0x383fffffffff window]
[    1.198707] pci_bus 0000:00: root bus resource [bus 00-16]
[    1.198728] pci 0000:00:00.0: [8086:2020] type 00 class 0x060000
[    1.198886] pci 0000:00:04.0: [8086:2021] type 00 class 0x088000
[    1.198905] pci 0000:00:04.0: reg 0x10: [mem 0x383ffff40000-0x383ffff43fff 64bit]
[    1.199009] pci 0000:00:04.1: [8086:2021] type 00 class 0x088000
[    1.199028] pci 0000:00:04.1: reg 0x10: [mem 0x383ffff3c000-0x383ffff3ffff 64bit]
[    1.199127] pci 0000:00:04.2: [8086:2021] type 00 class 0x088000
[    1.199146] pci 0000:00:04.2: reg 0x10: [mem 0x383ffff38000-0x383ffff3bfff 64bit]
[    1.199244] pci 0000:00:04.3: [8086:2021] type 00 class 0x088000
[    1.199263] pci 0000:00:04.3: reg 0x10: [mem 0x383ffff34000-0x383ffff37fff 64bit]
[    1.199358] pci 0000:00:04.4: [8086:2021] type 00 class 0x088000
[    1.199377] pci 0000:00:04.4: reg 0x10: [mem 0x383ffff30000-0x383ffff33fff 64bit]
[    1.199473] pci 0000:00:04.5: [8086:2021] type 00 class 0x088000
[    1.199492] pci 0000:00:04.5: reg 0x10: [mem 0x383ffff2c000-0x383ffff2ffff 64bit]
[    1.199587] pci 0000:00:04.6: [8086:2021] type 00 class 0x088000
[    1.199606] pci 0000:00:04.6: reg 0x10: [mem 0x383ffff28000-0x383ffff2bfff 64bit]
[    1.199702] pci 0000:00:04.7: [8086:2021] type 00 class 0x088000
[    1.199720] pci 0000:00:04.7: reg 0x10: [mem 0x383ffff24000-0x383ffff27fff 64bit]
[    1.199814] pci 0000:00:05.0: [8086:2024] type 00 class 0x088000
[    1.199912] pci 0000:00:05.1: [8086:2022] type 00 class 0x088000
[    1.200034] pci 0000:00:05.2: [8086:2025] type 00 class 0x088000
[    1.200128] pci 0000:00:05.4: [8086:2026] type 00 class 0x080020
[    1.200145] pci 0000:00:05.4: reg 0x10: [mem 0x9d30a000-0x9d30afff]
[    1.200256] pci 0000:00:05.6: [8086:2027] type 00 class 0x110100
[    1.200348] pci 0000:00:07.0: [8086:2028] type 00 class 0x088000
[    1.200442] pci 0000:00:07.4: [8086:202c] type 00 class 0x088000
[    1.200534] pci 0000:00:07.7: [8086:202d] type 00 class 0x088000
[    1.200624] pci 0000:00:08.0: [8086:2014] type 00 class 0x088000
[    1.200715] pci 0000:00:08.1: [8086:2015] type 00 class 0x110100
[    1.200783] pci 0000:00:08.2: [8086:2016] type 00 class 0x088000
[    1.200875] pci 0000:00:11.0: [8086:a1ec] type 00 class 0xff0000
[    1.200968] pci 0000:00:11.5: [8086:a1d2] type 00 class 0x010601
[    1.200991] pci 0000:00:11.5: reg 0x10: [mem 0x9d306000-0x9d307fff]
[    1.201006] pci 0000:00:11.5: reg 0x14: [mem 0x9d309000-0x9d3090ff]
[    1.201020] pci 0000:00:11.5: reg 0x18: [io  0x3070-0x3077]
[    1.201034] pci 0000:00:11.5: reg 0x1c: [io  0x3060-0x3063]
[    1.201049] pci 0000:00:11.5: reg 0x20: [io  0x3020-0x303f]
[    1.201063] pci 0000:00:11.5: reg 0x24: [mem 0x9d280000-0x9d2fffff]
[    1.201104] pci 0000:00:11.5: PME# supported from D3hot
[    1.201306] pci 0000:00:14.0: [8086:a1af] type 00 class 0x0c0330
[    1.201337] pci 0000:00:14.0: reg 0x10: [mem 0x383ffff10000-0x383ffff1ffff 64bit]
[    1.201435] pci 0000:00:14.0: PME# supported from D3hot D3cold
[    1.201621] pci 0000:00:14.2: [8086:a1b1] type 00 class 0x118000
[    1.201652] pci 0000:00:14.2: reg 0x10: [mem 0x383ffff47000-0x383ffff47fff 64bit]
[    1.201808] pci 0000:00:16.0: [8086:a1ba] type 00 class 0x078000
[    1.201845] pci 0000:00:16.0: reg 0x10: [mem 0x383ffff46000-0x383ffff46fff 64bit]
[    1.201960] pci 0000:00:16.0: PME# supported from D3hot
[    1.202026] pci 0000:00:16.1: [8086:a1bb] type 00 class 0x078000
[    1.202063] pci 0000:00:16.1: reg 0x10: [mem 0x383ffff45000-0x383ffff45fff 64bit]
[    1.202178] pci 0000:00:16.1: PME# supported from D3hot
[    1.202246] pci 0000:00:16.4: [8086:a1be] type 00 class 0x078000
[    1.202283] pci 0000:00:16.4: reg 0x10: [mem 0x383ffff44000-0x383ffff44fff 64bit]
[    1.202398] pci 0000:00:16.4: PME# supported from D3hot
[    1.202463] pci 0000:00:17.0: [8086:a182] type 00 class 0x010601
[    1.202486] pci 0000:00:17.0: reg 0x10: [mem 0x9d304000-0x9d305fff]
[    1.202501] pci 0000:00:17.0: reg 0x14: [mem 0x9d308000-0x9d3080ff]
[    1.202515] pci 0000:00:17.0: reg 0x18: [io  0x3050-0x3057]
[    1.202529] pci 0000:00:17.0: reg 0x1c: [io  0x3040-0x3043]
[    1.202543] pci 0000:00:17.0: reg 0x20: [io  0x3000-0x301f]
[    1.202557] pci 0000:00:17.0: reg 0x24: [mem 0x9d200000-0x9d27ffff]
[    1.202599] pci 0000:00:17.0: PME# supported from D3hot
[    1.202780] pci 0000:00:1c.0: [8086:a190] type 01 class 0x060400
[    1.202872] pci 0000:00:1c.0: PME# supported from D0 D3hot D3cold
[    1.203229] pci 0000:00:1c.2: [8086:a192] type 01 class 0x060400
[    1.203326] pci 0000:00:1c.2: PME# supported from D0 D3hot D3cold
[    1.203687] pci 0000:00:1c.5: [8086:a195] type 01 class 0x060400
[    1.203784] pci 0000:00:1c.5: PME# supported from D0 D3hot D3cold
[    1.204146] pci 0000:00:1f.0: [8086:a1c1] type 00 class 0x060100
[    1.204417] pci 0000:00:1f.2: [8086:a1a1] type 00 class 0x058000
[    1.204437] pci 0000:00:1f.2: reg 0x10: [mem 0x9d300000-0x9d303fff]
[    1.204645] pci 0000:00:1f.3: [8086:a1f0] type 00 class 0x040300
[    1.204675] pci 0000:00:1f.3: reg 0x10: [mem 0x383ffff20000-0x383ffff23fff 64bit]
[    1.204713] pci 0000:00:1f.3: reg 0x20: [mem 0x383ffff00000-0x383ffff0ffff 64bit]
[    1.204776] pci 0000:00:1f.3: PME# supported from D3hot D3cold
[    1.205023] pci 0000:00:1f.4: [8086:a1a3] type 00 class 0x0c0500
[    1.205058] pci 0000:00:1f.4: reg 0x10: [mem 0x9d7fb000-0x9d7fb0ff 64bit]
[    1.205099] pci 0000:00:1f.4: reg 0x20: [io  0x3fe0-0x3fff]
[    1.205183] pci 0000:00:1f.5: [8086:a1a4] type 00 class 0x0c8000
[    1.205208] pci 0000:00:1f.5: reg 0x10: [mem 0xfe010000-0xfe010fff]
[    1.205378] pci 0000:00:1c.0: PCI bridge to [bus 01]
[    1.205442] pci 0000:02:00.0: [1b21:2142] type 00 class 0x0c0330
[    1.205477] pci 0000:02:00.0: reg 0x10: [mem 0x9d100000-0x9d107fff 64bit]
[    1.205561] pci 0000:02:00.0: enabling Extended Tags
[    1.205626] pci 0000:02:00.0: PME# supported from D0
[    1.205756] pci 0000:00:1c.2: PCI bridge to [bus 02]
[    1.205760] pci 0000:00:1c.2:   bridge window [mem 0x9d100000-0x9d1fffff]
[    1.205819] pci 0000:03:00.0: [1a03:1150] type 01 class 0x060400
[    1.205899] pci 0000:03:00.0: enabling Extended Tags
[    1.205963] pci 0000:03:00.0: supports D1 D2
[    1.205964] pci 0000:03:00.0: PME# supported from D0 D1 D2 D3hot D3cold
[    1.206068] pci 0000:00:1c.5: PCI bridge to [bus 03-04]
[    1.206071] pci 0000:00:1c.5:   bridge window [io  0x2000-0x2fff]
[    1.206074] pci 0000:00:1c.5:   bridge window [mem 0x9c000000-0x9d0fffff]
[    1.206113] pci_bus 0000:04: extended config space not accessible
[    1.206137] pci 0000:04:00.0: [1a03:2000] type 00 class 0x030000
[    1.206168] pci 0000:04:00.0: reg 0x10: [mem 0x9c000000-0x9cffffff]
[    1.206187] pci 0000:04:00.0: reg 0x14: [mem 0x9d000000-0x9d01ffff]
[    1.206205] pci 0000:04:00.0: reg 0x18: [io  0x2000-0x207f]
[    1.206290] pci 0000:04:00.0: Video device with shadowed ROM at [mem 0x000c0000-0x000dffff]
[    1.206327] pci 0000:04:00.0: supports D1 D2
[    1.206328] pci 0000:04:00.0: PME# supported from D0 D1 D2 D3hot D3cold
[    1.206428] pci 0000:03:00.0: PCI bridge to [bus 04]
[    1.206434] pci 0000:03:00.0:   bridge window [io  0x2000-0x2fff]
[    1.206437] pci 0000:03:00.0:   bridge window [mem 0x9c000000-0x9d0fffff]
[    1.206478] pci_bus 0000:00: on NUMA node 0
[    1.207040] ACPI: PCI Root Bridge [PC01] (domain 0000 [bus 17-39])
[    1.207044] acpi PNP0A08:01: _OSC: OS supports [ExtendedConfig ASPM ClockPM Segments MSI HPX-Type3]
[    1.207304] acpi PNP0A08:01: _OSC: platform does not support [AER LTR]
[    1.207509] acpi PNP0A08:01: _OSC: OS now controls [PCIeHotplug PME PCIeCapability]
[    1.207511] acpi PNP0A08:01: FADT indicates ASPM is unsupported, using BIOS configuration
[    1.207667] PCI host bridge to bus 0000:17
[    1.207669] pci_bus 0000:17: root bus resource [io  0x4000-0x5fff window]
[    1.207671] pci_bus 0000:17: root bus resource [mem 0x9d800000-0xaaffffff window]
[    1.207672] pci_bus 0000:17: root bus resource [mem 0x384000000000-0x387fffffffff window]
[    1.207674] pci_bus 0000:17: root bus resource [bus 17-39]
[    1.207692] pci 0000:17:00.0: [8086:2030] type 01 class 0x060400
[    1.207741] pci 0000:17:00.0: enabling Extended Tags
[    1.207776] pci 0000:17:00.0: PME# supported from D0 D3hot D3cold
[    1.207929] pci 0000:17:05.0: [8086:2034] type 00 class 0x088000
[    1.208025] pci 0000:17:05.2: [8086:2035] type 00 class 0x088000
[    1.208118] pci 0000:17:05.4: [8086:2036] type 00 class 0x080020
[    1.208135] pci 0000:17:05.4: reg 0x10: [mem 0xaaf00000-0xaaf00fff]
[    1.208246] pci 0000:17:05.6: [8086:2037] type 00 class 0x110100
[    1.208337] pci 0000:17:07.0: [8086:2038] type 00 class 0x088000
[    1.208428] pci 0000:17:07.1: [8086:2039] type 00 class 0x088000
[    1.208518] pci 0000:17:07.2: [8086:203a] type 00 class 0x088000
[    1.208608] pci 0000:17:07.3: [8086:203b] type 00 class 0x088000
[    1.208699] pci 0000:17:07.4: [8086:203c] type 00 class 0x088000
[    1.208790] pci 0000:17:07.7: [8086:203d] type 00 class 0x088000
[    1.208877] pci 0000:17:08.0: [8086:208d] type 00 class 0x088000
[    1.208958] pci 0000:17:08.1: [8086:208d] type 00 class 0x088000
[    1.209024] pci 0000:17:08.2: [8086:208d] type 00 class 0x088000
[    1.209089] pci 0000:17:08.3: [8086:208d] type 00 class 0x088000
[    1.209153] pci 0000:17:08.4: [8086:208d] type 00 class 0x088000
[    1.209217] pci 0000:17:08.5: [8086:208d] type 00 class 0x088000
[    1.209281] pci 0000:17:08.6: [8086:208d] type 00 class 0x088000
[    1.209346] pci 0000:17:08.7: [8086:208d] type 00 class 0x088000
[    1.209411] pci 0000:17:09.0: [8086:208d] type 00 class 0x088000
[    1.209491] pci 0000:17:09.1: [8086:208d] type 00 class 0x088000
[    1.209556] pci 0000:17:09.2: [8086:208d] type 00 class 0x088000
[    1.209620] pci 0000:17:09.3: [8086:208d] type 00 class 0x088000
[    1.209685] pci 0000:17:09.4: [8086:208d] type 00 class 0x088000
[    1.209748] pci 0000:17:09.5: [8086:208d] type 00 class 0x088000
[    1.209814] pci 0000:17:09.6: [8086:208d] type 00 class 0x088000
[    1.209879] pci 0000:17:09.7: [8086:208d] type 00 class 0x088000
[    1.209944] pci 0000:17:0a.0: [8086:208d] type 00 class 0x088000
[    1.210025] pci 0000:17:0a.1: [8086:208d] type 00 class 0x088000
[    1.210095] pci 0000:17:0e.0: [8086:208e] type 00 class 0x088000
[    1.210174] pci 0000:17:0e.1: [8086:208e] type 00 class 0x088000
[    1.210239] pci 0000:17:0e.2: [8086:208e] type 00 class 0x088000
[    1.210304] pci 0000:17:0e.3: [8086:208e] type 00 class 0x088000
[    1.210369] pci 0000:17:0e.4: [8086:208e] type 00 class 0x088000
[    1.210433] pci 0000:17:0e.5: [8086:208e] type 00 class 0x088000
[    1.210497] pci 0000:17:0e.6: [8086:208e] type 00 class 0x088000
[    1.210563] pci 0000:17:0e.7: [8086:208e] type 00 class 0x088000
[    1.210628] pci 0000:17:0f.0: [8086:208e] type 00 class 0x088000
[    1.210707] pci 0000:17:0f.1: [8086:208e] type 00 class 0x088000
[    1.210772] pci 0000:17:0f.2: [8086:208e] type 00 class 0x088000
[    1.210837] pci 0000:17:0f.3: [8086:208e] type 00 class 0x088000
[    1.210903] pci 0000:17:0f.4: [8086:208e] type 00 class 0x088000
[    1.210967] pci 0000:17:0f.5: [8086:208e] type 00 class 0x088000
[    1.211031] pci 0000:17:0f.6: [8086:208e] type 00 class 0x088000
[    1.211096] pci 0000:17:0f.7: [8086:208e] type 00 class 0x088000
[    1.211160] pci 0000:17:10.0: [8086:208e] type 00 class 0x088000
[    1.211240] pci 0000:17:10.1: [8086:208e] type 00 class 0x088000
[    1.211312] pci 0000:17:14.0: [8086:208f] type 00 class 0x088000
[    1.211391] pci 0000:17:14.1: [8086:208f] type 00 class 0x088000
[    1.211457] pci 0000:17:14.2: [8086:208f] type 00 class 0x088000
[    1.211521] pci 0000:17:14.3: [8086:208f] type 00 class 0x088000
[    1.211585] pci 0000:17:14.4: [8086:208f] type 00 class 0x088000
[    1.211650] pci 0000:17:14.5: [8086:208f] type 00 class 0x088000
[    1.211714] pci 0000:17:14.6: [8086:208f] type 00 class 0x088000
[    1.211779] pci 0000:17:14.7: [8086:208f] type 00 class 0x088000
[    1.211844] pci 0000:17:15.0: [8086:208f] type 00 class 0x088000
[    1.211927] pci 0000:17:15.1: [8086:208f] type 00 class 0x088000
[    1.211992] pci 0000:17:15.2: [8086:208f] type 00 class 0x088000
[    1.212056] pci 0000:17:15.3: [8086:208f] type 00 class 0x088000
[    1.212121] pci 0000:17:15.4: [8086:208f] type 00 class 0x088000
[    1.212185] pci 0000:17:15.5: [8086:208f] type 00 class 0x088000
[    1.212250] pci 0000:17:15.6: [8086:208f] type 00 class 0x088000
[    1.212314] pci 0000:17:15.7: [8086:208f] type 00 class 0x088000
[    1.212380] pci 0000:17:16.0: [8086:208f] type 00 class 0x088000
[    1.212460] pci 0000:17:16.1: [8086:208f] type 00 class 0x088000
[    1.212536] pci 0000:17:1d.0: [8086:2054] type 00 class 0x088000
[    1.212616] pci 0000:17:1d.1: [8086:2055] type 00 class 0x088000
[    1.212681] pci 0000:17:1d.2: [8086:2056] type 00 class 0x088000
[    1.212746] pci 0000:17:1d.3: [8086:2057] type 00 class 0x088000
[    1.212817] pci 0000:17:1e.0: [8086:2080] type 00 class 0x088000
[    1.212896] pci 0000:17:1e.1: [8086:2081] type 00 class 0x088000
[    1.212961] pci 0000:17:1e.2: [8086:2082] type 00 class 0x088000
[    1.213034] pci 0000:17:1e.3: [8086:2083] type 00 class 0x088000
[    1.213102] pci 0000:17:1e.4: [8086:2084] type 00 class 0x088000
[    1.213167] pci 0000:17:1e.5: [8086:2085] type 00 class 0x088000
[    1.213232] pci 0000:17:1e.6: [8086:2086] type 00 class 0x088000
[    1.213299] pci 0000:17:1f.0: [8086:2078] type 00 class 0x088000
[    1.213381] pci 0000:17:1f.1: [8086:2079] type 00 class 0x088000
[    1.213446] pci 0000:17:1f.2: [8086:207a] type 00 class 0x088000
[    1.213511] pci 0000:17:1f.3: [8086:207b] type 00 class 0x088000
[    1.213576] pci 0000:17:1f.4: [8086:207c] type 00 class 0x088000
[    1.213642] pci 0000:17:1f.5: [8086:207d] type 00 class 0x088000
[    1.213708] pci 0000:17:1f.6: [8086:207e] type 00 class 0x088000
[    1.213774] pci 0000:17:1f.7: [8086:207f] type 00 class 0x088000
[    1.213884] pci 0000:18:00.0: [8086:1528] type 00 class 0x020000
[    1.213912] pci 0000:18:00.0: reg 0x10: [mem 0xaa800000-0xaa9fffff 64bit pref]
[    1.213958] pci 0000:18:00.0: reg 0x20: [mem 0xaaa00000-0xaaa03fff 64bit pref]
[    1.213972] pci 0000:18:00.0: reg 0x30: [mem 0xaac00000-0xaac7ffff pref]
[    1.214030] pci 0000:18:00.0: PME# supported from D0 D3hot
[    1.214060] pci 0000:18:00.0: reg 0x184: [mem 0xaad80000-0xaad83fff 64bit]
[    1.214062] pci 0000:18:00.0: VF(n) BAR0 space: [mem 0xaad80000-0xaae7ffff 64bit] (contains BAR0 for 64 VFs)
[    1.214083] pci 0000:18:00.0: reg 0x190: [mem 0xaac80000-0xaac83fff 64bit]
[    1.214084] pci 0000:18:00.0: VF(n) BAR3 space: [mem 0xaac80000-0xaad7ffff 64bit] (contains BAR3 for 64 VFs)
[    1.214282] pci 0000:17:00.0: PCI bridge to [bus 18]
[    1.214286] pci 0000:17:00.0:   bridge window [mem 0xaac00000-0xaaefffff]
[    1.214289] pci 0000:17:00.0:   bridge window [mem 0xaa800000-0xaaafffff 64bit pref]
[    1.214304] pci_bus 0000:17: on NUMA node 0
[    1.214416] ACPI: PCI Root Bridge [PC02] (domain 0000 [bus 3a-5c])
[    1.214419] acpi PNP0A08:02: _OSC: OS supports [ExtendedConfig ASPM ClockPM Segments MSI HPX-Type3]
[    1.214677] acpi PNP0A08:02: _OSC: platform does not support [AER LTR]
[    1.214870] acpi PNP0A08:02: _OSC: OS now controls [PCIeHotplug PME PCIeCapability]
[    1.214872] acpi PNP0A08:02: FADT indicates ASPM is unsupported, using BIOS configuration
[    1.214997] PCI host bridge to bus 0000:3a
[    1.214999] pci_bus 0000:3a: root bus resource [io  0x6000-0x7fff window]
[    1.215001] pci_bus 0000:3a: root bus resource [mem 0xab000000-0xb87fffff window]
[    1.215003] pci_bus 0000:3a: root bus resource [mem 0x388000000000-0x38bfffffffff window]
[    1.215004] pci_bus 0000:3a: root bus resource [bus 3a-5c]
[    1.215021] pci 0000:3a:00.0: [8086:2030] type 01 class 0x060400
[    1.215069] pci 0000:3a:00.0: enabling Extended Tags
[    1.215102] pci 0000:3a:00.0: PME# supported from D0 D3hot D3cold
[    1.215255] pci 0000:3a:01.0: [8086:2031] type 01 class 0x060400
[    1.215303] pci 0000:3a:01.0: enabling Extended Tags
[    1.215335] pci 0000:3a:01.0: PME# supported from D0 D3hot D3cold
[    1.215431] pci 0000:3a:02.0: [8086:2032] type 01 class 0x060400
[    1.215478] pci 0000:3a:02.0: enabling Extended Tags
[    1.215510] pci 0000:3a:02.0: PME# supported from D0 D3hot D3cold
[    1.215602] pci 0000:3a:03.0: [8086:2033] type 01 class 0x060400
[    1.215649] pci 0000:3a:03.0: enabling Extended Tags
[    1.215680] pci 0000:3a:03.0: PME# supported from D0 D3hot D3cold
[    1.215766] pci 0000:3a:05.0: [8086:2034] type 00 class 0x088000
[    1.215860] pci 0000:3a:05.2: [8086:2035] type 00 class 0x088000
[    1.215950] pci 0000:3a:05.4: [8086:2036] type 00 class 0x080020
[    1.215967] pci 0000:3a:05.4: reg 0x10: [mem 0xb8700000-0xb8700fff]
[    1.216077] pci 0000:3a:05.6: [8086:2037] type 00 class 0x110100
[    1.216169] pci 0000:3a:07.0: [8086:2038] type 00 class 0x088000
[    1.216259] pci 0000:3a:07.1: [8086:2039] type 00 class 0x088000
[    1.216348] pci 0000:3a:07.2: [8086:203a] type 00 class 0x088000
[    1.216435] pci 0000:3a:07.3: [8086:203b] type 00 class 0x088000
[    1.216526] pci 0000:3a:07.4: [8086:203c] type 00 class 0x088000
[    1.216615] pci 0000:3a:07.7: [8086:203d] type 00 class 0x088000
[    1.216703] pci 0000:3a:08.0: [8086:2066] type 00 class 0x088000
[    1.216795] pci 0000:3a:08.1: [8086:2067] type 00 class 0x088000
[    1.216866] pci 0000:3a:09.0: [8086:2066] type 00 class 0x088000
[    1.216958] pci 0000:3a:09.1: [8086:2067] type 00 class 0x088000
[    1.217027] pci 0000:3a:0a.0: [8086:2040] type 00 class 0x088000
[    1.217122] pci 0000:3a:0a.1: [8086:2041] type 00 class 0x088000
[    1.217202] pci 0000:3a:0a.2: [8086:2042] type 00 class 0x088000
[    1.217281] pci 0000:3a:0a.3: [8086:2043] type 00 class 0x088000
[    1.217361] pci 0000:3a:0a.4: [8086:2044] type 00 class 0x088000
[    1.217440] pci 0000:3a:0a.5: [8086:2045] type 00 class 0x088000
[    1.217519] pci 0000:3a:0a.6: [8086:2046] type 00 class 0x088000
[    1.217598] pci 0000:3a:0a.7: [8086:2047] type 00 class 0x088000
[    1.217678] pci 0000:3a:0b.0: [8086:2048] type 00 class 0x088000
[    1.217771] pci 0000:3a:0b.1: [8086:2049] type 00 class 0x088000
[    1.217852] pci 0000:3a:0b.2: [8086:204a] type 00 class 0x088000
[    1.217933] pci 0000:3a:0b.3: [8086:204b] type 00 class 0x088000
[    1.218015] pci 0000:3a:0c.0: [8086:2040] type 00 class 0x088000
[    1.218108] pci 0000:3a:0c.1: [8086:2041] type 00 class 0x088000
[    1.218188] pci 0000:3a:0c.2: [8086:2042] type 00 class 0x088000
[    1.218269] pci 0000:3a:0c.3: [8086:2043] type 00 class 0x088000
[    1.218349] pci 0000:3a:0c.4: [8086:2044] type 00 class 0x088000
[    1.218428] pci 0000:3a:0c.5: [8086:2045] type 00 class 0x088000
[    1.218508] pci 0000:3a:0c.6: [8086:2046] type 00 class 0x088000
[    1.218589] pci 0000:3a:0c.7: [8086:2047] type 00 class 0x088000
[    1.218670] pci 0000:3a:0d.0: [8086:2048] type 00 class 0x088000
[    1.218764] pci 0000:3a:0d.1: [8086:2049] type 00 class 0x088000
[    1.218845] pci 0000:3a:0d.2: [8086:204a] type 00 class 0x088000
[    1.218925] pci 0000:3a:0d.3: [8086:204b] type 00 class 0x088000
[    1.219056] pci 0000:3b:00.0: [1cc1:8201] type 00 class 0x010802
[    1.219084] pci 0000:3b:00.0: reg 0x10: [mem 0xb8600000-0xb8603fff 64bit]
[    1.219275] pci 0000:3a:00.0: PCI bridge to [bus 3b]
[    1.219278] pci 0000:3a:00.0:   bridge window [mem 0xb8600000-0xb86fffff]
[    1.219322] pci 0000:3c:00.0: [144d:a808] type 00 class 0x010802
[    1.219350] pci 0000:3c:00.0: reg 0x10: [mem 0xb8500000-0xb8503fff 64bit]
[    1.219558] pci 0000:3a:01.0: PCI bridge to [bus 3c]
[    1.219561] pci 0000:3a:01.0:   bridge window [mem 0xb8500000-0xb85fffff]
[    1.219604] pci 0000:3d:00.0: [144d:a808] type 00 class 0x010802
[    1.219632] pci 0000:3d:00.0: reg 0x10: [mem 0xb8400000-0xb8403fff 64bit]
[    1.219837] pci 0000:3a:02.0: PCI bridge to [bus 3d]
[    1.219840] pci 0000:3a:02.0:   bridge window [mem 0xb8400000-0xb84fffff]
[    1.219882] pci 0000:3e:00.0: [144d:a808] type 00 class 0x010802
[    1.219910] pci 0000:3e:00.0: reg 0x10: [mem 0xb8300000-0xb8303fff 64bit]
[    1.220114] pci 0000:3a:03.0: PCI bridge to [bus 3e]
[    1.220117] pci 0000:3a:03.0:   bridge window [mem 0xb8300000-0xb83fffff]
[    1.220157] pci_bus 0000:3a: on NUMA node 0
[    1.220241] ACPI: PCI Root Bridge [PC03] (domain 0000 [bus 5d-7f])
[    1.220245] acpi PNP0A08:03: _OSC: OS supports [ExtendedConfig ASPM ClockPM Segments MSI HPX-Type3]
[    1.220503] acpi PNP0A08:03: _OSC: platform does not support [AER LTR]
[    1.220697] acpi PNP0A08:03: _OSC: OS now controls [PCIeHotplug PME PCIeCapability]
[    1.220699] acpi PNP0A08:03: FADT indicates ASPM is unsupported, using BIOS configuration
[    1.220840] PCI host bridge to bus 0000:5d
[    1.220842] pci_bus 0000:5d: root bus resource [io  0x8000-0x9fff window]
[    1.220844] pci_bus 0000:5d: root bus resource [mem 0xb8800000-0xc5ffffff window]
[    1.220845] pci_bus 0000:5d: root bus resource [mem 0x38c000000000-0x38ffffffffff window]
[    1.220847] pci_bus 0000:5d: root bus resource [bus 5d-7f]
[    1.220865] pci 0000:5d:00.0: [8086:2030] type 01 class 0x060400
[    1.220947] pci 0000:5d:00.0: PME# supported from D0 D3hot D3cold
[    1.221049] pci 0000:5d:01.0: [8086:2031] type 01 class 0x060400
[    1.221130] pci 0000:5d:01.0: PME# supported from D0 D3hot D3cold
[    1.221221] pci 0000:5d:02.0: [8086:2032] type 01 class 0x060400
[    1.221270] pci 0000:5d:02.0: enabling Extended Tags
[    1.221305] pci 0000:5d:02.0: PME# supported from D0 D3hot D3cold
[    1.221402] pci 0000:5d:03.0: [8086:2033] type 01 class 0x060400
[    1.221450] pci 0000:5d:03.0: enabling Extended Tags
[    1.221485] pci 0000:5d:03.0: PME# supported from D0 D3hot D3cold
[    1.221575] pci 0000:5d:05.0: [8086:2034] type 00 class 0x088000
[    1.221670] pci 0000:5d:05.2: [8086:2035] type 00 class 0x088000
[    1.221765] pci 0000:5d:05.4: [8086:2036] type 00 class 0x080020
[    1.221782] pci 0000:5d:05.4: reg 0x10: [mem 0xc5f00000-0xc5f00fff]
[    1.221895] pci 0000:5d:05.6: [8086:2037] type 00 class 0x110100
[    1.221990] pci 0000:5d:07.0: [8086:2038] type 00 class 0x088000
[    1.222083] pci 0000:5d:07.1: [8086:2039] type 00 class 0x088000
[    1.222175] pci 0000:5d:07.2: [8086:203a] type 00 class 0x088000
[    1.222266] pci 0000:5d:07.3: [8086:203b] type 00 class 0x088000
[    1.222359] pci 0000:5d:07.4: [8086:203c] type 00 class 0x088000
[    1.222452] pci 0000:5d:07.7: [8086:203d] type 00 class 0x088000
[    1.222546] pci 0000:5d:0e.0: [8086:2058] type 00 class 0x110100
[    1.222641] pci 0000:5d:0e.1: [8086:2059] type 00 class 0x088000
[    1.222721] pci 0000:5d:0e.2: [8086:205a] type 00 class 0x088000
[    1.222799] pci 0000:5d:0e.3: [8086:205b] type 00 class 0x088000
[    1.222879] pci 0000:5d:0f.0: [8086:2058] type 00 class 0x110100
[    1.222974] pci 0000:5d:0f.1: [8086:2059] type 00 class 0x088000
[    1.223053] pci 0000:5d:0f.2: [8086:205a] type 00 class 0x088000
[    1.223135] pci 0000:5d:12.0: [8086:204c] type 00 class 0x110100
[    1.223228] pci 0000:5d:12.1: [8086:204d] type 00 class 0x110100
[    1.223295] pci 0000:5d:12.2: [8086:204e] type 00 class 0x088000
[    1.223360] pci 0000:5d:12.3: [8086:204f] type 00 class 0x088000
[    1.223426] pci 0000:5d:15.0: [8086:2018] type 00 class 0x088000
[    1.223506] pci 0000:5d:15.1: [8086:2088] type 00 class 0x110100
[    1.223571] pci 0000:5d:15.3: [8086:2019] type 00 class 0x088000
[    1.223638] pci 0000:5d:16.0: [8086:2018] type 00 class 0x088000
[    1.223717] pci 0000:5d:16.1: [8086:2088] type 00 class 0x110100
[    1.223783] pci 0000:5d:16.3: [8086:2019] type 00 class 0x088000
[    1.223847] pci 0000:5d:16.4: [8086:2018] type 00 class 0x088000
[    1.223913] pci 0000:5d:16.5: [8086:2088] type 00 class 0x110100
[    1.223978] pci 0000:5d:16.7: [8086:2019] type 00 class 0x088000
[    1.224089] pci 0000:5e:00.0: [8086:4140] type 00 class 0x010802
[    1.224114] pci 0000:5e:00.0: reg 0x10: [mem 0xc5d10000-0xc5d13fff 64bit]
[    1.224155] pci 0000:5e:00.0: reg 0x20: [mem 0xc5c00000-0xc5cfffff 64bit]
[    1.224167] pci 0000:5e:00.0: reg 0x30: [mem 0xc5d00000-0xc5d0ffff pref]
[    1.224269] pci 0000:5e:00.0: 31.504 Gb/s available PCIe bandwidth, limited by 8.0 GT/s PCIe x4 link at 0000:5d:00.0 (capable of 63.012 Gb/s with 16.0 GT/s PCIe x4 link)
[    1.224330] pci 0000:5d:00.0: PCI bridge to [bus 5e]
[    1.224334] pci 0000:5d:00.0:   bridge window [mem 0xc5c00000-0xc5dfffff]
[    1.224382] pci 0000:5f:00.0: [8086:4140] type 00 class 0x010802
[    1.224407] pci 0000:5f:00.0: reg 0x10: [mem 0xc5b10000-0xc5b13fff 64bit]
[    1.224448] pci 0000:5f:00.0: reg 0x20: [mem 0xc5a00000-0xc5afffff 64bit]
[    1.224460] pci 0000:5f:00.0: reg 0x30: [mem 0xc5b00000-0xc5b0ffff pref]
[    1.224561] pci 0000:5f:00.0: 31.504 Gb/s available PCIe bandwidth, limited by 8.0 GT/s PCIe x4 link at 0000:5d:01.0 (capable of 63.012 Gb/s with 16.0 GT/s PCIe x4 link)
[    1.224622] pci 0000:5d:01.0: PCI bridge to [bus 5f]
[    1.224625] pci 0000:5d:01.0:   bridge window [mem 0xc5a00000-0xc5bfffff]
[    1.224670] pci 0000:60:00.0: [144d:a808] type 00 class 0x010802
[    1.224698] pci 0000:60:00.0: reg 0x10: [mem 0xc5e00000-0xc5e03fff 64bit]
[    1.224903] pci 0000:5d:02.0: PCI bridge to [bus 60]
[    1.224907] pci 0000:5d:02.0:   bridge window [mem 0xc5e00000-0xc5efffff]
[    1.224950] pci 0000:61:00.0: [8086:37c0] type 01 class 0x060400
[    1.224978] pci 0000:61:00.0: reg 0x10: [mem 0xc5900000-0xc591ffff 64bit]
[    1.224991] pci 0000:61:00.0: reg 0x38: [mem 0xc5700000-0xc57fffff pref]
[    1.225051] pci 0000:61:00.0: PME# supported from D0 D3hot D3cold
[    1.225117] pci 0000:5d:03.0: PCI bridge to [bus 61-63]
[    1.225120] pci 0000:5d:03.0:   bridge window [mem 0xc5700000-0xc59fffff]
[    1.225123] pci 0000:5d:03.0:   bridge window [mem 0xc2000000-0xc49fffff 64bit pref]
[    1.225161] pci 0000:62:03.0: [8086:37c5] type 01 class 0x060400
[    1.225275] pci 0000:62:03.0: PME# supported from D0 D3hot D3cold
[    1.225354] pci 0000:61:00.0: PCI bridge to [bus 62-63]
[    1.225358] pci 0000:61:00.0:   bridge window [mem 0xc5800000-0xc58fffff]
[    1.225362] pci 0000:61:00.0:   bridge window [mem 0xc2000000-0xc49fffff 64bit pref]
[    1.225407] pci 0000:63:00.0: [8086:37d1] type 00 class 0x020000
[    1.225438] pci 0000:63:00.0: reg 0x10: [mem 0xc3000000-0xc3ffffff 64bit pref]
[    1.225473] pci 0000:63:00.0: reg 0x1c: [mem 0xc4808000-0xc480ffff 64bit pref]
[    1.225502] pci 0000:63:00.0: reg 0x30: [mem 0xc5880000-0xc58fffff pref]
[    1.225509] pci 0000:63:00.0: enabling Extended Tags
[    1.225581] pci 0000:63:00.0: PME# supported from D0 D3hot D3cold
[    1.225618] pci 0000:63:00.0: reg 0x184: [mem 0xc4400000-0xc441ffff 64bit pref]
[    1.225619] pci 0000:63:00.0: VF(n) BAR0 space: [mem 0xc4400000-0xc47fffff 64bit pref] (contains BAR0 for 32 VFs)
[    1.225642] pci 0000:63:00.0: reg 0x190: [mem 0xc4890000-0xc4893fff 64bit pref]
[    1.225644] pci 0000:63:00.0: VF(n) BAR3 space: [mem 0xc4890000-0xc490ffff 64bit pref] (contains BAR3 for 32 VFs)
[    1.225839] pci 0000:63:00.1: [8086:37d1] type 00 class 0x020000
[    1.225870] pci 0000:63:00.1: reg 0x10: [mem 0xc2000000-0xc2ffffff 64bit pref]
[    1.225906] pci 0000:63:00.1: reg 0x1c: [mem 0xc4800000-0xc4807fff 64bit pref]
[    1.225934] pci 0000:63:00.1: reg 0x30: [mem 0xc5800000-0xc587ffff pref]
[    1.225941] pci 0000:63:00.1: enabling Extended Tags
[    1.226013] pci 0000:63:00.1: PME# supported from D0 D3hot D3cold
[    1.226043] pci 0000:63:00.1: reg 0x184: [mem 0xc4000000-0xc401ffff 64bit pref]
[    1.226044] pci 0000:63:00.1: VF(n) BAR0 space: [mem 0xc4000000-0xc43fffff 64bit pref] (contains BAR0 for 32 VFs)
[    1.226067] pci 0000:63:00.1: reg 0x190: [mem 0xc4810000-0xc4813fff 64bit pref]
[    1.226068] pci 0000:63:00.1: VF(n) BAR3 space: [mem 0xc4810000-0xc488ffff 64bit pref] (contains BAR3 for 32 VFs)
[    1.226256] pci 0000:62:03.0: PCI bridge to [bus 63]
[    1.226261] pci 0000:62:03.0:   bridge window [mem 0xc5800000-0xc58fffff]
[    1.226265] pci 0000:62:03.0:   bridge window [mem 0xc2000000-0xc49fffff 64bit pref]
[    1.226323] pci_bus 0000:5d: on NUMA node 0
[    1.226471] ACPI: PCI Root Bridge [PC06] (domain 0000 [bus 80-84])
[    1.226475] acpi PNP0A08:06: _OSC: OS supports [ExtendedConfig ASPM ClockPM Segments MSI HPX-Type3]
[    1.226606] acpi PNP0A08:06: _OSC: platform does not support [AER LTR]
[    1.226745] acpi PNP0A08:06: _OSC: OS now controls [PCIeHotplug PME PCIeCapability]
[    1.226747] acpi PNP0A08:06: FADT indicates ASPM is unsupported, using BIOS configuration
[    1.226866] PCI host bridge to bus 0000:80
[    1.226868] pci_bus 0000:80: root bus resource [io  0xa000-0xbfff window]
[    1.226870] pci_bus 0000:80: root bus resource [mem 0xc6000000-0xd37fffff window]
[    1.226872] pci_bus 0000:80: root bus resource [mem 0x390000000000-0x393fffffffff window]
[    1.226874] pci_bus 0000:80: root bus resource [bus 80-84]
[    1.226899] pci 0000:80:00.0: [8086:2030] type 01 class 0x060400
[    1.226949] pci 0000:80:00.0: enabling Extended Tags
[    1.226989] pci 0000:80:00.0: PME# supported from D0 D3hot D3cold
[    1.227093] pci 0000:80:04.0: [8086:2021] type 00 class 0x088000
[    1.227113] pci 0000:80:04.0: reg 0x10: [mem 0x393ffff1c000-0x393ffff1ffff 64bit]
[    1.227220] pci 0000:80:04.1: [8086:2021] type 00 class 0x088000
[    1.227240] pci 0000:80:04.1: reg 0x10: [mem 0x393ffff18000-0x393ffff1bfff 64bit]
[    1.227340] pci 0000:80:04.2: [8086:2021] type 00 class 0x088000
[    1.227359] pci 0000:80:04.2: reg 0x10: [mem 0x393ffff14000-0x393ffff17fff 64bit]
[    1.227458] pci 0000:80:04.3: [8086:2021] type 00 class 0x088000
[    1.227478] pci 0000:80:04.3: reg 0x10: [mem 0x393ffff10000-0x393ffff13fff 64bit]
[    1.227579] pci 0000:80:04.4: [8086:2021] type 00 class 0x088000
[    1.227598] pci 0000:80:04.4: reg 0x10: [mem 0x393ffff0c000-0x393ffff0ffff 64bit]
[    1.227698] pci 0000:80:04.5: [8086:2021] type 00 class 0x088000
[    1.227718] pci 0000:80:04.5: reg 0x10: [mem 0x393ffff08000-0x393ffff0bfff 64bit]
[    1.227816] pci 0000:80:04.6: [8086:2021] type 00 class 0x088000
[    1.227836] pci 0000:80:04.6: reg 0x10: [mem 0x393ffff04000-0x393ffff07fff 64bit]
[    1.227934] pci 0000:80:04.7: [8086:2021] type 00 class 0x088000
[    1.227954] pci 0000:80:04.7: reg 0x10: [mem 0x393ffff00000-0x393ffff03fff 64bit]
[    1.228052] pci 0000:80:05.0: [8086:2024] type 00 class 0x088000
[    1.228153] pci 0000:80:05.1: [8086:2022] type 00 class 0x088000
[    1.228283] pci 0000:80:05.2: [8086:2025] type 00 class 0x088000
[    1.228380] pci 0000:80:05.4: [8086:2026] type 00 class 0x080020
[    1.228398] pci 0000:80:05.4: reg 0x10: [mem 0xd3700000-0xd3700fff]
[    1.228514] pci 0000:80:05.6: [8086:2027] type 00 class 0x110100
[    1.228611] pci 0000:80:07.0: [8086:2028] type 00 class 0x088000
[    1.228708] pci 0000:80:07.4: [8086:202c] type 00 class 0x088000
[    1.228804] pci 0000:80:07.7: [8086:202d] type 00 class 0x088000
[    1.228898] pci 0000:80:08.0: [8086:2014] type 00 class 0x088000
[    1.228991] pci 0000:80:08.1: [8086:2015] type 00 class 0x110100
[    1.229060] pci 0000:80:08.2: [8086:2016] type 00 class 0x088000
[    1.229177] pci 0000:80:00.0: PCI bridge to [bus 81]
[    1.229194] pci_bus 0000:80: on NUMA node 1
[    1.229269] ACPI: PCI Root Bridge [PC07] (domain 0000 [bus 85-ad])
[    1.229273] acpi PNP0A08:07: _OSC: OS supports [ExtendedConfig ASPM ClockPM Segments MSI HPX-Type3]
[    1.229530] acpi PNP0A08:07: _OSC: platform does not support [AER LTR]
[    1.229724] acpi PNP0A08:07: _OSC: OS now controls [PCIeHotplug PME PCIeCapability]
[    1.229725] acpi PNP0A08:07: FADT indicates ASPM is unsupported, using BIOS configuration
[    1.229902] PCI host bridge to bus 0000:85
[    1.229904] pci_bus 0000:85: root bus resource [io  0xc000-0xdfff window]
[    1.229906] pci_bus 0000:85: root bus resource [mem 0xd3800000-0xe0ffffff window]
[    1.229907] pci_bus 0000:85: root bus resource [mem 0x394000000000-0x397fffffffff window]
[    1.229909] pci_bus 0000:85: root bus resource [bus 85-ad]
[    1.229928] pci 0000:85:00.0: [8086:2030] type 01 class 0x060400
[    1.229978] pci 0000:85:00.0: enabling Extended Tags
[    1.230018] pci 0000:85:00.0: PME# supported from D0 D3hot D3cold
[    1.230181] pci 0000:85:02.0: [8086:2032] type 01 class 0x060400
[    1.230265] pci 0000:85:02.0: PME# supported from D0 D3hot D3cold
[    1.230413] pci 0000:85:05.0: [8086:2034] type 00 class 0x088000
[    1.230514] pci 0000:85:05.2: [8086:2035] type 00 class 0x088000
[    1.230611] pci 0000:85:05.4: [8086:2036] type 00 class 0x080020
[    1.230629] pci 0000:85:05.4: reg 0x10: [mem 0xe0f00000-0xe0f00fff]
[    1.230745] pci 0000:85:05.6: [8086:2037] type 00 class 0x110100
[    1.230843] pci 0000:85:07.0: [8086:2038] type 00 class 0x088000
[    1.230938] pci 0000:85:07.1: [8086:2039] type 00 class 0x088000
[    1.231035] pci 0000:85:07.2: [8086:203a] type 00 class 0x088000
[    1.231131] pci 0000:85:07.3: [8086:203b] type 00 class 0x088000
[    1.231225] pci 0000:85:07.4: [8086:203c] type 00 class 0x088000
[    1.231322] pci 0000:85:07.7: [8086:203d] type 00 class 0x088000
[    1.231414] pci 0000:85:08.0: [8086:208d] type 00 class 0x088000
[    1.231501] pci 0000:85:08.1: [8086:208d] type 00 class 0x088000
[    1.231569] pci 0000:85:08.2: [8086:208d] type 00 class 0x088000
[    1.231637] pci 0000:85:08.3: [8086:208d] type 00 class 0x088000
[    1.231704] pci 0000:85:08.4: [8086:208d] type 00 class 0x088000
[    1.231772] pci 0000:85:08.5: [8086:208d] type 00 class 0x088000
[    1.231839] pci 0000:85:08.6: [8086:208d] type 00 class 0x088000
[    1.231906] pci 0000:85:08.7: [8086:208d] type 00 class 0x088000
[    1.231974] pci 0000:85:09.0: [8086:208d] type 00 class 0x088000
[    1.232058] pci 0000:85:09.1: [8086:208d] type 00 class 0x088000
[    1.232126] pci 0000:85:09.2: [8086:208d] type 00 class 0x088000
[    1.232193] pci 0000:85:09.3: [8086:208d] type 00 class 0x088000
[    1.232260] pci 0000:85:09.4: [8086:208d] type 00 class 0x088000
[    1.232329] pci 0000:85:09.5: [8086:208d] type 00 class 0x088000
[    1.232397] pci 0000:85:09.6: [8086:208d] type 00 class 0x088000
[    1.232464] pci 0000:85:09.7: [8086:208d] type 00 class 0x088000
[    1.232532] pci 0000:85:0a.0: [8086:208d] type 00 class 0x088000
[    1.232614] pci 0000:85:0a.1: [8086:208d] type 00 class 0x088000
[    1.232687] pci 0000:85:0e.0: [8086:208e] type 00 class 0x088000
[    1.232772] pci 0000:85:0e.1: [8086:208e] type 00 class 0x088000
[    1.232839] pci 0000:85:0e.2: [8086:208e] type 00 class 0x088000
[    1.232907] pci 0000:85:0e.3: [8086:208e] type 00 class 0x088000
[    1.232974] pci 0000:85:0e.4: [8086:208e] type 00 class 0x088000
[    1.233042] pci 0000:85:0e.5: [8086:208e] type 00 class 0x088000
[    1.233109] pci 0000:85:0e.6: [8086:208e] type 00 class 0x088000
[    1.233177] pci 0000:85:0e.7: [8086:208e] type 00 class 0x088000
[    1.233245] pci 0000:85:0f.0: [8086:208e] type 00 class 0x088000
[    1.233327] pci 0000:85:0f.1: [8086:208e] type 00 class 0x088000
[    1.233395] pci 0000:85:0f.2: [8086:208e] type 00 class 0x088000
[    1.233463] pci 0000:85:0f.3: [8086:208e] type 00 class 0x088000
[    1.233530] pci 0000:85:0f.4: [8086:208e] type 00 class 0x088000
[    1.233597] pci 0000:85:0f.5: [8086:208e] type 00 class 0x088000
[    1.233665] pci 0000:85:0f.6: [8086:208e] type 00 class 0x088000
[    1.233733] pci 0000:85:0f.7: [8086:208e] type 00 class 0x088000
[    1.233801] pci 0000:85:10.0: [8086:208e] type 00 class 0x088000
[    1.233884] pci 0000:85:10.1: [8086:208e] type 00 class 0x088000
[    1.233959] pci 0000:85:14.0: [8086:208f] type 00 class 0x088000
[    1.234042] pci 0000:85:14.1: [8086:208f] type 00 class 0x088000
[    1.234109] pci 0000:85:14.2: [8086:208f] type 00 class 0x088000
[    1.234175] pci 0000:85:14.3: [8086:208f] type 00 class 0x088000
[    1.234242] pci 0000:85:14.4: [8086:208f] type 00 class 0x088000
[    1.234311] pci 0000:85:14.5: [8086:208f] type 00 class 0x088000
[    1.234379] pci 0000:85:14.6: [8086:208f] type 00 class 0x088000
[    1.234447] pci 0000:85:14.7: [8086:208f] type 00 class 0x088000
[    1.234515] pci 0000:85:15.0: [8086:208f] type 00 class 0x088000
[    1.234600] pci 0000:85:15.1: [8086:208f] type 00 class 0x088000
[    1.234668] pci 0000:85:15.2: [8086:208f] type 00 class 0x088000
[    1.234735] pci 0000:85:15.3: [8086:208f] type 00 class 0x088000
[    1.234802] pci 0000:85:15.4: [8086:208f] type 00 class 0x088000
[    1.234869] pci 0000:85:15.5: [8086:208f] type 00 class 0x088000
[    1.234936] pci 0000:85:15.6: [8086:208f] type 00 class 0x088000
[    1.235003] pci 0000:85:15.7: [8086:208f] type 00 class 0x088000
[    1.235072] pci 0000:85:16.0: [8086:208f] type 00 class 0x088000
[    1.235155] pci 0000:85:16.1: [8086:208f] type 00 class 0x088000
[    1.235233] pci 0000:85:1d.0: [8086:2054] type 00 class 0x088000
[    1.235317] pci 0000:85:1d.1: [8086:2055] type 00 class 0x088000
[    1.235385] pci 0000:85:1d.2: [8086:2056] type 00 class 0x088000
[    1.235453] pci 0000:85:1d.3: [8086:2057] type 00 class 0x088000
[    1.235525] pci 0000:85:1e.0: [8086:2080] type 00 class 0x088000
[    1.235609] pci 0000:85:1e.1: [8086:2081] type 00 class 0x088000
[    1.235677] pci 0000:85:1e.2: [8086:2082] type 00 class 0x088000
[    1.235746] pci 0000:85:1e.3: [8086:2083] type 00 class 0x088000
[    1.235813] pci 0000:85:1e.4: [8086:2084] type 00 class 0x088000
[    1.235881] pci 0000:85:1e.5: [8086:2085] type 00 class 0x088000
[    1.235949] pci 0000:85:1e.6: [8086:2086] type 00 class 0x088000
[    1.236019] pci 0000:85:1f.0: [8086:2078] type 00 class 0x088000
[    1.236101] pci 0000:85:1f.1: [8086:2079] type 00 class 0x088000
[    1.236169] pci 0000:85:1f.2: [8086:207a] type 00 class 0x088000
[    1.236237] pci 0000:85:1f.3: [8086:207b] type 00 class 0x088000
[    1.236306] pci 0000:85:1f.4: [8086:207c] type 00 class 0x088000
[    1.236374] pci 0000:85:1f.5: [8086:207d] type 00 class 0x088000
[    1.236442] pci 0000:85:1f.6: [8086:207e] type 00 class 0x088000
[    1.236510] pci 0000:85:1f.7: [8086:207f] type 00 class 0x088000
[    1.236611] pci 0000:85:00.0: PCI bridge to [bus 86]
[    1.236661] pci 0000:87:00.0: [1987:5016] type 00 class 0x010802
[    1.236690] pci 0000:87:00.0: reg 0x10: [mem 0xe0e00000-0xe0e03fff 64bit]
[    1.236865] pci 0000:87:00.0: 31.504 Gb/s available PCIe bandwidth, limited by 8.0 GT/s PCIe x4 link at 0000:85:02.0 (capable of 63.012 Gb/s with 16.0 GT/s PCIe x4 link)
[    1.236931] pci 0000:85:02.0: PCI bridge to [bus 87]
[    1.236934] pci 0000:85:02.0:   bridge window [mem 0xe0e00000-0xe0efffff]
[    1.236960] pci_bus 0000:85: on NUMA node 1
[    1.237074] ACPI: PCI Root Bridge [PC08] (domain 0000 [bus ae-d6])
[    1.237078] acpi PNP0A08:08: _OSC: OS supports [ExtendedConfig ASPM ClockPM Segments MSI HPX-Type3]
[    1.237331] acpi PNP0A08:08: _OSC: platform does not support [AER LTR]
[    1.237524] acpi PNP0A08:08: _OSC: OS now controls [PCIeHotplug PME PCIeCapability]
[    1.237526] acpi PNP0A08:08: FADT indicates ASPM is unsupported, using BIOS configuration
[    1.237675] PCI host bridge to bus 0000:ae
[    1.237677] pci_bus 0000:ae: root bus resource [io  0xe000-0xefff window]
[    1.237679] pci_bus 0000:ae: root bus resource [mem 0xe1000000-0xee7fffff window]
[    1.237681] pci_bus 0000:ae: root bus resource [mem 0x398000000000-0x39bfffffffff window]
[    1.237682] pci_bus 0000:ae: root bus resource [bus ae-d6]
[    1.237701] pci 0000:ae:00.0: [8086:2030] type 01 class 0x060400
[    1.237785] pci 0000:ae:00.0: PME# supported from D0 D3hot D3cold
[    1.237941] pci 0000:ae:05.0: [8086:2034] type 00 class 0x088000
[    1.238041] pci 0000:ae:05.2: [8086:2035] type 00 class 0x088000
[    1.238138] pci 0000:ae:05.4: [8086:2036] type 00 class 0x080020
[    1.238157] pci 0000:ae:05.4: reg 0x10: [mem 0xee700000-0xee700fff]
[    1.238272] pci 0000:ae:05.6: [8086:2037] type 00 class 0x110100
[    1.238369] pci 0000:ae:07.0: [8086:2038] type 00 class 0x088000
[    1.238465] pci 0000:ae:07.1: [8086:2039] type 00 class 0x088000
[    1.238561] pci 0000:ae:07.2: [8086:203a] type 00 class 0x088000
[    1.238656] pci 0000:ae:07.3: [8086:203b] type 00 class 0x088000
[    1.238752] pci 0000:ae:07.4: [8086:203c] type 00 class 0x088000
[    1.238847] pci 0000:ae:07.7: [8086:203d] type 00 class 0x088000
[    1.238943] pci 0000:ae:08.0: [8086:2066] type 00 class 0x088000
[    1.239044] pci 0000:ae:08.1: [8086:2067] type 00 class 0x088000
[    1.239117] pci 0000:ae:09.0: [8086:2066] type 00 class 0x088000
[    1.239214] pci 0000:ae:09.1: [8086:2067] type 00 class 0x088000
[    1.239287] pci 0000:ae:0a.0: [8086:2040] type 00 class 0x088000
[    1.239387] pci 0000:ae:0a.1: [8086:2041] type 00 class 0x088000
[    1.239472] pci 0000:ae:0a.2: [8086:2042] type 00 class 0x088000
[    1.239557] pci 0000:ae:0a.3: [8086:2043] type 00 class 0x088000
[    1.239642] pci 0000:ae:0a.4: [8086:2044] type 00 class 0x088000
[    1.239727] pci 0000:ae:0a.5: [8086:2045] type 00 class 0x088000
[    1.239813] pci 0000:ae:0a.6: [8086:2046] type 00 class 0x088000
[    1.239898] pci 0000:ae:0a.7: [8086:2047] type 00 class 0x088000
[    1.239983] pci 0000:ae:0b.0: [8086:2048] type 00 class 0x088000
[    1.240082] pci 0000:ae:0b.1: [8086:2049] type 00 class 0x088000
[    1.240166] pci 0000:ae:0b.2: [8086:204a] type 00 class 0x088000
[    1.240250] pci 0000:ae:0b.3: [8086:204b] type 00 class 0x088000
[    1.240338] pci 0000:ae:0c.0: [8086:2040] type 00 class 0x088000
[    1.240439] pci 0000:ae:0c.1: [8086:2041] type 00 class 0x088000
[    1.240524] pci 0000:ae:0c.2: [8086:2042] type 00 class 0x088000
[    1.240610] pci 0000:ae:0c.3: [8086:2043] type 00 class 0x088000
[    1.240697] pci 0000:ae:0c.4: [8086:2044] type 00 class 0x088000
[    1.240782] pci 0000:ae:0c.5: [8086:2045] type 00 class 0x088000
[    1.240867] pci 0000:ae:0c.6: [8086:2046] type 00 class 0x088000
[    1.240952] pci 0000:ae:0c.7: [8086:2047] type 00 class 0x088000
[    1.241038] pci 0000:ae:0d.0: [8086:2048] type 00 class 0x088000
[    1.241138] pci 0000:ae:0d.1: [8086:2049] type 00 class 0x088000
[    1.241223] pci 0000:ae:0d.2: [8086:204a] type 00 class 0x088000
[    1.241309] pci 0000:ae:0d.3: [8086:204b] type 00 class 0x088000
[    1.241452] pci 0000:af:00.0: [1002:1478] type 01 class 0x060400
[    1.241475] pci 0000:af:00.0: reg 0x10: [mem 0xee600000-0xee603fff]
[    1.241591] pci 0000:af:00.0: PME# supported from D0 D3hot D3cold
[    1.241647] pci 0000:af:00.0: 126.016 Gb/s available PCIe bandwidth, limited by 8.0 GT/s PCIe x16 link at 0000:ae:00.0 (capable of 252.048 Gb/s with 16.0 GT/s PCIe x16 link)
[    1.241714] pci 0000:ae:00.0: PCI bridge to [bus af-b1]
[    1.241717] pci 0000:ae:00.0:   bridge window [io  0xe000-0xefff]
[    1.241719] pci 0000:ae:00.0:   bridge window [mem 0xee400000-0xee6fffff]
[    1.241722] pci 0000:ae:00.0:   bridge window [mem 0x39bfe0000000-0x39bff01fffff 64bit pref]
[    1.241763] pci 0000:b0:00.0: [1002:1479] type 01 class 0x060400
[    1.241895] pci 0000:b0:00.0: PME# supported from D0 D3hot D3cold
[    1.242007] pci 0000:af:00.0: PCI bridge to [bus b0-b1]
[    1.242012] pci 0000:af:00.0:   bridge window [io  0xe000-0xefff]
[    1.242015] pci 0000:af:00.0:   bridge window [mem 0xee400000-0xee5fffff]
[    1.242019] pci 0000:af:00.0:   bridge window [mem 0x39bfe0000000-0x39bff01fffff 64bit pref]
[    1.242058] pci 0000:b1:00.0: [1002:744c] type 00 class 0x030000
[    1.242087] pci 0000:b1:00.0: reg 0x10: [mem 0x39bfe0000000-0x39bfefffffff 64bit pref]
[    1.242108] pci 0000:b1:00.0: reg 0x18: [mem 0x39bff0000000-0x39bff01fffff 64bit pref]
[    1.242122] pci 0000:b1:00.0: reg 0x20: [io  0xe000-0xe0ff]
[    1.242136] pci 0000:b1:00.0: reg 0x24: [mem 0xee400000-0xee4fffff]
[    1.242150] pci 0000:b1:00.0: reg 0x30: [mem 0xee500000-0xee51ffff pref]
[    1.242178] pci 0000:b1:00.0: BAR 0: assigned to efifb
[    1.242228] pci 0000:b1:00.0: PME# supported from D1 D2 D3hot D3cold
[    1.242284] pci 0000:b1:00.0: 126.016 Gb/s available PCIe bandwidth, limited by 8.0 GT/s PCIe x16 link at 0000:ae:00.0 (capable of 252.048 Gb/s with 16.0 GT/s PCIe x16 link)
[    1.242347] pci 0000:b1:00.1: [1002:ab30] type 00 class 0x040300
[    1.242368] pci 0000:b1:00.1: reg 0x10: [mem 0xee520000-0xee523fff]
[    1.242499] pci 0000:b1:00.1: PME# supported from D1 D2 D3hot D3cold
[    1.242585] pci 0000:b0:00.0: PCI bridge to [bus b1]
[    1.242589] pci 0000:b0:00.0:   bridge window [io  0xe000-0xefff]
[    1.242592] pci 0000:b0:00.0:   bridge window [mem 0xee400000-0xee5fffff]
[    1.242596] pci 0000:b0:00.0:   bridge window [mem 0x39bfe0000000-0x39bff01fffff 64bit pref]
[    1.242629] pci_bus 0000:ae: on NUMA node 1
[    1.242718] ACPI: PCI Root Bridge [PC09] (domain 0000 [bus d7-ff])
[    1.242721] acpi PNP0A08:09: _OSC: OS supports [ExtendedConfig ASPM ClockPM Segments MSI HPX-Type3]
[    1.242971] acpi PNP0A08:09: _OSC: platform does not support [AER LTR]
[    1.243162] acpi PNP0A08:09: _OSC: OS now controls [PCIeHotplug PME PCIeCapability]
[    1.243163] acpi PNP0A08:09: FADT indicates ASPM is unsupported, using BIOS configuration
[    1.243309] PCI host bridge to bus 0000:d7
[    1.243311] pci_bus 0000:d7: root bus resource [io  0xf000-0xffff window]
[    1.243313] pci_bus 0000:d7: root bus resource [mem 0xee800000-0xfbffffff window]
[    1.243314] pci_bus 0000:d7: root bus resource [mem 0x39c000000000-0x39ffffffffff window]
[    1.243316] pci_bus 0000:d7: root bus resource [bus d7-ff]
[    1.243335] pci 0000:d7:00.0: [8086:2030] type 01 class 0x060400
[    1.243386] pci 0000:d7:00.0: enabling Extended Tags
[    1.243428] pci 0000:d7:00.0: PME# supported from D0 D3hot D3cold
[    1.243588] pci 0000:d7:05.0: [8086:2034] type 00 class 0x088000
[    1.243689] pci 0000:d7:05.2: [8086:2035] type 00 class 0x088000
[    1.243788] pci 0000:d7:05.4: [8086:2036] type 00 class 0x080020
[    1.243807] pci 0000:d7:05.4: reg 0x10: [mem 0xfbf00000-0xfbf00fff]
[    1.243924] pci 0000:d7:05.6: [8086:2037] type 00 class 0x110100
[    1.244025] pci 0000:d7:07.0: [8086:2038] type 00 class 0x088000
[    1.244122] pci 0000:d7:07.1: [8086:2039] type 00 class 0x088000
[    1.244219] pci 0000:d7:07.2: [8086:203a] type 00 class 0x088000
[    1.244317] pci 0000:d7:07.3: [8086:203b] type 00 class 0x088000
[    1.244411] pci 0000:d7:07.4: [8086:203c] type 00 class 0x088000
[    1.244508] pci 0000:d7:07.7: [8086:203d] type 00 class 0x088000
[    1.244606] pci 0000:d7:0e.0: [8086:2058] type 00 class 0x110100
[    1.244708] pci 0000:d7:0e.1: [8086:2059] type 00 class 0x088000
[    1.244792] pci 0000:d7:0e.2: [8086:205a] type 00 class 0x088000
[    1.244875] pci 0000:d7:0e.3: [8086:205b] type 00 class 0x088000
[    1.244961] pci 0000:d7:0f.0: [8086:2058] type 00 class 0x110100
[    1.245062] pci 0000:d7:0f.1: [8086:2059] type 00 class 0x088000
[    1.245146] pci 0000:d7:0f.2: [8086:205a] type 00 class 0x088000
[    1.245233] pci 0000:d7:12.0: [8086:204c] type 00 class 0x110100
[    1.245330] pci 0000:d7:12.1: [8086:204d] type 00 class 0x110100
[    1.245398] pci 0000:d7:12.2: [8086:204e] type 00 class 0x088000
[    1.245466] pci 0000:d7:12.3: [8086:204f] type 00 class 0x088000
[    1.245538] pci 0000:d7:15.0: [8086:2018] type 00 class 0x088000
[    1.245620] pci 0000:d7:15.1: [8086:2088] type 00 class 0x110100
[    1.245690] pci 0000:d7:15.3: [8086:2019] type 00 class 0x088000
[    1.245761] pci 0000:d7:16.0: [8086:2018] type 00 class 0x088000
[    1.245844] pci 0000:d7:16.1: [8086:2088] type 00 class 0x110100
[    1.245912] pci 0000:d7:16.3: [8086:2019] type 00 class 0x088000
[    1.245978] pci 0000:d7:16.4: [8086:2018] type 00 class 0x088000
[    1.246047] pci 0000:d7:16.5: [8086:2088] type 00 class 0x110100
[    1.246115] pci 0000:d7:16.7: [8086:2019] type 00 class 0x088000
[    1.246217] pci 0000:d7:00.0: PCI bridge to [bus d8]
[    1.246234] pci_bus 0000:d7: on NUMA node 1
[    1.246559] ACPI: PCI: Interrupt link LNKA configured for IRQ 11
[    1.246601] ACPI: PCI: Interrupt link LNKB configured for IRQ 10
[    1.246641] ACPI: PCI: Interrupt link LNKC configured for IRQ 11
[    1.246681] ACPI: PCI: Interrupt link LNKD configured for IRQ 11
[    1.246721] ACPI: PCI: Interrupt link LNKE configured for IRQ 11
[    1.246761] ACPI: PCI: Interrupt link LNKF configured for IRQ 11
[    1.246800] ACPI: PCI: Interrupt link LNKG configured for IRQ 11
[    1.246840] ACPI: PCI: Interrupt link LNKH configured for IRQ 11
