Return-Path: <linux-kernel-owner@vger.kernel.org>
X-Original-To: lists+linux-kernel@lfdr.de
Delivered-To: lists+linux-kernel@lfdr.de
Received: from out1.vger.email (out1.vger.email [IPv6:2620:137:e000::1:20])
	by mail.lfdr.de (Postfix) with ESMTP id 311BD799AB4
	for <lists+linux-kernel@lfdr.de>; Sat,  9 Sep 2023 22:09:03 +0200 (CEST)
Received: (majordomo@vger.kernel.org) by vger.kernel.org via listexpand
        id S243562AbjIIUJB (ORCPT <rfc822;lists+linux-kernel@lfdr.de>);
        Sat, 9 Sep 2023 16:09:01 -0400
Received: from lindbergh.monkeyblade.net ([23.128.96.19]:47138 "EHLO
        lindbergh.monkeyblade.net" rhost-flags-OK-OK-OK-OK) by vger.kernel.org
        with ESMTP id S232992AbjIIUJA (ORCPT
        <rfc822;linux-kernel@vger.kernel.org>);
        Sat, 9 Sep 2023 16:09:00 -0400
Received: from torres.zugschlus.de (torres.zugschlus.de [IPv6:2a01:238:42bc:a101::2:100])
        by lindbergh.monkeyblade.net (Postfix) with ESMTPS id 45634136;
        Sat,  9 Sep 2023 13:08:43 -0700 (PDT)
Received: from mh by torres.zugschlus.de with local (Exim 4.96)
        (envelope-from <mh+linux-kernel@zugschlus.de>)
        id 1qf4Fp-0080YN-0l;
        Sat, 09 Sep 2023 22:08:29 +0200
Date:   Sat, 9 Sep 2023 22:08:29 +0200
From:   Marc Haber <mh+linux-kernel@zugschlus.de>
To:     Tony Lindgren <tony@atomide.com>
Cc:     Sean Christopherson <seanjc@google.com>,
        Bagas Sanjaya <bagasdotme@gmail.com>,
        linux-kernel@vger.kernel.org,
        Linux Regressions <regressions@lists.linux.dev>,
        Linux KVM <kvm@vger.kernel.org>,
        Paolo Bonzini <pbonzini@redhat.com>
Subject: Re: Linux 6.5 speed regression, boot VERY slow with anything systemd
 related
Message-ID: <ZPzQvXUW+dbkLMZ2@torres.zugschlus.de>
References: <ZO4RzCr/Ugwi70bZ@google.com>
 <ZO4YJlhHYjM7MsK4@torres.zugschlus.de>
 <ZO4nbzkd4tovKpxx@google.com>
 <ZO5OeoKA7TbAnrI1@torres.zugschlus.de>
 <ZPEPFJ8QvubbD3H9@google.com>
 <20230901122431.GU11676@atomide.com>
 <ZPiPkSY6NRzfWV5Z@torres.zugschlus.de>
 <20230906152107.GD11676@atomide.com>
 <ZPmignexOJvJ5J5W@torres.zugschlus.de>
 <20230907105150.GJ11676@atomide.com>
MIME-Version: 1.0
Content-Type: multipart/mixed; boundary="Uo8kCwX077ES3G8h"
Content-Disposition: inline
In-Reply-To: <20230907105150.GJ11676@atomide.com>
User-Agent: Mutt/2.2.9 (2022-11-12)
X-Spam-Status: No, score=-1.9 required=5.0 tests=BAYES_00,
        RCVD_IN_DNSWL_BLOCKED,SPF_HELO_NONE,SPF_NONE,UPPERCASE_50_75
        autolearn=no autolearn_force=no version=3.4.6
X-Spam-Checker-Version: SpamAssassin 3.4.6 (2021-04-09) on
        lindbergh.monkeyblade.net
Precedence: bulk
List-ID: <linux-kernel.vger.kernel.org>
X-Mailing-List: linux-kernel@vger.kernel.org


--Uo8kCwX077ES3G8h
Content-Type: text/plain; charset=utf-8
Content-Disposition: inline

On Thu, Sep 07, 2023 at 01:51:50PM +0300, Tony Lindgren wrote:
> Still a minimal reproducable test case is needed.. Or do you have the
> dmesg output of the failing boot?

I have both dmesg output of a failing boot (with my kernel) and of a
successful boot (with the Debian kernel). Attached.


In the last few days I have made some additional experiments. Since 6.5
has landed in Debian experimental in the mean time, I tried with the
Debian kernel: It works. I then used the Debian .config with my kernel
tree and my build environment, it works as well. I tried again with my
own .config, doesn't work.

I spent the next days with kind of binary searching the .config
differences between mine and Debian's (they're huge), and I now have two
configurations that only differ in CONFIG_PREEMPT_VOLUNTARY and
CONFIG_PREMPT. The version with CONFIG_PREEMPT_VOLUNTARY seems to work
(both attached). Sadly, my "own" .config uses CONFIG_PREEMPT_VOLUNTARY
and doesn't work, so the actual problem seems to be a bit more complex
still.

Greetings
Marc

-- 
-----------------------------------------------------------------------------
Marc Haber         | "I don't trust Computers. They | Mailadresse im Header
Leimen, Germany    |  lose things."    Winona Ryder | Fon: *49 6224 1600402
Nordisch by Nature |  How to make an American Quilt | Fax: *49 6224 1600421

--Uo8kCwX077ES3G8h
Content-Type: text/plain; charset=utf-8
Content-Disposition: attachment; filename=dmesg-debiankernel

[    0.000000] Linux version 6.5.0-0-amd64 (debian-kernel@lists.debian.org) (gcc-13 (Debian 13.2.0-3) 13.2.0, GNU ld (GNU Binutils for Debian) 2.41) #1 SMP PREEMPT_DYNAMIC Debian 6.5.1-1~exp1 (2023-09-03)
[    0.000000] Command line: BOOT_IMAGE=/boot/vmlinuz-6.5.0-0-amd64 root=/dev/vda2 ro console=ttyS0,57600n8
[    0.000000] BIOS-provided physical RAM map:
[    0.000000] BIOS-e820: [mem 0x0000000000000000-0x000000000009fbff] usable
[    0.000000] BIOS-e820: [mem 0x000000000009fc00-0x000000000009ffff] reserved
[    0.000000] BIOS-e820: [mem 0x00000000000f0000-0x00000000000fffff] reserved
[    0.000000] BIOS-e820: [mem 0x0000000000100000-0x000000002ffd8fff] usable
[    0.000000] BIOS-e820: [mem 0x000000002ffd9000-0x000000002fffffff] reserved
[    0.000000] BIOS-e820: [mem 0x00000000feffc000-0x00000000feffffff] reserved
[    0.000000] BIOS-e820: [mem 0x00000000fffc0000-0x00000000ffffffff] reserved
[    0.000000] NX (Execute Disable) protection: active
[    0.000000] SMBIOS 2.8 present.
[    0.000000] DMI: QEMU Standard PC (i440FX + PIIX, 1996), BIOS 1.12.0-1 04/01/2014
[    0.000000] Hypervisor detected: KVM
[    0.000000] kvm-clock: Using msrs 4b564d01 and 4b564d00
[    0.000007] kvm-clock: using sched offset of 92660037799 cycles
[    0.000017] clocksource: kvm-clock: mask: 0xffffffffffffffff max_cycles: 0x1cd42e4dffb, max_idle_ns: 881590591483 ns
[    0.000030] tsc: Detected 998.127 MHz processor
[    0.005429] e820: update [mem 0x00000000-0x00000fff] usable ==> reserved
[    0.005474] e820: remove [mem 0x000a0000-0x000fffff] usable
[    0.005521] last_pfn = 0x2ffd9 max_arch_pfn = 0x400000000
[    0.005749] MTRR map: 4 entries (3 fixed + 1 variable; max 19), built from 8 variable MTRRs
[    0.005797] x86/PAT: Configuration [0-7]: WB  WC  UC- UC  WB  WP  UC- WT  
[    0.019531] found SMP MP-table at [mem 0x000f5a60-0x000f5a6f]
[    0.020995] RAMDISK: [mem 0x2d558000-0x2f4cefff]
[    0.021011] ACPI: Early table checksum verification disabled
[    0.021053] ACPI: RSDP 0x00000000000F5890 000014 (v00 BOCHS )
[    0.021072] ACPI: RSDT 0x000000002FFE12AA 00002C (v01 BOCHS  BXPCRSDT 00000001 BXPC 00000001)
[    0.021096] ACPI: FACP 0x000000002FFE11BE 000074 (v01 BOCHS  BXPCFACP 00000001 BXPC 00000001)
[    0.021121] ACPI: DSDT 0x000000002FFE0040 00117E (v01 BOCHS  BXPCDSDT 00000001 BXPC 00000001)
[    0.021139] ACPI: FACS 0x000000002FFE0000 000040
[    0.021152] ACPI: APIC 0x000000002FFE1232 000078 (v01 BOCHS  BXPCAPIC 00000001 BXPC 00000001)
[    0.021166] ACPI: Reserving FACP table memory at [mem 0x2ffe11be-0x2ffe1231]
[    0.021173] ACPI: Reserving DSDT table memory at [mem 0x2ffe0040-0x2ffe11bd]
[    0.021179] ACPI: Reserving FACS table memory at [mem 0x2ffe0000-0x2ffe003f]
[    0.021184] ACPI: Reserving APIC table memory at [mem 0x2ffe1232-0x2ffe12a9]
[    0.022892] No NUMA configuration found
[    0.022900] Faking a node at [mem 0x0000000000000000-0x000000002ffd8fff]
[    0.022942] NODE_DATA(0) allocated [mem 0x2ffae000-0x2ffd8fff]
[    0.024428] Zone ranges:
[    0.024432]   DMA      [mem 0x0000000000001000-0x0000000000ffffff]
[    0.024443]   DMA32    [mem 0x0000000001000000-0x000000002ffd8fff]
[    0.024452]   Normal   empty
[    0.024457]   Device   empty
[    0.024462] Movable zone start for each node
[    0.024470] Early memory node ranges
[    0.024472]   node   0: [mem 0x0000000000001000-0x000000000009efff]
[    0.024480]   node   0: [mem 0x0000000000100000-0x000000002ffd8fff]
[    0.024488] Initmem setup node 0 [mem 0x0000000000001000-0x000000002ffd8fff]
[    0.024578] On node 0, zone DMA: 1 pages in unavailable ranges
[    0.024702] On node 0, zone DMA: 97 pages in unavailable ranges
[    0.028108] On node 0, zone DMA32: 39 pages in unavailable ranges
[    0.030802] ACPI: PM-Timer IO Port: 0x608
[    0.030897] ACPI: LAPIC_NMI (acpi_id[0xff] dfl dfl lint[0x1])
[    0.031047] IOAPIC[0]: apic_id 0, version 17, address 0xfec00000, GSI 0-23
[    0.031062] ACPI: INT_SRC_OVR (bus 0 bus_irq 0 global_irq 2 dfl dfl)
[    0.031071] ACPI: INT_SRC_OVR (bus 0 bus_irq 5 global_irq 5 high level)
[    0.031077] ACPI: INT_SRC_OVR (bus 0 bus_irq 9 global_irq 9 high level)
[    0.031084] ACPI: INT_SRC_OVR (bus 0 bus_irq 10 global_irq 10 high level)
[    0.031090] ACPI: INT_SRC_OVR (bus 0 bus_irq 11 global_irq 11 high level)
[    0.031106] ACPI: Using ACPI (MADT) for SMP configuration information
[    0.031133] smpboot: Allowing 1 CPUs, 0 hotplug CPUs
[    0.031302] PM: hibernation: Registered nosave memory: [mem 0x00000000-0x00000fff]
[    0.031311] PM: hibernation: Registered nosave memory: [mem 0x0009f000-0x0009ffff]
[    0.031317] PM: hibernation: Registered nosave memory: [mem 0x000a0000-0x000effff]
[    0.031322] PM: hibernation: Registered nosave memory: [mem 0x000f0000-0x000fffff]
[    0.031330] [mem 0x30000000-0xfeffbfff] available for PCI devices
[    0.031337] Booting paravirtualized kernel on KVM
[    0.031373] clocksource: refined-jiffies: mask: 0xffffffff max_cycles: 0xffffffff, max_idle_ns: 7645519600211568 ns
[    0.058111] setup_percpu: NR_CPUS:8192 nr_cpumask_bits:1 nr_cpu_ids:1 nr_node_ids:1
[    0.060073] percpu: Embedded 63 pages/cpu s221184 r8192 d28672 u2097152
[    0.060159] pcpu-alloc: s221184 r8192 d28672 u2097152 alloc=1*2097152
[    0.060203] pcpu-alloc: [0] 0 
[    0.060361] kvm-guest: PV spinlocks disabled, no host support
[    0.060367] Kernel command line: BOOT_IMAGE=/boot/vmlinuz-6.5.0-0-amd64 root=/dev/vda2 ro console=ttyS0,57600n8
[    0.060757] Unknown kernel command line parameters "BOOT_IMAGE=/boot/vmlinuz-6.5.0-0-amd64", will be passed to user space.
[    0.061476] Dentry cache hash table entries: 131072 (order: 8, 1048576 bytes, linear)
[    0.061812] Inode-cache hash table entries: 65536 (order: 7, 524288 bytes, linear)
[    0.062004] Fallback order for Node 0: 0 
[    0.062024] Built 1 zonelists, mobility grouping on.  Total pages: 193241
[    0.062059] Policy zone: DMA32
[    0.062124] mem auto-init: stack:all(zero), heap alloc:on, heap free:off
[    0.072263] Memory: 260860K/785884K available (14336K kernel code, 2344K rwdata, 10324K rodata, 3928K init, 16072K bss, 100480K reserved, 0K cma-reserved)
[    0.118635] SLUB: HWalign=64, Order=0-3, MinObjects=0, CPUs=1, Nodes=1
[    0.119351] ftrace: allocating 42099 entries in 165 pages
[    0.163351] ftrace: allocated 165 pages with 4 groups
[    0.167648] Dynamic Preempt: voluntary
[    0.168241] rcu: Preemptible hierarchical RCU implementation.
[    0.168245] rcu: 	RCU restricting CPUs from NR_CPUS=8192 to nr_cpu_ids=1.
[    0.168252] 	Trampoline variant of Tasks RCU enabled.
[    0.168254] 	Rude variant of Tasks RCU enabled.
[    0.168256] 	Tracing variant of Tasks RCU enabled.
[    0.168260] rcu: RCU calculated value of scheduler-enlistment delay is 25 jiffies.
[    0.168266] rcu: Adjusting geometry for rcu_fanout_leaf=16, nr_cpu_ids=1
[    0.190927] NR_IRQS: 524544, nr_irqs: 256, preallocated irqs: 16
[    0.191718] rcu: srcu_init: Setting srcu_struct sizes based on contention.
[    0.292593] Console: colour VGA+ 80x25
[    0.293064] printk: console [ttyS0] enabled
[    1.033179] ACPI: Core revision 20230331
[    1.038789] APIC: Switch to symmetric I/O mode setup
[    1.046643] x2apic enabled
[    1.052746] Switched APIC routing to physical x2apic.
[    1.066736] ..TIMER: vector=0x30 apic1=0 pin1=2 apic2=-1 pin2=-1
[    1.074889] clocksource: tsc-early: mask: 0xffffffffffffffff max_cycles: 0x1cc65b93289, max_idle_ns: 881590487074 ns
[    1.088326] Calibrating delay loop (skipped) preset value.. 1996.25 BogoMIPS (lpj=3992508)
[    1.101049] Last level iTLB entries: 4KB 0, 2MB 0, 4MB 0
[    1.104327] Last level dTLB entries: 4KB 0, 2MB 0, 4MB 0, 1GB 0
[    1.112340] Spectre V1 : Mitigation: usercopy/swapgs barriers and __user pointer sanitization
[    1.124350] Spectre V2 : Mitigation: Retpolines
[    1.128324] Spectre V2 : Spectre v2 / SpectreRSB mitigation: Filling RSB on context switch
[    1.140327] Spectre V2 : Spectre v2 / SpectreRSB : Filling RSB on VMEXIT
[    1.148328] Speculative Store Bypass: Vulnerable
[    1.156348] x86/fpu: x87 FPU will use FXSAVE
[    1.292825] Freeing SMP alternatives memory: 36K
[    1.296337] pid_max: default: 32768 minimum: 301
[    1.308766] LSM: initializing lsm=lockdown,capability,landlock,yama,apparmor,tomoyo,bpf,integrity
[    1.321818] landlock: Up and running.
[    1.324321] Yama: disabled by default; enable with sysctl kernel.yama.*
[    1.332577] AppArmor: AppArmor initialized
[    1.336343] TOMOYO Linux initialized
[    1.344357] LSM support for eBPF active
[    1.349878] Mount-cache hash table entries: 2048 (order: 2, 16384 bytes, linear)
[    1.360330] Mountpoint-cache hash table entries: 2048 (order: 2, 16384 bytes, linear)
[    1.483496] smpboot: CPU0: AMD QEMU Virtual CPU version 2.1.0 (family: 0x6, model: 0x6, stepping: 0x3)
[    1.489623] RCU Tasks: Setting shift to 0 and lim to 1 rcu_task_cb_adjust=1.
[    1.492716] RCU Tasks Rude: Setting shift to 0 and lim to 1 rcu_task_cb_adjust=1.
[    1.496747] RCU Tasks Trace: Setting shift to 0 and lim to 1 rcu_task_cb_adjust=1.
[    1.504926] Performance Events: AMD PMU driver.
[    1.508453] ... version:                0
[    1.512341] ... bit width:              48
[    1.516361] ... generic registers:      4
[    1.520335] ... value mask:             0000ffffffffffff
[    1.524345] ... max period:             00007fffffffffff
[    1.528348] ... fixed-purpose events:   0
[    1.532333] ... event mask:             000000000000000f
[    1.537011] signal: max sigframe size: 1440
[    1.541029] rcu: Hierarchical SRCU implementation.
[    1.548353] rcu: 	Max phase no-delay instances is 1000.
[    1.555371] smp: Bringing up secondary CPUs ...
[    1.560547] smp: Brought up 1 node, 1 CPU
[    1.564400] smpboot: Max logical packages: 1
[    1.568368] smpboot: Total of 1 processors activated (1996.25 BogoMIPS)
[    1.586557] node 0 deferred pages initialised in 12ms
[    1.590268] devtmpfs: initialized
[    1.596888] x86/mm: Memory block size: 128MB
[    1.605193] clocksource: jiffies: mask: 0xffffffff max_cycles: 0xffffffff, max_idle_ns: 7645041785100000 ns
[    1.608560] futex hash table entries: 256 (order: 2, 16384 bytes, linear)
[    1.617228] pinctrl core: initialized pinctrl subsystem
[    1.631998] NET: Registered PF_NETLINK/PF_ROUTE protocol family
[    1.633355] DMA: preallocated 128 KiB GFP_KERNEL pool for atomic allocations
[    1.636515] DMA: preallocated 128 KiB GFP_KERNEL|GFP_DMA pool for atomic allocations
[    1.640445] DMA: preallocated 128 KiB GFP_KERNEL|GFP_DMA32 pool for atomic allocations
[    1.646076] audit: initializing netlink subsys (disabled)
[    1.649603] thermal_sys: Registered thermal governor 'fair_share'
[    1.649614] thermal_sys: Registered thermal governor 'bang_bang'
[    1.652445] audit: type=2000 audit(1694197484.721:1): state=initialized audit_enabled=0 res=1
[    1.660363] thermal_sys: Registered thermal governor 'step_wise'
[    1.660376] thermal_sys: Registered thermal governor 'user_space'
[    1.664359] thermal_sys: Registered thermal governor 'power_allocator'
[    1.668603] cpuidle: using governor ladder
[    1.676452] cpuidle: using governor menu
[    1.680927] acpiphp: ACPI Hot Plug PCI Controller Driver version: 0.5
[    1.689667] PCI: Using configuration type 1 for base access
[    1.693603] kprobes: kprobe jump-optimization is enabled. All kprobes are optimized if possible.
[    1.838496] HugeTLB: registered 2.00 MiB page size, pre-allocated 0 pages
[    1.840327] HugeTLB: 28 KiB vmemmap can be freed for a 2.00 MiB page
[    1.850254] ACPI: Added _OSI(Module Device)
[    1.852404] ACPI: Added _OSI(Processor Device)
[    1.856330] ACPI: Added _OSI(3.0 _SCP Extensions)
[    1.860357] ACPI: Added _OSI(Processor Aggregator Device)
[    1.869675] ACPI: 1 ACPI AML tables successfully acquired and loaded
[    1.877552] ACPI: Interpreter enabled
[    1.880481] ACPI: PM: (supports S0 S5)
[    1.884356] ACPI: Using IOAPIC for interrupt routing
[    1.888587] PCI: Using host bridge windows from ACPI; if necessary, use "pci=nocrs" and report a bug
[    1.892335] PCI: Using E820 reservations for host bridge windows
[    1.897170] ACPI: Enabled 2 GPEs in block 00 to 0F
[    1.918767] ACPI: PCI Root Bridge [PCI0] (domain 0000 [bus 00-ff])
[    1.920401] acpi PNP0A03:00: _OSC: OS supports [ASPM ClockPM Segments MSI HPX-Type3]
[    1.924503] acpi PNP0A03:00: _OSC: not requesting OS control; OS requires [ExtendedConfig ASPM ClockPM MSI]
[    1.928462] acpi PNP0A03:00: fail to add MMCONFIG information, can't access extended configuration space under this bridge
[    1.938756] acpiphp: Slot [3] registered
[    1.940574] acpiphp: Slot [4] registered
[    1.944657] acpiphp: Slot [6] registered
[    1.948615] acpiphp: Slot [7] registered
[    1.952699] acpiphp: Slot [8] registered
[    1.956678] acpiphp: Slot [9] registered
[    1.960794] acpiphp: Slot [10] registered
[    1.964534] acpiphp: Slot [11] registered
[    1.968475] acpiphp: Slot [12] registered
[    1.972468] acpiphp: Slot [13] registered
[    1.976660] acpiphp: Slot [14] registered
[    1.980556] acpiphp: Slot [15] registered
[    1.984603] acpiphp: Slot [16] registered
[    1.988495] acpiphp: Slot [17] registered
[    1.996360] acpiphp: Slot [18] registered
[    2.000468] acpiphp: Slot [19] registered
[    2.004546] acpiphp: Slot [20] registered
[    2.012383] acpiphp: Slot [21] registered
[    2.016523] acpiphp: Slot [22] registered
[    2.020443] acpiphp: Slot [23] registered
[    2.024450] acpiphp: Slot [24] registered
[    2.028622] acpiphp: Slot [25] registered
[    2.032616] acpiphp: Slot [26] registered
[    2.036556] acpiphp: Slot [27] registered
[    2.044635] acpiphp: Slot [28] registered
[    2.048491] acpiphp: Slot [29] registered
[    2.052496] acpiphp: Slot [30] registered
[    2.060488] acpiphp: Slot [31] registered
[    2.064475] PCI host bridge to bus 0000:00
[    2.068361] pci_bus 0000:00: root bus resource [io  0x0000-0x0cf7 window]
[    2.072328] pci_bus 0000:00: root bus resource [io  0x0d00-0xffff window]
[    2.076329] pci_bus 0000:00: root bus resource [mem 0x000a0000-0x000bffff window]
[    2.080341] pci_bus 0000:00: root bus resource [mem 0x30000000-0xfebfffff window]
[    2.084422] pci_bus 0000:00: root bus resource [bus 00-ff]
[    2.088759] pci 0000:00:00.0: [8086:1237] type 00 class 0x060000
[    2.102840] pci 0000:00:01.0: [8086:7000] type 00 class 0x060100
[    2.111167] pci 0000:00:01.1: [8086:7010] type 00 class 0x010180
[    2.128332] pci 0000:00:01.1: reg 0x20: [io  0xc140-0xc14f]
[    2.141614] pci 0000:00:01.1: legacy IDE quirk: reg 0x10: [io  0x01f0-0x01f7]
[    2.144432] pci 0000:00:01.1: legacy IDE quirk: reg 0x14: [io  0x03f6]
[    2.148340] pci 0000:00:01.1: legacy IDE quirk: reg 0x18: [io  0x0170-0x0177]
[    2.152373] pci 0000:00:01.1: legacy IDE quirk: reg 0x1c: [io  0x0376]
[    2.157637] pci 0000:00:01.3: [8086:7113] type 00 class 0x068000
[    2.166678] pci 0000:00:01.3: quirk: [io  0x0600-0x063f] claimed by PIIX4 ACPI
[    2.168406] pci 0000:00:01.3: quirk: [io  0x0700-0x070f] claimed by PIIX4 SMB
[    2.174124] pci 0000:00:02.0: [1b36:0100] type 00 class 0x030000
[    2.184394] pci 0000:00:02.0: reg 0x10: [mem 0xf4000000-0xf7ffffff]
[    2.196458] pci 0000:00:02.0: reg 0x14: [mem 0xf8000000-0xfbffffff]
[    2.208457] pci 0000:00:02.0: reg 0x18: [mem 0xfc070000-0xfc071fff]
[    2.220414] pci 0000:00:02.0: reg 0x1c: [io  0xc080-0xc09f]
[    2.252433] pci 0000:00:02.0: reg 0x30: [mem 0xfc060000-0xfc06ffff pref]
[    2.257103] pci 0000:00:02.0: Video device with shadowed ROM at [mem 0x000c0000-0x000dffff]
[    2.264979] pci 0000:00:03.0: [1af4:1001] type 00 class 0x010000
[    2.276329] pci 0000:00:03.0: reg 0x10: [io  0xc000-0xc03f]
[    2.286626] pci 0000:00:03.0: reg 0x14: [mem 0xfc072000-0xfc072fff]
[    2.325386] pci 0000:00:04.0: [8086:100e] type 00 class 0x020000
[    2.335922] pci 0000:00:04.0: reg 0x10: [mem 0xfc040000-0xfc05ffff]
[    2.340365] pci 0000:00:04.0: reg 0x14: [io  0xc040-0xc07f]
[    2.368426] pci 0000:00:04.0: reg 0x30: [mem 0xfc000000-0xfc03ffff pref]
[    2.373956] pci 0000:00:05.0: [8086:2934] type 00 class 0x0c0300
[    2.388356] pci 0000:00:05.0: reg 0x20: [io  0xc0a0-0xc0bf]
[    2.402027] pci 0000:00:05.1: [8086:2935] type 00 class 0x0c0300
[    2.417243] pci 0000:00:05.1: reg 0x20: [io  0xc0c0-0xc0df]
[    2.426582] pci 0000:00:05.2: [8086:2936] type 00 class 0x0c0300
[    2.442194] pci 0000:00:05.2: reg 0x20: [io  0xc0e0-0xc0ff]
[    2.452576] pci 0000:00:05.7: [8086:293a] type 00 class 0x0c0320
[    2.461886] pci 0000:00:05.7: reg 0x10: [mem 0xfc073000-0xfc073fff]
[    2.480556] pci 0000:00:06.0: [1af4:1003] type 00 class 0x078000
[    2.490082] pci 0000:00:06.0: reg 0x10: [io  0xc100-0xc11f]
[    2.498733] pci 0000:00:06.0: reg 0x14: [mem 0xfc074000-0xfc074fff]
[    2.525162] pci 0000:00:08.0: [1af4:1002] type 00 class 0x00ff00
[    2.532341] pci 0000:00:08.0: reg 0x10: [io  0xc120-0xc13f]
[    2.560388] ACPI: PCI: Interrupt link LNKA configured for IRQ 10
[    2.569004] ACPI: PCI: Interrupt link LNKB configured for IRQ 10
[    2.576810] ACPI: PCI: Interrupt link LNKC configured for IRQ 11
[    2.581337] ACPI: PCI: Interrupt link LNKD configured for IRQ 11
[    2.584897] ACPI: PCI: Interrupt link LNKS configured for IRQ 9
[    2.593983] iommu: Default domain type: Translated
[    2.596367] iommu: DMA domain TLB invalidation policy: lazy mode
[    2.601906] pps_core: LinuxPPS API ver. 1 registered
[    2.604362] pps_core: Software ver. 5.3.6 - Copyright 2005-2007 Rodolfo Giometti <giometti@linux.it>
[    2.608401] PTP clock support registered
[    2.612525] EDAC MC: Ver: 3.0.0
[    2.622897] NetLabel: Initializing
[    2.624364] NetLabel:  domain hash size = 128
[    2.628353] NetLabel:  protocols = UNLABELED CIPSOv4 CALIPSO
[    2.632685] NetLabel:  unlabeled traffic allowed by default
[    2.636366] PCI: Using ACPI for IRQ routing
[    2.640350] PCI: pci_cache_line_size set to 64 bytes
[    2.642155] e820: reserve RAM buffer [mem 0x0009fc00-0x0009ffff]
[    2.642180] e820: reserve RAM buffer [mem 0x2ffd9000-0x2fffffff]
[    2.643008] pci 0000:00:02.0: vgaarb: setting as boot VGA device
[    2.644305] pci 0000:00:02.0: vgaarb: bridge control possible
[    2.644305] pci 0000:00:02.0: vgaarb: VGA device added: decodes=io+mem,owns=io+mem,locks=none
[    2.648363] vgaarb: loaded
[    2.652500] clocksource: Switched to clocksource kvm-clock
[    2.813392] VFS: Disk quotas dquot_6.6.0
[    2.820140] VFS: Dquot-cache hash table entries: 512 (order 0, 4096 bytes)
[    2.829199] AppArmor: AppArmor Filesystem Enabled
[    2.834757] pnp: PnP ACPI init
[    2.839572] pnp 00:03: [dma 2]
[    2.841458] pnp: PnP ACPI: found 5 devices
[    2.865741] clocksource: acpi_pm: mask: 0xffffff max_cycles: 0xffffff, max_idle_ns: 2085701024 ns
[    2.878022] NET: Registered PF_INET protocol family
[    2.884925] IP idents hash table entries: 16384 (order: 5, 131072 bytes, linear)
[    2.907211] tcp_listen_portaddr_hash hash table entries: 512 (order: 1, 8192 bytes, linear)
[    2.917228] Table-perturb hash table entries: 65536 (order: 6, 262144 bytes, linear)
[    2.926844] TCP established hash table entries: 8192 (order: 4, 65536 bytes, linear)
[    2.937184] TCP bind hash table entries: 8192 (order: 6, 262144 bytes, linear)
[    2.947070] TCP: Hash tables configured (established 8192 bind 8192)
[    2.955830] MPTCP token hash table entries: 1024 (order: 2, 24576 bytes, linear)
[    2.965960] UDP hash table entries: 512 (order: 2, 16384 bytes, linear)
[    2.972655] UDP-Lite hash table entries: 512 (order: 2, 16384 bytes, linear)
[    2.980403] NET: Registered PF_UNIX/PF_LOCAL protocol family
[    2.986797] NET: Registered PF_XDP protocol family
[    2.992074] pci_bus 0000:00: resource 4 [io  0x0000-0x0cf7 window]
[    2.999681] pci_bus 0000:00: resource 5 [io  0x0d00-0xffff window]
[    3.007365] pci_bus 0000:00: resource 6 [mem 0x000a0000-0x000bffff window]
[    3.015333] pci_bus 0000:00: resource 7 [mem 0x30000000-0xfebfffff window]
[    3.023286] pci 0000:00:01.0: PIIX3: Enabling Passive Release
[    3.030098] pci 0000:00:00.0: Limiting direct PCI/PCI transfers
[    3.187877] ACPI: \_SB_.LNKA: Enabled at IRQ 10
[    3.344831] pci 0000:00:05.0: quirk_usb_early_handoff+0x0/0x7d0 took 301140 usecs
[    3.501959] ACPI: \_SB_.LNKB: Enabled at IRQ 11
[    3.660510] pci 0000:00:05.1: quirk_usb_early_handoff+0x0/0x7d0 took 300317 usecs
[    3.822142] ACPI: \_SB_.LNKC: Enabled at IRQ 11
[    3.988027] pci 0000:00:05.2: quirk_usb_early_handoff+0x0/0x7d0 took 310196 usecs
[    4.153285] ACPI: \_SB_.LNKD: Enabled at IRQ 10
[    4.312380] pci 0000:00:05.7: quirk_usb_early_handoff+0x0/0x7d0 took 303314 usecs
[    4.321691] PCI: CLS 0 bytes, default 64
[    4.327156] Trying to unpack rootfs image as initramfs...
[    4.333944] clocksource: tsc: mask: 0xffffffffffffffff max_cycles: 0x1cc65b93289, max_idle_ns: 881590487074 ns
[    4.358380] Initialise system trusted keyrings
[    4.373247] Key type blacklist registered
[    4.388868] workingset: timestamp_bits=36 max_order=18 bucket_order=0
[    4.401006] zbud: loaded
[    4.414809] integrity: Platform Keyring initialized
[    4.428793] integrity: Machine keyring initialized
[    4.442311] Key type asymmetric registered
[    4.452996] Asymmetric key parser 'x509' registered
[    7.857522] Freeing initrd memory: 32220K
[    7.902264] Block layer SCSI generic (bsg) driver version 0.4 loaded (major 247)
[    7.911899] io scheduler mq-deadline registered
[    7.924749] shpchp: Standard Hot Plug PCI Controller Driver version: 0.4
[    7.934047] Serial: 8250/16550 driver, 4 ports, IRQ sharing enabled
[    7.944286] 00:04: ttyS0 at I/O 0x3f8 (irq = 4, base_baud = 115200) is a 16550A
[    7.958105] Linux agpgart interface v0.103
[    7.963782] AMD-Vi: AMD IOMMUv2 functionality not available on this system - This is not a bug.
[    7.975985] i8042: PNP: PS/2 Controller [PNP0303:KBD,PNP0f13:MOU] at 0x60,0x64 irq 1,12
[    7.989998] serio: i8042 KBD port at 0x60,0x64 irq 1
[    7.995804] serio: i8042 AUX port at 0x60,0x64 irq 12
[    8.002293] mousedev: PS/2 mouse device common for all mice
[    8.014738] input: AT Translated Set 2 keyboard as /devices/platform/i8042/serio0/input/input0
[    8.024990] rtc_cmos 00:00: RTC can wake from S4
[    8.034129] rtc_cmos 00:00: registered as rtc0
[    8.041673] rtc_cmos 00:00: setting system clock to 2023-09-08T18:24:52 UTC (1694197492)
[    8.051921] rtc_cmos 00:00: alarms up to one day, y3k, 114 bytes nvram
[    8.059470] amd_pstate: the _CPC object is not present in SBIOS or ACPI disabled
[    8.068939] ledtrig-cpu: registered to indicate activity on CPUs
[    8.146443] NET: Registered PF_INET6 protocol family
[    8.187402] Segment Routing with IPv6
[    8.192845] In-situ OAM (IOAM) with IPv6
[    8.198242] mip6: Mobile IPv6
[    8.202195] NET: Registered PF_PACKET protocol family
[    8.209327] mpls_gso: MPLS GSO support
[    8.215458] IPI shorthand broadcast: enabled
[    8.230393] sched_clock: Marking stable (7364038094, 864526626)->(8862016168, -633451448)
[    8.243110] registered taskstats version 1
[    8.248858] Loading compiled-in X.509 certificates
[    8.389622] Loaded X.509 cert 'Debian Secure Boot CA: 6ccece7e4c6c0d1f6149f3dd27dfcc5cbb419ea1'
[    8.400330] Loaded X.509 cert 'Debian Secure Boot Signer 2022 - linux: 14011249c2675ea8e5148542202005810584b25f'
[    8.426406] Key type .fscrypt registered
[    8.430884] Key type fscrypt-provisioning registered
[    8.468827] Key type encrypted registered
[    8.473580] AppArmor: AppArmor sha1 policy hashing enabled
[    8.479677] ima: No TPM chip found, activating TPM-bypass!
[    8.485784] ima: Allocated hash algorithm: sha256
[    8.491817] ima: No architecture policies found
[    8.497019] evm: Initialising EVM extended attributes:
[    8.502952] evm: security.selinux
[    8.506760] evm: security.SMACK64 (disabled)
[    8.511446] evm: security.SMACK64EXEC (disabled)
[    8.517580] evm: security.SMACK64TRANSMUTE (disabled)
[    8.523296] evm: security.SMACK64MMAP (disabled)
[    8.528226] evm: security.apparmor
[    8.531874] evm: security.ima
[    8.535312] evm: security.capability
[    8.539335] evm: HMAC attrs: 0x1
[    9.281649] RAS: Correctable Errors collector initialized.
[    9.289022] clk: Disabling unused clocks
[    9.304154] Freeing unused decrypted memory: 2036K
[    9.313074] Freeing unused kernel image (initmem) memory: 3928K
[    9.317988] Write protecting the kernel read-only data: 26624k
[    9.325869] Freeing unused kernel image (rodata/data gap) memory: 1964K
[    9.542732] x86/mm: Checked W+X mappings: passed, no W+X pages found.
[    9.548076] Run /init as init process
[    9.551220]   with arguments:
[    9.551232]     /init
[    9.551236]   with environment:
[    9.551240]     HOME=/
[    9.551244]     TERM=linux
[    9.551247]     BOOT_IMAGE=/boot/vmlinuz-6.5.0-0-amd64
[   10.535274] piix4_smbus 0000:00:01.3: SMBus Host Controller at 0x700, revision 0
[   10.597405] FDC 0 is a S82078B
[   10.829619] e1000: Intel(R) PRO/1000 Network Driver
[   10.835070] e1000: Copyright (c) 1999-2006 Intel Corporation.
[   10.974915] input: VirtualPS/2 VMware VMMouse as /devices/platform/i8042/serio1/input/input3
[   11.017441] input: VirtualPS/2 VMware VMMouse as /devices/platform/i8042/serio1/input/input2
[   11.094003] SCSI subsystem initialized
[   11.282367] ACPI: bus type USB registered
[   11.299581] usbcore: registered new interface driver usbfs
[   11.314217] usbcore: registered new interface driver hub
[   11.332852] usbcore: registered new device driver usb
[   11.655444] libata version 3.00 loaded.
[   11.748648] virtio-pci 0000:00:03.0: virtio_pci: leaving for legacy driver
[   12.511600] uhci_hcd 0000:00:05.0: UHCI Host Controller
[   12.520657] virtio-pci 0000:00:06.0: virtio_pci: leaving for legacy driver
[   12.526046] uhci_hcd 0000:00:05.0: new USB bus registered, assigned bus number 1
[   12.548791] uhci_hcd 0000:00:05.0: detected 2 ports
[   12.557864] uhci_hcd 0000:00:05.0: irq 10, io port 0x0000c0a0
[   12.577374] usb usb1: New USB device found, idVendor=1d6b, idProduct=0001, bcdDevice= 6.05
[   12.586488] usb usb1: New USB device strings: Mfr=3, Product=2, SerialNumber=1
[   12.595531] usb usb1: Product: UHCI Host Controller
[   12.599952] usb usb1: Manufacturer: Linux 6.5.0-0-amd64 uhci_hcd
[   12.606331] usb usb1: SerialNumber: 0000:00:05.0
[   12.690676] hub 1-0:1.0: USB hub found
[   12.708696] hub 1-0:1.0: 2 ports detected
[   12.720046] ehci-pci 0000:00:05.7: EHCI Host Controller
[   12.736757] ehci-pci 0000:00:05.7: new USB bus registered, assigned bus number 2
[   12.749746] ehci-pci 0000:00:05.7: irq 10, io mem 0xfc073000
[   12.785727] ehci-pci 0000:00:05.7: USB 2.0 started, EHCI 1.00
[   12.810173] usb usb2: New USB device found, idVendor=1d6b, idProduct=0002, bcdDevice= 6.05
[   12.817719] usb usb2: New USB device strings: Mfr=3, Product=2, SerialNumber=1
[   12.823871] usb usb2: Product: EHCI Host Controller
[   12.828444] usb usb2: Manufacturer: Linux 6.5.0-0-amd64 ehci_hcd
[   12.833853] usb usb2: SerialNumber: 0000:00:05.7
[   12.913150] hub 2-0:1.0: USB hub found
[   12.944745] hub 2-0:1.0: 6 ports detected
[   12.993314] hub 1-0:1.0: USB hub found
[   13.012707] hub 1-0:1.0: 2 ports detected
[   13.056289] ata_piix 0000:00:01.1: version 2.13
[   13.089299] scsi host0: ata_piix
[   13.101836] scsi host1: ata_piix
[   13.105449] ata1: PATA max MWDMA2 cmd 0x1f0 ctl 0x3f6 bmdma 0xc140 irq 14
[   13.111358] ata2: PATA max MWDMA2 cmd 0x170 ctl 0x376 bmdma 0xc148 irq 15
[   13.420297] virtio-pci 0000:00:08.0: virtio_pci: leaving for legacy driver
[   13.430074] uhci_hcd 0000:00:05.1: UHCI Host Controller
[   13.451814] uhci_hcd 0000:00:05.1: new USB bus registered, assigned bus number 3
[   13.475876] virtio_blk virtio0: 1/0/0 default/read/poll queues
[   13.481689] uhci_hcd 0000:00:05.1: detected 2 ports
[   13.507499] uhci_hcd 0000:00:05.1: irq 11, io port 0x0000c0c0
[   13.516155] virtio_blk virtio0: [vda] 12582912 512-byte logical blocks (6.44 GB/6.00 GiB)
[   13.526587] usb usb3: New USB device found, idVendor=1d6b, idProduct=0001, bcdDevice= 6.05
[   13.537643] usb usb3: New USB device strings: Mfr=3, Product=2, SerialNumber=1
[   13.546716] usb usb3: Product: UHCI Host Controller
[   13.552671] usb usb3: Manufacturer: Linux 6.5.0-0-amd64 uhci_hcd
[   13.560140] usb usb3: SerialNumber: 0000:00:05.1
[   13.591240] e1000 0000:00:04.0 eth0: (PCI:33MHz:32-bit) 52:54:00:4b:f9:37
[   13.599806] e1000 0000:00:04.0 eth0: Intel(R) PRO/1000 Network Connection
[   13.612163] hub 3-0:1.0: USB hub found
[   13.619745]  vda: vda1 vda2
[   13.640825] hub 3-0:1.0: 2 ports detected
[   13.654728] e1000 0000:00:04.0 ens4: renamed from eth0
[   13.898275] uhci_hcd 0000:00:05.2: UHCI Host Controller
[   13.909826] uhci_hcd 0000:00:05.2: new USB bus registered, assigned bus number 4
[   13.932899] uhci_hcd 0000:00:05.2: detected 2 ports
[   13.940075] uhci_hcd 0000:00:05.2: irq 11, io port 0x0000c0e0
[   13.959704] usb usb4: New USB device found, idVendor=1d6b, idProduct=0001, bcdDevice= 6.05
[   13.970673] usb usb4: New USB device strings: Mfr=3, Product=2, SerialNumber=1
[   13.979722] usb usb4: Product: UHCI Host Controller
[   13.986047] usb usb4: Manufacturer: Linux 6.5.0-0-amd64 uhci_hcd
[   13.996660] usb usb4: SerialNumber: 0000:00:05.2
[   14.005160] hub 4-0:1.0: USB hub found
[   14.010964] hub 4-0:1.0: 2 ports detected
[   14.912972] EXT4-fs (vda2): mounted filesystem 21d5f876-049d-417d-9369-6d678bac44bc ro with ordered data mode. Quota mode: none.
[   15.259034] Not activating Mandatory Access Control as /sbin/tomoyo-init does not exist.
[   15.529973] systemd[1]: Inserted module 'autofs4'
[   15.638152] systemd[1]: systemd 252.12-1~deb12u1 running in system mode (+PAM +AUDIT +SELINUX +APPARMOR +IMA +SMACK +SECCOMP +GCRYPT -GNUTLS +OPENSSL +ACL +BLKID +CURL +ELFUTILS +FIDO2 +IDN2 -IDN +IPTC +KMOD +LIBCRYPTSETUP +LIBFDISK +PCRE2 -PWQUALITY +P11KIT +QRENCODE +TPM2 +BZIP2 +LZ4 +XZ +ZLIB +ZSTD -BPF_FRAMEWORK -XKBCOMMON +UTMP +SYSVINIT default-hierarchy=unified)
[   15.668897] systemd[1]: Detected virtualization kvm.
[   15.674746] systemd[1]: Detected architecture x86-64.
[   15.695296] systemd[1]: Hostname set to <lasso>.
[   17.041967] systemd[1]: Queued start job for default target graphical.target.
[   17.072309] systemd[1]: Created slice system-getty.slice - Slice /system/getty.
[   17.092530] systemd[1]: Created slice system-modprobe.slice - Slice /system/modprobe.
[   17.116243] systemd[1]: Created slice system-serial\x2dgetty.slice - Slice /system/serial-getty.
[   17.138076] systemd[1]: Created slice user.slice - User and Session Slice.
[   17.155061] systemd[1]: Started systemd-ask-password-console.path - Dispatch Password Requests to Console Directory Watch.
[   17.182002] systemd[1]: Started systemd-ask-password-wall.path - Forward Password Requests to Wall Directory Watch.
[   17.208975] systemd[1]: Set up automount proc-sys-fs-binfmt_misc.automount - Arbitrary Executable File Formats File System Automount Point.
[   17.238239] systemd[1]: Reached target cryptsetup.target - Local Encrypted Volumes.
[   17.258248] systemd[1]: Reached target integritysetup.target - Local Integrity Protected Volumes.
[   17.278706] systemd[1]: Reached target paths.target - Path Units.
[   17.292458] systemd[1]: Reached target remote-fs.target - Remote File Systems.
[   17.309118] systemd[1]: Reached target slices.target - Slice Units.
[   17.324431] systemd[1]: Reached target swap.target - Swaps.
[   17.337163] systemd[1]: Reached target veritysetup.target - Local Verity Protected Volumes.
[   17.358758] systemd[1]: Listening on syslog.socket - Syslog Socket.
[   17.374703] systemd[1]: Listening on systemd-fsckd.socket - fsck to fsckd communication Socket.
[   17.393249] systemd[1]: Listening on systemd-initctl.socket - initctl Compatibility Named Pipe.
[   17.416783] systemd[1]: Listening on systemd-journald-audit.socket - Journal Audit Socket.
[   17.435881] systemd[1]: Listening on systemd-journald-dev-log.socket - Journal Socket (/dev/log).
[   17.457288] systemd[1]: Listening on systemd-journald.socket - Journal Socket.
[   17.475960] systemd[1]: Listening on systemd-networkd.socket - Network Service Netlink Socket.
[   17.495743] systemd[1]: Listening on systemd-udevd-control.socket - udev Control Socket.
[   17.514804] systemd[1]: Listening on systemd-udevd-kernel.socket - udev Kernel Socket.
[   17.545515] systemd[1]: Mounting dev-hugepages.mount - Huge Pages File System...
[   17.589581] systemd[1]: Mounting dev-mqueue.mount - POSIX Message Queue File System...
[   17.637487] systemd[1]: Mounting sys-kernel-debug.mount - Kernel Debug File System...
[   17.681254] systemd[1]: Mounting sys-kernel-tracing.mount - Kernel Trace File System...
[   17.733863] systemd[1]: Starting keyboard-setup.service - Set the console keyboard layout...
[   17.785987] systemd[1]: Starting kmod-static-nodes.service - Create List of Static Device Nodes...
[   17.866043] systemd[1]: Starting modprobe@configfs.service - Load Kernel Module configfs...
[   17.950033] systemd[1]: Starting modprobe@dm_mod.service - Load Kernel Module dm_mod...
[   18.061924] systemd[1]: Starting modprobe@drm.service - Load Kernel Module drm...
[   18.227347] systemd[1]: Starting modprobe@efi_pstore.service - Load Kernel Module efi_pstore...
[   18.354009] systemd[1]: Starting modprobe@fuse.service - Load Kernel Module fuse...
[   18.390423] device-mapper: core: CONFIG_IMA_DISABLE_HTABLE is disabled. Duplicate IMA measurements will not be recorded in the IMA log.
[   18.455124] device-mapper: uevent: version 1.0.3
[   18.466006] systemd[1]: Starting modprobe@loop.service - Load Kernel Module loop...
[   18.545389] device-mapper: ioctl: 4.48.0-ioctl (2023-03-01) initialised: dm-devel@redhat.com
[   18.610178] systemd[1]: systemd-fsck-root.service - File System Check on Root Device was skipped because of an unmet condition check (ConditionPathExists=!/run/initramfs/fsck-root).
[   18.721856] loop: module loaded
[   18.733897] systemd[1]: Starting systemd-journald.service - Journal Service...
[   18.774084] fuse: init (API version 7.38)
[   18.868426] systemd[1]: Starting systemd-modules-load.service - Load Kernel Modules...
[   19.178544] systemd[1]: Starting systemd-remount-fs.service - Remount Root and Kernel File Systems...
[   19.310225] systemd[1]: Starting systemd-udev-trigger.service - Coldplug All udev Devices...
[   19.452359] systemd[1]: Mounted dev-hugepages.mount - Huge Pages File System.
[   19.484682] EXT4-fs (vda2): re-mounted 21d5f876-049d-417d-9369-6d678bac44bc r/w. Quota mode: none.
[   19.581225] systemd[1]: Mounted dev-mqueue.mount - POSIX Message Queue File System.
[   19.651427] systemd[1]: Mounted sys-kernel-debug.mount - Kernel Debug File System.
[   19.723033] systemd[1]: Mounted sys-kernel-tracing.mount - Kernel Trace File System.
[   19.808982] systemd[1]: Finished kmod-static-nodes.service - Create List of Static Device Nodes.
[   19.893449] systemd[1]: modprobe@configfs.service: Deactivated successfully.
[   19.916243] ACPI: bus type drm_connector registered
[   19.933182] systemd[1]: Finished modprobe@configfs.service - Load Kernel Module configfs.
[   20.024916] systemd[1]: modprobe@dm_mod.service: Deactivated successfully.
[   20.058464] systemd[1]: Finished modprobe@dm_mod.service - Load Kernel Module dm_mod.
[   20.128429] systemd[1]: modprobe@drm.service: Deactivated successfully.
[   20.173345] systemd[1]: Finished modprobe@drm.service - Load Kernel Module drm.
[   20.239727] systemd[1]: modprobe@efi_pstore.service: Deactivated successfully.
[   20.282545] systemd[1]: Finished modprobe@efi_pstore.service - Load Kernel Module efi_pstore.
[   20.349143] systemd[1]: Finished keyboard-setup.service - Set the console keyboard layout.
[   20.402990] systemd[1]: Started systemd-journald.service - Journal Service.
[   20.918539] systemd-journald[183]: Received client request to flush runtime journal.
[   22.076676] random: crng init done
[   22.533305] audit: type=1400 audit(1694197506.988:2): apparmor="STATUS" operation="profile_load" profile="unconfined" name="ping" pid=213 comm="apparmor_parser"
[   22.613192] audit: type=1400 audit(1694197507.068:3): apparmor="STATUS" operation="profile_load" profile="unconfined" name="lsb_release" pid=216 comm="apparmor_parser"
[   22.701207] audit: type=1400 audit(1694197507.156:4): apparmor="STATUS" operation="profile_load" profile="unconfined" name="nvidia_modprobe" pid=217 comm="apparmor_parser"
[   22.701251] audit: type=1400 audit(1694197507.156:5): apparmor="STATUS" operation="profile_load" profile="unconfined" name="nvidia_modprobe//kmod" pid=217 comm="apparmor_parser"
[   22.793588] audit: type=1400 audit(1694197507.248:6): apparmor="STATUS" operation="profile_load" profile="unconfined" name="php-fpm" pid=218 comm="apparmor_parser"
[   22.851215] audit: type=1400 audit(1694197507.304:7): apparmor="STATUS" operation="profile_load" profile="unconfined" name="samba-bgqd" pid=220 comm="apparmor_parser"
[   22.953173] audit: type=1400 audit(1694197507.408:8): apparmor="STATUS" operation="profile_load" profile="unconfined" name="samba-dcerpcd" pid=222 comm="apparmor_parser"
[   23.034010] audit: type=1400 audit(1694197507.488:9): apparmor="STATUS" operation="profile_load" profile="unconfined" name="samba-rpcd" pid=224 comm="apparmor_parser"
[   23.115607] audit: type=1400 audit(1694197507.568:10): apparmor="STATUS" operation="profile_load" profile="unconfined" name="samba-rpcd-classic" pid=225 comm="apparmor_parser"
[   23.213479] audit: type=1400 audit(1694197507.668:11): apparmor="STATUS" operation="profile_load" profile="unconfined" name="samba-rpcd-spoolss" pid=226 comm="apparmor_parser"
[   25.136383] input: Power Button as /devices/LNXSYSTM:00/LNXPWRBN:00/input/input4
[   25.193002] ACPI: button: Power Button [PWRF]
[   25.560936] input: PC Speaker as /devices/platform/pcspkr/input/input5
[   25.961925] systemd-journald[183]: Data hash table of /run/log/journal/15338d79b87748dab72ff706bd05dadf/system.journal has a fill level at 75.2 (1540 of 2047 items, 929792 file size, 603 bytes per hash table item), suggesting rotation.
[   25.961990] systemd-journald[183]: /run/log/journal/15338d79b87748dab72ff706bd05dadf/system.journal: Journal header limits reached or header out-of-date, rotating.
[   28.304759] qxl 0000:00:02.0: vgaarb: deactivate vga console
[   28.827467] Console: switching to colour dummy device 80x25
[   28.827644] [drm] Device Version 0.0
[   28.827651] [drm] Compression level 0 log level 0
[   28.827656] [drm] 12286 io pages at offset 0x1000000
[   28.827661] [drm] 16777216 byte draw area at offset 0x0
[   28.827665] [drm] RAM header offset: 0x3ffe000
[   28.832936] [drm] qxl: 16M of VRAM memory size
[   28.832960] [drm] qxl: 63M of IO pages memory ready (VRAM domain)
[   28.832964] [drm] qxl: 64M of Surface memory size
[   29.001640] [drm] slot 0 (main): base 0xf4000000, size 0x03ffe000
[   29.002187] [drm] slot 1 (surfaces): base 0xf8000000, size 0x04000000
[   29.009761] [drm] Initialized qxl 0.1.0 20120117 for 0000:00:02.0 on minor 0
[   29.034360] fbcon: qxldrmfb (fb0) is primary device
[   29.182043] Console: switching to colour frame buffer device 128x48
[   29.372719] qxl 0000:00:02.0: [drm] fb0: qxldrmfb frame buffer device
[   30.952860] cfg80211: Loading compiled-in X.509 certificates for regulatory database
[   30.954303] Loaded X.509 cert 'benh@debian.org: 577e021cb980e0e820821ba7b54b4961b8b4fadf'
[   30.955706] Loaded X.509 cert 'romain.perier@gmail.com: 3abbc6ec146e09d1b6016ab9d6cf71dd233f0328'
[   30.969282] Loaded X.509 cert 'sforshee: 00b28ddf47aef9cea7'
[   31.076001] platform regulatory.0: firmware: failed to load regulatory.db (-2)
[   31.083718] firmware_class: See https://wiki.debian.org/Firmware for information about missing firmware
[   31.157008] platform regulatory.0: firmware: failed to load regulatory.db (-2)
[   31.163887] platform regulatory.0: Direct firmware load for regulatory.db failed with error -2
[   31.200709] cfg80211: failed to load regulatory.db
[   31.784654] kvm_amd: Nested Virtualization enabled
[   31.784677] kvm_amd: Nested Paging disabled
[   32.928069] Process accounting resumed
[   37.370289] kauditd_printk_skb: 17 callbacks suppressed
[   37.370303] audit: type=1400 audit(1694197521.824:29): apparmor="DENIED" operation="open" class="file" profile="named" name="/var/local/chroot/bind/" pid=313 comm="named" requested_mask="r" denied_mask="r" fsuid=111 ouid=0
[   37.374222] audit: type=1400 audit(1694197521.828:30): apparmor="DENIED" operation="open" class="file" profile="named" name="/var/local/chroot/bind/" pid=313 comm="named" requested_mask="r" denied_mask="r" fsuid=111 ouid=0
[   37.618407] audit: type=1400 audit(1694197522.072:31): apparmor="DENIED" operation="open" class="file" profile="named" name="/var/local/chroot/bind/" pid=313 comm="named" requested_mask="r" denied_mask="r" fsuid=111 ouid=0
[   38.189910] audit: type=1400 audit(1694197522.644:32): apparmor="DENIED" operation="capable" class="cap" profile="named" pid=313 comm="named" capability=12  capname="net_admin"
[ 1692.658590] memfd_create() without MFD_EXEC nor MFD_NOEXEC_SEAL, pid=810 'systemd'

--Uo8kCwX077ES3G8h
Content-Type: text/plain; charset=utf-8
Content-Disposition: attachment; filename=dmesg-zgkernel

[    0.000000] Linux version 6.5.2-zgsrv20080 (builder@fan-sid-buildd-amd64-x9go) (gcc (Debian 13.2.0-3) 13.2.0, GNU ld (GNU Binutils for Debian) 2.41) #1 SMP PREEMPT_DYNAMIC Fri Sep  8 19:39:20 CEST 2023
[    0.000000] Command line: BOOT_IMAGE=/boot/vmlinuz-6.5.2-zgsrv20080 root=/dev/vda2 ro console=ttyS0,57600n8
[    0.000000] KERNEL supported cpus:
[    0.000000]   Intel GenuineIntel
[    0.000000]   AMD AuthenticAMD
[    0.000000]   Centaur CentaurHauls
[    0.000000] BIOS-provided physical RAM map:
[    0.000000] BIOS-e820: [mem 0x0000000000000000-0x000000000009fbff] usable
[    0.000000] BIOS-e820: [mem 0x000000000009fc00-0x000000000009ffff] reserved
[    0.000000] BIOS-e820: [mem 0x00000000000f0000-0x00000000000fffff] reserved
[    0.000000] BIOS-e820: [mem 0x0000000000100000-0x000000002ffd8fff] usable
[    0.000000] BIOS-e820: [mem 0x000000002ffd9000-0x000000002fffffff] reserved
[    0.000000] BIOS-e820: [mem 0x00000000feffc000-0x00000000feffffff] reserved
[    0.000000] BIOS-e820: [mem 0x00000000fffc0000-0x00000000ffffffff] reserved
[    0.000000] NX (Execute Disable) protection: active
[    0.000000] SMBIOS 2.8 present.
[    0.000000] DMI: QEMU Standard PC (i440FX + PIIX, 1996), BIOS 1.12.0-1 04/01/2014
[    0.000000] Hypervisor detected: KVM
[    0.000000] kvm-clock: Using msrs 4b564d01 and 4b564d00
[    0.000035] kvm-clock: using sched offset of 12649272464 cycles
[    0.000048] clocksource: kvm-clock: mask: 0xffffffffffffffff max_cycles: 0x1cd42e4dffb, max_idle_ns: 881590591483 ns
[    0.000062] tsc: Detected 998.127 MHz processor
[    0.004842] e820: update [mem 0x00000000-0x00000fff] usable ==> reserved
[    0.004861] e820: remove [mem 0x000a0000-0x000fffff] usable
[    0.004882] last_pfn = 0x2ffd9 max_arch_pfn = 0x400000000
[    0.005160] MTRR map: 4 entries (3 fixed + 1 variable; max 19), built from 8 variable MTRRs
[    0.005206] x86/PAT: Configuration [0-7]: WB  WC  UC- UC  WB  WP  UC- WT  
[    0.017609] found SMP MP-table at [mem 0x000f5a60-0x000f5a6f]
[    0.018512] RAMDISK: [mem 0x2eb3b000-0x2f715fff]
[    0.018527] ACPI: Early table checksum verification disabled
[    0.018538] ACPI: RSDP 0x00000000000F5890 000014 (v00 BOCHS )
[    0.018557] ACPI: RSDT 0x000000002FFE12AA 00002C (v01 BOCHS  BXPCRSDT 00000001 BXPC 00000001)
[    0.018609] ACPI: FACP 0x000000002FFE11BE 000074 (v01 BOCHS  BXPCFACP 00000001 BXPC 00000001)
[    0.018632] ACPI: DSDT 0x000000002FFE0040 00117E (v01 BOCHS  BXPCDSDT 00000001 BXPC 00000001)
[    0.018647] ACPI: FACS 0x000000002FFE0000 000040
[    0.018660] ACPI: APIC 0x000000002FFE1232 000078 (v01 BOCHS  BXPCAPIC 00000001 BXPC 00000001)
[    0.018700] ACPI: Reserving FACP table memory at [mem 0x2ffe11be-0x2ffe1231]
[    0.018707] ACPI: Reserving DSDT table memory at [mem 0x2ffe0040-0x2ffe11bd]
[    0.018712] ACPI: Reserving FACS table memory at [mem 0x2ffe0000-0x2ffe003f]
[    0.018717] ACPI: Reserving APIC table memory at [mem 0x2ffe1232-0x2ffe12a9]
[    0.020276] No NUMA configuration found
[    0.020281] Faking a node at [mem 0x0000000000000000-0x000000002ffd8fff]
[    0.020294] NODE_DATA(0) allocated [mem 0x2ffd5000-0x2ffd8fff]
[    0.020387] Zone ranges:
[    0.020390]   DMA      [mem 0x0000000000001000-0x0000000000ffffff]
[    0.020398]   DMA32    [mem 0x0000000001000000-0x000000002ffd8fff]
[    0.020405]   Normal   empty
[    0.020409] Movable zone start for each node
[    0.020412] Early memory node ranges
[    0.020414]   node   0: [mem 0x0000000000001000-0x000000000009efff]
[    0.020449]   node   0: [mem 0x0000000000100000-0x000000002ffd8fff]
[    0.020457] Initmem setup node 0 [mem 0x0000000000001000-0x000000002ffd8fff]
[    0.022030] On node 0, zone DMA: 1 pages in unavailable ranges
[    0.022169] On node 0, zone DMA: 97 pages in unavailable ranges
[    0.040235] On node 0, zone DMA32: 39 pages in unavailable ranges
[    0.042918] ACPI: PM-Timer IO Port: 0x608
[    0.042993] ACPI: LAPIC_NMI (acpi_id[0xff] dfl dfl lint[0x1])
[    0.043291] IOAPIC[0]: apic_id 0, version 17, address 0xfec00000, GSI 0-23
[    0.043306] ACPI: INT_SRC_OVR (bus 0 bus_irq 0 global_irq 2 dfl dfl)
[    0.043315] ACPI: INT_SRC_OVR (bus 0 bus_irq 5 global_irq 5 high level)
[    0.043320] ACPI: INT_SRC_OVR (bus 0 bus_irq 9 global_irq 9 high level)
[    0.043326] ACPI: INT_SRC_OVR (bus 0 bus_irq 10 global_irq 10 high level)
[    0.043333] ACPI: INT_SRC_OVR (bus 0 bus_irq 11 global_irq 11 high level)
[    0.043374] ACPI: Using ACPI (MADT) for SMP configuration information
[    0.043399] smpboot: Allowing 1 CPUs, 0 hotplug CPUs
[    0.043532] [mem 0x30000000-0xfeffbfff] available for PCI devices
[    0.043538] Booting paravirtualized kernel on KVM
[    0.043547] clocksource: refined-jiffies: mask: 0xffffffff max_cycles: 0xffffffff, max_idle_ns: 7645519600211568 ns
[    0.072939] setup_percpu: NR_CPUS:8 nr_cpumask_bits:1 nr_cpu_ids:1 nr_node_ids:1
[    0.076442] percpu: Embedded 48 pages/cpu s159656 r8192 d28760 u2097152
[    0.076488] pcpu-alloc: s159656 r8192 d28760 u2097152 alloc=1*2097152
[    0.076503] pcpu-alloc: [0] 0 
[    0.077319] kvm-guest: PV spinlocks disabled, no host support
[    0.077325] Kernel command line: BOOT_IMAGE=/boot/vmlinuz-6.5.2-zgsrv20080 root=/dev/vda2 ro console=ttyS0,57600n8
[    0.078332] Unknown kernel command line parameters "BOOT_IMAGE=/boot/vmlinuz-6.5.2-zgsrv20080", will be passed to user space.
[    0.080607] Dentry cache hash table entries: 131072 (order: 8, 1048576 bytes, linear)
[    0.081716] Inode-cache hash table entries: 65536 (order: 7, 524288 bytes, linear)
[    0.082423] Fallback order for Node 0: 0 
[    0.082442] Built 1 zonelists, mobility grouping on.  Total pages: 193241
[    0.082450] Policy zone: DMA32
[    0.082459] mem auto-init: stack:all(zero), heap alloc:off, heap free:off
[    0.113824] Memory: 727984K/785884K available (14336K kernel code, 1185K rwdata, 4364K rodata, 2368K init, 3088K bss, 57640K reserved, 0K cma-reserved)
[    0.176263] SLUB: HWalign=64, Order=0-3, MinObjects=0, CPUs=1, Nodes=1
[    0.177303] Dynamic Preempt: full
[    0.177740] rcu: Preemptible hierarchical RCU implementation.
[    0.177744] rcu: 	RCU restricting CPUs from NR_CPUS=8 to nr_cpu_ids=1.
[    0.177749] rcu: 	RCU debug extended QS entry/exit.
[    0.177752] 	Trampoline variant of Tasks RCU enabled.
[    0.177754] 	Tracing variant of Tasks RCU enabled.
[    0.177757] rcu: RCU calculated value of scheduler-enlistment delay is 25 jiffies.
[    0.177762] rcu: Adjusting geometry for rcu_fanout_leaf=16, nr_cpu_ids=1
[    0.177821] NR_IRQS: 4352, nr_irqs: 256, preallocated irqs: 16
[    0.178593] rcu: srcu_init: Setting srcu_struct sizes based on contention.
[    0.312144] Console: colour VGA+ 80x25
[    0.312478] printk: console [ttyS0] enabled
[    0.851979] ACPI: Core revision 20230331
[    0.856669] APIC: Switch to symmetric I/O mode setup
[    0.863095] x2apic enabled
[    0.866724] Switched APIC routing to physical x2apic.
[    0.878860] ..TIMER: vector=0x30 apic1=0 pin1=2 apic2=-1 pin2=-1
[    0.884005] clocksource: tsc-early: mask: 0xffffffffffffffff max_cycles: 0x1cc65b93289, max_idle_ns: 881590487074 ns
[    0.894178] Calibrating delay loop (skipped) preset value.. 1996.25 BogoMIPS (lpj=3992508)
[    0.903087] Last level iTLB entries: 4KB 0, 2MB 0, 4MB 0
[    0.906172] Last level dTLB entries: 4KB 0, 2MB 0, 4MB 0, 1GB 0
[    0.914209] Spectre V1 : Mitigation: usercopy/swapgs barriers and __user pointer sanitization
[    0.922205] Spectre V2 : Mitigation: Retpolines
[    0.926173] Spectre V2 : Spectre v2 / SpectreRSB mitigation: Filling RSB on context switch
[    0.934205] Spectre V2 : Spectre v2 / SpectreRSB : Filling RSB on VMEXIT
[    0.938174] Speculative Store Bypass: Vulnerable
[    0.942194] x86/fpu: x87 FPU will use FXSAVE
[    1.056902] Freeing SMP alternatives memory: 32K
[    1.058192] pid_max: default: 32768 minimum: 301
[    1.068049] LSM: initializing lsm=capability,apparmor,integrity
[    1.074641] AppArmor: AppArmor initialized
[    1.079032] Mount-cache hash table entries: 2048 (order: 2, 16384 bytes, linear)
[    1.082225] Mountpoint-cache hash table entries: 2048 (order: 2, 16384 bytes, linear)
[    1.204814] smpboot: CPU0: AMD QEMU Virtual CPU version 2.1.0 (family: 0x6, model: 0x6, stepping: 0x3)
[    1.207463] RCU Tasks: Setting shift to 0 and lim to 1 rcu_task_cb_adjust=1.
[    1.210379] RCU Tasks Trace: Setting shift to 0 and lim to 1 rcu_task_cb_adjust=1.
[    1.214391] Performance Events: AMD PMU driver.
[    1.222166] ... version:                0
[    1.225259] ... bit width:              48
[    1.226201] ... generic registers:      4
[    1.230171] ... value mask:             0000ffffffffffff
[    1.234173] ... max period:             00007fffffffffff
[    1.238203] ... fixed-purpose events:   0
[    1.242176] ... event mask:             000000000000000f
[    1.246825] signal: max sigframe size: 1440
[    1.250668] rcu: Hierarchical SRCU implementation.
[    1.254197] rcu: 	Max phase no-delay instances is 1000.
[    1.263057] smp: Bringing up secondary CPUs ...
[    1.266298] smp: Brought up 1 node, 1 CPU
[    1.270217] smpboot: Max logical packages: 1
[    1.273333] smpboot: Total of 1 processors activated (1996.25 BogoMIPS)
[    1.276419] devtmpfs: initialized
[    1.279920] clocksource: jiffies: mask: 0xffffffff max_cycles: 0xffffffff, max_idle_ns: 7645041785100000 ns
[    1.282309] futex hash table entries: 256 (order: 2, 16384 bytes, linear)
[    1.290504] prandom: seed boundary self test passed
[    1.295659] prandom: 100 self tests passed
[    1.298178] pinctrl core: initialized pinctrl subsystem
[    1.308231] NET: Registered PF_NETLINK/PF_ROUTE protocol family
[    1.314473] audit: initializing netlink subsys (disabled)
[    1.319069] thermal_sys: Registered thermal governor 'fair_share'
[    1.319083] thermal_sys: Registered thermal governor 'bang_bang'
[    1.322237] audit: type=2000 audit(1694199221.254:1): state=initialized audit_enabled=0 res=1
[    1.330198] thermal_sys: Registered thermal governor 'step_wise'
[    1.330210] thermal_sys: Registered thermal governor 'user_space'
[    1.334204] thermal_sys: Registered thermal governor 'power_allocator'
[    1.338537] cpuidle: using governor ladder
[    1.346231] cpuidle: using governor menu
[    1.350885] acpiphp: ACPI Hot Plug PCI Controller Driver version: 0.5
[    1.355786] PCI: Using configuration type 1 for base access
[    1.363667] HugeTLB: registered 2.00 MiB page size, pre-allocated 0 pages
[    1.366185] HugeTLB: 28 KiB vmemmap can be freed for a 2.00 MiB page
[    1.375400] ACPI: Added _OSI(Module Device)
[    1.378236] ACPI: Added _OSI(Processor Device)
[    1.382182] ACPI: Added _OSI(3.0 _SCP Extensions)
[    1.386174] ACPI: Added _OSI(Processor Aggregator Device)
[    1.397489] ACPI: 1 ACPI AML tables successfully acquired and loaded
[    1.402500] ACPI: Interpreter enabled
[    1.405386] ACPI: PM: (supports S0 S5)
[    1.406241] ACPI: Using IOAPIC for interrupt routing
[    1.410386] PCI: Using host bridge windows from ACPI; if necessary, use "pci=nocrs" and report a bug
[    1.414208] PCI: Using E820 reservations for host bridge windows
[    1.423215] ACPI: Enabled 2 GPEs in block 00 to 0F
[    1.444861] ACPI: PCI Root Bridge [PCI0] (domain 0000 [bus 00-ff])
[    1.446240] acpi PNP0A03:00: _OSC: OS supports [ASPM ClockPM Segments MSI HPX-Type3]
[    1.450188] acpi PNP0A03:00: _OSC: not requesting OS control; OS requires [ExtendedConfig ASPM ClockPM MSI]
[    1.454297] acpi PNP0A03:00: fail to add MMCONFIG information, can't access extended configuration space under this bridge
[    1.460024] acpiphp: Slot [3] registered
[    1.462384] acpiphp: Slot [4] registered
[    1.467052] acpiphp: Slot [6] registered
[    1.470358] acpiphp: Slot [7] registered
[    1.474359] acpiphp: Slot [8] registered
[    1.478332] acpiphp: Slot [9] registered
[    1.482498] acpiphp: Slot [10] registered
[    1.486348] acpiphp: Slot [11] registered
[    1.490471] acpiphp: Slot [12] registered
[    1.494488] acpiphp: Slot [13] registered
[    1.498407] acpiphp: Slot [14] registered
[    1.501896] acpiphp: Slot [15] registered
[    1.502372] acpiphp: Slot [16] registered
[    1.506395] acpiphp: Slot [17] registered
[    1.510430] acpiphp: Slot [18] registered
[    1.514467] acpiphp: Slot [19] registered
[    1.518373] acpiphp: Slot [20] registered
[    1.522319] acpiphp: Slot [21] registered
[    1.526404] acpiphp: Slot [22] registered
[    1.530342] acpiphp: Slot [23] registered
[    1.534176] acpiphp: Slot [24] registered
[    1.537236] acpiphp: Slot [25] registered
[    1.538390] acpiphp: Slot [26] registered
[    1.542344] acpiphp: Slot [27] registered
[    1.546546] acpiphp: Slot [28] registered
[    1.550412] acpiphp: Slot [29] registered
[    1.554416] acpiphp: Slot [30] registered
[    1.558375] acpiphp: Slot [31] registered
[    1.561335] PCI host bridge to bus 0000:00
[    1.562212] pci_bus 0000:00: root bus resource [io  0x0000-0x0cf7 window]
[    1.566184] pci_bus 0000:00: root bus resource [io  0x0d00-0xffff window]
[    1.570226] pci_bus 0000:00: root bus resource [mem 0x000a0000-0x000bffff window]
[    1.574178] pci_bus 0000:00: root bus resource [mem 0x30000000-0xfebfffff window]
[    1.578207] pci_bus 0000:00: root bus resource [bus 00-ff]
[    1.582621] pci 0000:00:00.0: [8086:1237] type 00 class 0x060000
[    1.589031] pci 0000:00:01.0: [8086:7000] type 00 class 0x060100
[    1.595679] pci 0000:00:01.1: [8086:7010] type 00 class 0x010180
[    1.614241] pci 0000:00:01.1: reg 0x20: [io  0xc140-0xc14f]
[    1.626273] pci 0000:00:01.1: legacy IDE quirk: reg 0x10: [io  0x01f0-0x01f7]
[    1.630211] pci 0000:00:01.1: legacy IDE quirk: reg 0x14: [io  0x03f6]
[    1.634209] pci 0000:00:01.1: legacy IDE quirk: reg 0x18: [io  0x0170-0x0177]
[    1.642175] pci 0000:00:01.1: legacy IDE quirk: reg 0x1c: [io  0x0376]
[    1.647271] pci 0000:00:01.3: [8086:7113] type 00 class 0x068000
[    1.654290] pci 0000:00:01.3: quirk: [io  0x0600-0x063f] claimed by PIIX4 ACPI
[    1.658267] pci 0000:00:01.3: quirk: [io  0x0700-0x070f] claimed by PIIX4 SMB
[    1.666699] pci 0000:00:02.0: [1b36:0100] type 00 class 0x030000
[    1.682365] pci 0000:00:02.0: reg 0x10: [mem 0xf4000000-0xf7ffffff]
[    1.694317] pci 0000:00:02.0: reg 0x14: [mem 0xf8000000-0xfbffffff]
[    1.710297] pci 0000:00:02.0: reg 0x18: [mem 0xfc070000-0xfc071fff]
[    1.726214] pci 0000:00:02.0: reg 0x1c: [io  0xc080-0xc09f]
[    1.754291] pci 0000:00:02.0: reg 0x30: [mem 0xfc060000-0xfc06ffff pref]
[    1.758763] pci 0000:00:02.0: Video device with shadowed ROM at [mem 0x000c0000-0x000dffff]
[    1.766983] pci 0000:00:03.0: [1af4:1001] type 00 class 0x010000
[    1.778177] pci 0000:00:03.0: reg 0x10: [io  0xc000-0xc03f]
[    1.790186] pci 0000:00:03.0: reg 0x14: [mem 0xfc072000-0xfc072fff]
[    1.826715] pci 0000:00:04.0: [8086:100e] type 00 class 0x020000
[    1.836576] pci 0000:00:04.0: reg 0x10: [mem 0xfc040000-0xfc05ffff]
[    1.842191] pci 0000:00:04.0: reg 0x14: [io  0xc040-0xc07f]
[    1.870179] pci 0000:00:04.0: reg 0x30: [mem 0xfc000000-0xfc03ffff pref]
[    1.878362] pci 0000:00:05.0: [8086:2934] type 00 class 0x0c0300
[    1.895265] pci 0000:00:05.0: reg 0x20: [io  0xc0a0-0xc0bf]
[    1.908595] pci 0000:00:05.1: [8086:2935] type 00 class 0x0c0300
[    1.922976] pci 0000:00:05.1: reg 0x20: [io  0xc0c0-0xc0df]
[    1.934746] pci 0000:00:05.2: [8086:2936] type 00 class 0x0c0300
[    1.951657] pci 0000:00:05.2: reg 0x20: [io  0xc0e0-0xc0ff]
[    1.964400] pci 0000:00:05.7: [8086:293a] type 00 class 0x0c0320
[    1.976429] pci 0000:00:05.7: reg 0x10: [mem 0xfc073000-0xfc073fff]
[    1.993565] pci 0000:00:06.0: [1af4:1003] type 00 class 0x078000
[    2.000174] pci 0000:00:06.0: reg 0x10: [io  0xc100-0xc11f]
[    2.008176] pci 0000:00:06.0: reg 0x14: [mem 0xfc074000-0xfc074fff]
[    2.035427] pci 0000:00:08.0: [1af4:1002] type 00 class 0x00ff00
[    2.043118] pci 0000:00:08.0: reg 0x10: [io  0xc120-0xc13f]
[    2.068262] ACPI: PCI: Interrupt link LNKA configured for IRQ 10
[    2.071103] ACPI: PCI: Interrupt link LNKB configured for IRQ 10
[    2.075123] ACPI: PCI: Interrupt link LNKC configured for IRQ 11
[    2.079361] ACPI: PCI: Interrupt link LNKD configured for IRQ 11
[    2.082663] ACPI: PCI: Interrupt link LNKS configured for IRQ 9
[    2.088219] iommu: Default domain type: Translated
[    2.090213] iommu: DMA domain TLB invalidation policy: strict mode
[    2.098447] SCSI subsystem initialized
[    2.105249] NetLabel: Initializing
[    2.106273] NetLabel:  domain hash size = 128
[    2.110173] NetLabel:  protocols = UNLABELED CIPSOv4 CALIPSO
[    2.114388] NetLabel:  unlabeled traffic allowed by default
[    2.118180] PCI: Using ACPI for IRQ routing
[    2.122178] PCI: pci_cache_line_size set to 64 bytes
[    2.123458] e820: reserve RAM buffer [mem 0x0009fc00-0x0009ffff]
[    2.123478] e820: reserve RAM buffer [mem 0x2ffd9000-0x2fffffff]
[    2.124713] pci 0000:00:02.0: vgaarb: setting as boot VGA device
[    2.126158] pci 0000:00:02.0: vgaarb: bridge control possible
[    2.126158] pci 0000:00:02.0: vgaarb: VGA device added: decodes=io+mem,owns=io+mem,locks=none
[    2.126323] vgaarb: loaded
[    2.132224] clocksource: Switched to clocksource kvm-clock
[    2.142504] VFS: Disk quotas dquot_6.6.0
[    2.146570] VFS: Dquot-cache hash table entries: 512 (order 0, 4096 bytes)
[    2.154398] AppArmor: AppArmor Filesystem Enabled
[    2.159798] pnp: PnP ACPI init
[    2.163431] pnp 00:03: [dma 2]
[    2.165967] pnp: PnP ACPI: found 5 devices
[    2.190804] clocksource: acpi_pm: mask: 0xffffff max_cycles: 0xffffff, max_idle_ns: 2085701024 ns
[    2.205913] NET: Registered PF_INET protocol family
[    2.211161] IP idents hash table entries: 16384 (order: 5, 131072 bytes, linear)
[    2.243140] tcp_listen_portaddr_hash hash table entries: 512 (order: 1, 8192 bytes, linear)
[    2.252520] Table-perturb hash table entries: 65536 (order: 6, 262144 bytes, linear)
[    2.260294] TCP established hash table entries: 8192 (order: 4, 65536 bytes, linear)
[    2.268563] TCP bind hash table entries: 8192 (order: 6, 262144 bytes, linear)
[    2.276768] TCP: Hash tables configured (established 8192 bind 8192)
[    2.284028] MPTCP token hash table entries: 1024 (order: 2, 24576 bytes, linear)
[    2.291915] UDP hash table entries: 512 (order: 2, 16384 bytes, linear)
[    2.298031] UDP-Lite hash table entries: 512 (order: 2, 16384 bytes, linear)
[    2.305431] NET: Registered PF_UNIX/PF_LOCAL protocol family
[    2.310853] pci_bus 0000:00: resource 4 [io  0x0000-0x0cf7 window]
[    2.316989] pci_bus 0000:00: resource 5 [io  0x0d00-0xffff window]
[    2.323337] pci_bus 0000:00: resource 6 [mem 0x000a0000-0x000bffff window]
[    2.330237] pci_bus 0000:00: resource 7 [mem 0x30000000-0xfebfffff window]
[    2.338047] pci 0000:00:01.0: PIIX3: Enabling Passive Release
[    2.344767] pci 0000:00:00.0: Limiting direct PCI/PCI transfers
[    2.466833] ACPI: \_SB_.LNKA: Enabled at IRQ 10
[    2.585742] pci 0000:00:05.0: quirk_usb_early_handoff+0x0/0x7b0 took 227900 usecs
[    2.707026] ACPI: \_SB_.LNKB: Enabled at IRQ 11
[    2.826570] pci 0000:00:05.1: quirk_usb_early_handoff+0x0/0x7b0 took 227881 usecs
[    2.947912] ACPI: \_SB_.LNKC: Enabled at IRQ 11
[    3.066003] pci 0000:00:05.2: quirk_usb_early_handoff+0x0/0x7b0 took 226758 usecs
[    3.188633] ACPI: \_SB_.LNKD: Enabled at IRQ 10
[    3.307619] pci 0000:00:05.7: quirk_usb_early_handoff+0x0/0x7b0 took 228458 usecs
[    3.314460] PCI: CLS 0 bytes, default 64
[    3.318231] Trying to unpack rootfs image as initramfs...
[    3.323310] clocksource: tsc: mask: 0xffffffffffffffff max_cycles: 0x1cc65b93289, max_idle_ns: 881590487074 ns
[    3.345067] Initialise system trusted keyrings
[    3.351788] Key type blacklist registered
[    3.359860] workingset: timestamp_bits=40 max_order=18 bucket_order=0
[    3.374206] integrity: Platform Keyring initialized
[    3.387728] integrity: Machine keyring initialized
[    3.517987] Key type asymmetric registered
[    3.527832] Asymmetric key parser 'x509' registered
[    3.535790] Running certificate verification selftests
[    4.846348] Loaded X.509 cert 'Certificate verification self-testing key: f58703bb33ce1b73ee02eccdee5b8817518fe3db'
[    5.097457] Freeing initrd memory: 12140K
[    5.132910] Block layer SCSI generic (bsg) driver version 0.4 loaded (major 247)
[    5.140520] io scheduler mq-deadline registered
[    5.155187] IPMI message handler: version 39.2
[    5.159300] ipmi device interface
[    5.162154] ipmi_si: IPMI System Interface driver
[    5.166572] ipmi_si: Unable to find any System Interface(s)
[    5.171980] IPMI Watchdog: driver initialized
[    5.175358] IPMI poweroff: Copyright (C) 2004 MontaVista Software - IPMI Powerdown via sys_reboot
[    5.184671] input: Power Button as /devices/LNXSYSTM:00/LNXPWRBN:00/input/input0
[    5.195737] ACPI: button: Power Button [PWRF]
[    5.201449] Serial: 8250/16550 driver, 4 ports, IRQ sharing enabled
[    5.210092] 00:04: ttyS0 at I/O 0x3f8 (irq = 4, base_baud = 115200) is a 16550A
[    5.221307] Linux agpgart interface v0.103
[    5.225204] AMD-Vi: AMD IOMMUv2 functionality not available on this system - This is not a bug.
[    5.235253] Fusion MPT base driver 3.04.20
[    5.238718] Copyright (c) 1999-2008 LSI Corporation
[    5.242762] Fusion MPT SPI Host driver 3.04.20
[    5.246918] i8042: PNP: PS/2 Controller [PNP0303:KBD,PNP0f13:MOU] at 0x60,0x64 irq 1,12
[    5.260592] serio: i8042 KBD port at 0x60,0x64 irq 1
[    5.265158] serio: i8042 AUX port at 0x60,0x64 irq 12
[    5.270768] mousedev: PS/2 mouse device common for all mice
[    5.279495] input: AT Translated Set 2 keyboard as /devices/platform/i8042/serio0/input/input1
[    5.290329] rtc_cmos 00:00: RTC can wake from S4
[    5.297906] rtc_cmos 00:00: registered as rtc0
[    5.308144] rtc_cmos 00:00: setting system clock to 2023-09-08T18:53:45 UTC (1694199225)
[    5.320419] rtc_cmos 00:00: alarms up to one day, y3k, 114 bytes nvram
[    5.330989] amd_pstate: the _CPC object is not present in SBIOS or ACPI disabled
[    5.338180] hid: raw HID events driver (C) Jiri Kosina
[    5.343682] GACT probability on
[    5.346967] NET: Registered PF_INET6 protocol family
[    5.353673] Segment Routing with IPv6
[    5.356995] RPL Segment Routing with IPv6
[    5.360251] In-situ OAM (IOAM) with IPv6
[    5.363359] NET: Registered PF_PACKET protocol family
[    5.367815] NET: Registered PF_KEY protocol family
[    5.372502] Key type dns_resolver registered
[    5.376807] IPI shorthand broadcast: enabled
[    5.389068] sched_clock: Marking stable (4700071961, 687535011)->(5771639334, -384032362)
[    5.397512] registered taskstats version 1
[    5.401094] Loading compiled-in X.509 certificates
[    5.413516] Key type .fscrypt registered
[    5.416914] Key type fscrypt-provisioning registered
[    5.421290] AppArmor: AppArmor sha1 policy hashing enabled
[    5.501827] alg: No test for 842 (842-scomp)
[    5.506008] alg: No test for 842 (842-generic)
[    5.746676] input: ImExPS/2 Generic Explorer Mouse as /devices/platform/i8042/serio1/input/input3
[    6.389163] clk: Disabling unused clocks
[    6.397511] Freeing unused kernel image (initmem) memory: 2368K
[    6.403734] Write protecting the kernel read-only data: 20480k
[    6.410004] Freeing unused kernel image (rodata/data gap) memory: 1780K
[    6.635020] x86/mm: Checked W+X mappings: passed, no W+X pages found.
[    6.639586] Run /init as init process
[    6.642090]   with arguments:
[    6.642097]     /init
[    6.642101]   with environment:
[    6.642104]     HOME=/
[    6.642135]     TERM=linux
[    6.642138]     BOOT_IMAGE=/boot/vmlinuz-6.5.2-zgsrv20080
[    7.370451] FDC 0 is a S82078B
[    7.450180] piix4_smbus 0000:00:01.3: SMBus Host Controller at 0x700, revision 0
[    7.460460] e1000: Intel(R) PRO/1000 Network Driver
[    7.463496] e1000: Copyright (c) 1999-2006 Intel Corporation.
[    7.508727] libata version 3.00 loaded.
[    7.547169] ata_piix 0000:00:01.1: version 2.13
[    7.558220] scsi host0: ata_piix
[    7.574665] ACPI: bus type USB registered
[    7.582412] scsi host1: ata_piix
[    7.592113] ata1: PATA max MWDMA2 cmd 0x1f0 ctl 0x3f6 bmdma 0xc140 irq 14
[    7.603129] usbcore: registered new interface driver usbfs
[    7.626836] ata2: PATA max MWDMA2 cmd 0x170 ctl 0x376 bmdma 0xc148 irq 15
[    7.636317] usbcore: registered new interface driver hub
[    7.639531] usbcore: registered new device driver usb
[    8.085303] ehci-pci 0000:00:05.7: EHCI Host Controller
[    8.090123] virtio-pci 0000:00:03.0: virtio_pci: leaving for legacy driver
[    8.094857] ehci-pci 0000:00:05.7: new USB bus registered, assigned bus number 1
[    8.108881] ehci-pci 0000:00:05.7: irq 10, io mem 0xfc073000
[    8.135730] ehci-pci 0000:00:05.7: USB 2.0 started, EHCI 1.00
[    8.144224] usb usb1: New USB device found, idVendor=1d6b, idProduct=0002, bcdDevice= 6.05
[    8.159648] usb usb1: New USB device strings: Mfr=3, Product=2, SerialNumber=1
[    8.167646] usb usb1: Product: EHCI Host Controller
[    8.171163] usb usb1: Manufacturer: Linux 6.5.2-zgsrv20080 ehci_hcd
[    8.187637] usb usb1: SerialNumber: 0000:00:05.7
[    8.196055] hub 1-0:1.0: USB hub found
[    8.198487] hub 1-0:1.0: 6 ports detected
[    8.495842] virtio-pci 0000:00:06.0: virtio_pci: leaving for legacy driver
[    8.738344] virtio-pci 0000:00:08.0: virtio_pci: leaving for legacy driver
[    8.767223] virtio_blk virtio0: 1/0/0 default/read/poll queues
[    8.783222] virtio_blk virtio0: [vda] 12582912 512-byte logical blocks (6.44 GB/6.00 GiB)
[    8.812887]  vda: vda1 vda2
[    9.283089] e1000 0000:00:04.0 eth0: (PCI:33MHz:32-bit) 52:54:00:4b:f9:37
[    9.288186] e1000 0000:00:04.0 eth0: Intel(R) PRO/1000 Network Connection
[    9.303407] e1000 0000:00:04.0 ens4: renamed from eth0
[    9.670124] EXT4-fs (vda2): mounted filesystem 21d5f876-049d-417d-9369-6d678bac44bc ro with ordered data mode. Quota mode: none.
[   10.076327] systemd[1]: Inserted module 'autofs4'
[   10.150049] systemd[1]: systemd 252.12-1~deb12u1 running in system mode (+PAM +AUDIT +SELINUX +APPARMOR +IMA +SMACK +SECCOMP +GCRYPT -GNUTLS +OPENSSL +ACL +BLKID +CURL +ELFUTILS +FIDO2 +IDN2 -IDN +IPTC +KMOD +LIBCRYPTSETUP +LIBFDISK +PCRE2 -PWQUALITY +P11KIT +QRENCODE +TPM2 +BZIP2 +LZ4 +XZ +ZLIB +ZSTD -BPF_FRAMEWORK -XKBCOMMON +UTMP +SYSVINIT default-hierarchy=unified)
[   10.179989] systemd[1]: Detected virtualization kvm.
[   10.184452] systemd[1]: Detected architecture x86-64.
[   10.202702] systemd[1]: Hostname set to <lasso>.
[   11.495317] systemd[1]: Queued start job for default target graphical.target.
[   11.522372] systemd[1]: Created slice system-getty.slice - Slice /system/getty.
[   42.822760] systemd[1]: Created slice system-modprobe.slice - Slice /system/modprobe.
[   73.543119] systemd[1]: Created slice system-serial\x2dgetty.slice - Slice /system/serial-getty.
[  104.262344] systemd[1]: Created slice user.slice - User and Session Slice.
[  134.980913] systemd[1]: Started systemd-ask-password-console.path - Dispatch Password Requests to Console Directory Watch.
[  165.700910] systemd[1]: Started systemd-ask-password-wall.path - Forward Password Requests to Wall Directory Watch.
[  196.421813] systemd[1]: Set up automount proc-sys-fs-binfmt_misc.automount - Arbitrary Executable File Formats File System Automount Point.
[  227.140565] systemd[1]: Reached target cryptsetup.target - Local Encrypted Volumes.
[  257.860312] systemd[1]: Reached target integritysetup.target - Local Integrity Protected Volumes.
[  288.580422] systemd[1]: Reached target paths.target - Path Units.
[  319.300310] systemd[1]: Reached target remote-fs.target - Remote File Systems.
[  350.020458] systemd[1]: Reached target slices.target - Slice Units.
[  380.740380] systemd[1]: Reached target swap.target - Swaps.
[  411.460370] systemd[1]: Reached target veritysetup.target - Local Verity Protected Volumes.
[  442.181375] systemd[1]: Listening on syslog.socket - Syslog Socket.
[  472.901437] systemd[1]: Listening on systemd-fsckd.socket - fsck to fsckd communication Socket.
[  503.620840] systemd[1]: Listening on systemd-initctl.socket - initctl Compatibility Named Pipe.
[  534.344952] systemd[1]: Listening on systemd-journald-audit.socket - Journal Audit Socket.
[  565.061360] systemd[1]: Listening on systemd-journald-dev-log.socket - Journal Socket (/dev/log).
[  595.781544] systemd[1]: Listening on systemd-journald.socket - Journal Socket.
[  626.501716] systemd[1]: Listening on systemd-networkd.socket - Network Service Netlink Socket.
[  657.223869] systemd[1]: Listening on systemd-udevd-control.socket - udev Control Socket.
[  687.941226] systemd[1]: Listening on systemd-udevd-kernel.socket - udev Kernel Socket.
[  718.676388] systemd[1]: Mounting dev-hugepages.mount - Huge Pages File System...
[  749.396275] systemd[1]: Mounting dev-mqueue.mount - POSIX Message Queue File System...
[  780.116375] systemd[1]: Mounting sys-kernel-debug.mount - Kernel Debug File System...
[  810.820875] systemd[1]: sys-kernel-tracing.mount - Kernel Trace File System was skipped because of an unmet condition check (ConditionPathExists=/sys/kernel/tracing).
[  810.854747] systemd[1]: Starting keyboard-setup.service - Set the console keyboard layout...
[  841.556567] systemd[1]: Starting kmod-static-nodes.service - Create List of Static Device Nodes...
[  872.280427] systemd[1]: Starting modprobe@configfs.service - Load Kernel Module configfs...
[  902.996415] systemd[1]: Starting modprobe@dm_mod.service - Load Kernel Module dm_mod...
[  903.069137] device-mapper: ioctl: 4.48.0-ioctl (2023-03-01) initialised: dm-devel@redhat.com
[  933.720308] systemd[1]: Starting modprobe@drm.service - Load Kernel Module drm...
[  964.440367] systemd[1]: Starting modprobe@efi_pstore.service - Load Kernel Module efi_pstore...
[  995.156379] systemd[1]: Starting modprobe@fuse.service - Load Kernel Module fuse...
[  995.200002] fuse: init (API version 7.38)
[ 1025.884679] systemd[1]: Starting modprobe@loop.service - Load Kernel Module loop...
[ 1025.927216] loop: module loaded
[ 1056.580446] systemd[1]: systemd-fsck-root.service - File System Check on Root Device was skipped because of an unmet condition check (ConditionPathExists=!/run/initramfs/fsck-root).
[ 1056.616667] systemd[1]: Starting systemd-journald.service - Journal Service...
[ 1087.325844] systemd[1]: Starting systemd-modules-load.service - Load Kernel Modules...
[ 1118.041049] systemd[1]: Starting systemd-remount-fs.service - Remount Root and Kernel File Systems...
[ 1118.139128] EXT4-fs (vda2): re-mounted 21d5f876-049d-417d-9369-6d678bac44bc r/w. Quota mode: none.
[ 1148.760708] systemd[1]: Starting systemd-udev-trigger.service - Coldplug All udev Devices...
[ 1179.474365] systemd[1]: Started systemd-journald.service - Journal Service.
[ 1548.374389] systemd-journald[207]: Received client request to flush runtime journal.
[ 1549.335743] random: crng init done
[ 1549.873120] audit: type=1400 audit(1694200770.060:2): apparmor="STATUS" operation="profile_load" profile="unconfined" name="ping" pid=251 comm="apparmor_parser"
[ 1549.938575] audit: type=1400 audit(1694200770.124:3): apparmor="STATUS" operation="profile_load" profile="unconfined" name="lsb_release" pid=253 comm="apparmor_parser"
[ 1550.018944] audit: type=1400 audit(1694200770.204:4): apparmor="STATUS" operation="profile_load" profile="unconfined" name="nvidia_modprobe" pid=254 comm="apparmor_parser"
[ 1550.024277] audit: type=1400 audit(1694200770.212:5): apparmor="STATUS" operation="profile_load" profile="unconfined" name="nvidia_modprobe//kmod" pid=254 comm="apparmor_parser"
[ 1550.118635] audit: type=1400 audit(1694200770.304:6): apparmor="STATUS" operation="profile_load" profile="unconfined" name="php-fpm" pid=256 comm="apparmor_parser"
[ 1550.242404] audit: type=1400 audit(1694200770.428:7): apparmor="STATUS" operation="profile_load" profile="unconfined" name="samba-bgqd" pid=258 comm="apparmor_parser"
[ 1550.331953] audit: type=1400 audit(1694200770.516:8): apparmor="STATUS" operation="profile_load" profile="unconfined" name="samba-dcerpcd" pid=260 comm="apparmor_parser"
[ 1550.438358] audit: type=1400 audit(1694200770.624:9): apparmor="STATUS" operation="profile_load" profile="unconfined" name="samba-rpcd" pid=261 comm="apparmor_parser"
[ 1550.529690] audit: type=1400 audit(1694200770.716:10): apparmor="STATUS" operation="profile_load" profile="unconfined" name="samba-rpcd-classic" pid=262 comm="apparmor_parser"
[ 1550.641622] audit: type=1400 audit(1694200770.828:11): apparmor="STATUS" operation="profile_load" profile="unconfined" name="samba-rpcd-spoolss" pid=263 comm="apparmor_parser"
[ 1554.542207] kvm_amd: Nested Virtualization enabled
[ 1554.542223] kvm_amd: Nested Paging disabled
[ 1644.358142] systemd-journald[207]: Data hash table of /run/log/journal/15338d79b87748dab72ff706bd05dadf/system.journal has a fill level at 75.1 (1538 of 2047 items, 954368 file size, 620 bytes per hash table item), suggesting rotation.
[ 1644.358172] systemd-journald[207]: /run/log/journal/15338d79b87748dab72ff706bd05dadf/system.journal: Journal header limits reached or header out-of-date, rotating.
[ 1646.111287] Process accounting resumed
[ 1647.896410] kauditd_printk_skb: 17 callbacks suppressed
[ 1647.896422] audit: type=1400 audit(1694200868.084:29): apparmor="DENIED" operation="open" class="file" profile="named" name="/var/local/chroot/bind/" pid=309 comm="named" requested_mask="r" denied_mask="r" fsuid=111 ouid=0
[ 1647.899000] audit: type=1400 audit(1694200868.084:30): apparmor="DENIED" operation="open" class="file" profile="named" name="/var/local/chroot/bind/" pid=309 comm="named" requested_mask="r" denied_mask="r" fsuid=111 ouid=0
[ 1648.085143] audit: type=1400 audit(1694200868.272:31): apparmor="DENIED" operation="open" class="file" profile="named" name="/var/local/chroot/bind/" pid=309 comm="named" requested_mask="r" denied_mask="r" fsuid=111 ouid=0
[ 1648.566220] audit: type=1400 audit(1694200868.752:32): apparmor="DENIED" operation="capable" class="cap" profile="named" pid=309 comm="named" capability=12  capname="net_admin"
[ 2047.929614] memfd_create() without MFD_EXEC nor MFD_NOEXEC_SEAL, pid=913 'systemd'

--Uo8kCwX077ES3G8h
Content-Type: text/plain; charset=utf-8
Content-Disposition: attachment; filename=8-works

#
# Automatically generated file; DO NOT EDIT.
# Linux/x86 6.5.0 Kernel Configuration
#
CONFIG_CC_VERSION_TEXT="gcc (Debian 13.2.0-3) 13.2.0"
CONFIG_CC_IS_GCC=y
CONFIG_GCC_VERSION=130200
CONFIG_CLANG_VERSION=0
CONFIG_AS_IS_GNU=y
CONFIG_AS_VERSION=24100
CONFIG_LD_IS_BFD=y
CONFIG_LD_VERSION=24100
CONFIG_LLD_VERSION=0
CONFIG_CC_CAN_LINK=y
CONFIG_CC_CAN_LINK_STATIC=y
CONFIG_CC_HAS_ASM_GOTO_OUTPUT=y
CONFIG_CC_HAS_ASM_GOTO_TIED_OUTPUT=y
CONFIG_TOOLS_SUPPORT_RELR=y
CONFIG_CC_HAS_ASM_INLINE=y
CONFIG_CC_HAS_NO_PROFILE_FN_ATTR=y
CONFIG_PAHOLE_VERSION=124
CONFIG_IRQ_WORK=y
CONFIG_BUILDTIME_TABLE_SORT=y
CONFIG_THREAD_INFO_IN_TASK=y

#
# General setup
#
CONFIG_INIT_ENV_ARG_LIMIT=32
# CONFIG_COMPILE_TEST is not set
# CONFIG_WERROR is not set
CONFIG_LOCALVERSION=""
# CONFIG_LOCALVERSION_AUTO is not set
CONFIG_BUILD_SALT="y"
CONFIG_HAVE_KERNEL_GZIP=y
CONFIG_HAVE_KERNEL_BZIP2=y
CONFIG_HAVE_KERNEL_LZMA=y
CONFIG_HAVE_KERNEL_XZ=y
CONFIG_HAVE_KERNEL_LZO=y
CONFIG_HAVE_KERNEL_LZ4=y
CONFIG_HAVE_KERNEL_ZSTD=y
# CONFIG_KERNEL_GZIP is not set
# CONFIG_KERNEL_BZIP2 is not set
# CONFIG_KERNEL_LZMA is not set
CONFIG_KERNEL_XZ=y
# CONFIG_KERNEL_LZO is not set
# CONFIG_KERNEL_LZ4 is not set
# CONFIG_KERNEL_ZSTD is not set
CONFIG_DEFAULT_INIT=""
CONFIG_DEFAULT_HOSTNAME="(none)"
CONFIG_SYSVIPC=y
CONFIG_SYSVIPC_SYSCTL=y
CONFIG_SYSVIPC_COMPAT=y
CONFIG_POSIX_MQUEUE=y
CONFIG_POSIX_MQUEUE_SYSCTL=y
CONFIG_WATCH_QUEUE=y
CONFIG_CROSS_MEMORY_ATTACH=y
# CONFIG_USELIB is not set
CONFIG_AUDIT=y
CONFIG_HAVE_ARCH_AUDITSYSCALL=y
CONFIG_AUDITSYSCALL=y

#
# IRQ subsystem
#
CONFIG_GENERIC_IRQ_PROBE=y
CONFIG_GENERIC_IRQ_SHOW=y
CONFIG_GENERIC_IRQ_EFFECTIVE_AFF_MASK=y
CONFIG_GENERIC_PENDING_IRQ=y
CONFIG_GENERIC_IRQ_MIGRATION=y
CONFIG_HARDIRQS_SW_RESEND=y
CONFIG_GENERIC_IRQ_CHIP=y
CONFIG_IRQ_DOMAIN=y
CONFIG_IRQ_DOMAIN_HIERARCHY=y
CONFIG_GENERIC_MSI_IRQ=y
CONFIG_IRQ_MSI_IOMMU=y
CONFIG_GENERIC_IRQ_MATRIX_ALLOCATOR=y
CONFIG_GENERIC_IRQ_RESERVATION_MODE=y
CONFIG_IRQ_FORCED_THREADING=y
CONFIG_SPARSE_IRQ=y
# CONFIG_GENERIC_IRQ_DEBUGFS is not set
# end of IRQ subsystem

CONFIG_CLOCKSOURCE_WATCHDOG=y
CONFIG_ARCH_CLOCKSOURCE_INIT=y
CONFIG_CLOCKSOURCE_VALIDATE_LAST_CYCLE=y
CONFIG_GENERIC_TIME_VSYSCALL=y
CONFIG_GENERIC_CLOCKEVENTS=y
CONFIG_GENERIC_CLOCKEVENTS_BROADCAST=y
CONFIG_GENERIC_CLOCKEVENTS_MIN_ADJUST=y
CONFIG_GENERIC_CMOS_UPDATE=y
CONFIG_HAVE_POSIX_CPU_TIMERS_TASK_WORK=y
CONFIG_POSIX_CPU_TIMERS_TASK_WORK=y
CONFIG_CONTEXT_TRACKING=y
CONFIG_CONTEXT_TRACKING_IDLE=y

#
# Timers subsystem
#
CONFIG_TICK_ONESHOT=y
CONFIG_NO_HZ_COMMON=y
# CONFIG_HZ_PERIODIC is not set
# CONFIG_NO_HZ_IDLE is not set
CONFIG_NO_HZ_FULL=y
CONFIG_CONTEXT_TRACKING_USER=y
# CONFIG_CONTEXT_TRACKING_USER_FORCE is not set
# CONFIG_NO_HZ is not set
CONFIG_HIGH_RES_TIMERS=y
CONFIG_CLOCKSOURCE_WATCHDOG_MAX_SKEW_US=125
# end of Timers subsystem

CONFIG_BPF=y
CONFIG_HAVE_EBPF_JIT=y
CONFIG_ARCH_WANT_DEFAULT_BPF_JIT=y

#
# BPF subsystem
#
CONFIG_BPF_SYSCALL=y
CONFIG_BPF_JIT=y
CONFIG_BPF_JIT_ALWAYS_ON=y
CONFIG_BPF_JIT_DEFAULT_ON=y
CONFIG_BPF_UNPRIV_DEFAULT_OFF=y
CONFIG_USERMODE_DRIVER=y
# CONFIG_BPF_PRELOAD is not set
# end of BPF subsystem

CONFIG_PREEMPT_BUILD=y
# CONFIG_PREEMPT_NONE is not set
CONFIG_PREEMPT_VOLUNTARY=y
# CONFIG_PREEMPT is not set
CONFIG_PREEMPT_COUNT=y
CONFIG_PREEMPTION=y
CONFIG_PREEMPT_DYNAMIC=y
CONFIG_SCHED_CORE=y

#
# CPU/Task time and stats accounting
#
CONFIG_VIRT_CPU_ACCOUNTING=y
CONFIG_VIRT_CPU_ACCOUNTING_GEN=y
# CONFIG_IRQ_TIME_ACCOUNTING is not set
CONFIG_BSD_PROCESS_ACCT=y
CONFIG_BSD_PROCESS_ACCT_V3=y
CONFIG_TASKSTATS=y
CONFIG_TASK_DELAY_ACCT=y
CONFIG_TASK_XACCT=y
CONFIG_TASK_IO_ACCOUNTING=y
CONFIG_PSI=y
CONFIG_PSI_DEFAULT_DISABLED=y
# end of CPU/Task time and stats accounting

CONFIG_CPU_ISOLATION=y

#
# RCU Subsystem
#
CONFIG_TREE_RCU=y
CONFIG_PREEMPT_RCU=y
# CONFIG_RCU_EXPERT is not set
CONFIG_TREE_SRCU=y
CONFIG_TASKS_RCU_GENERIC=y
CONFIG_TASKS_RCU=y
CONFIG_TASKS_TRACE_RCU=y
CONFIG_RCU_STALL_COMMON=y
CONFIG_RCU_NEED_SEGCBLIST=y
CONFIG_RCU_NOCB_CPU=y
# CONFIG_RCU_NOCB_CPU_DEFAULT_ALL is not set
# CONFIG_RCU_LAZY is not set
# end of RCU Subsystem

# CONFIG_IKCONFIG is not set
# CONFIG_IKHEADERS is not set
CONFIG_LOG_BUF_SHIFT=17
CONFIG_LOG_CPU_MAX_BUF_SHIFT=12
# CONFIG_PRINTK_INDEX is not set
CONFIG_HAVE_UNSTABLE_SCHED_CLOCK=y

#
# Scheduler features
#
# CONFIG_UCLAMP_TASK is not set
# end of Scheduler features

CONFIG_ARCH_SUPPORTS_NUMA_BALANCING=y
CONFIG_ARCH_WANT_BATCHED_UNMAP_TLB_FLUSH=y
CONFIG_CC_HAS_INT128=y
CONFIG_CC_IMPLICIT_FALLTHROUGH="-Wimplicit-fallthrough=5"
CONFIG_GCC11_NO_ARRAY_BOUNDS=y
CONFIG_CC_NO_ARRAY_BOUNDS=y
CONFIG_ARCH_SUPPORTS_INT128=y
CONFIG_NUMA_BALANCING=y
CONFIG_NUMA_BALANCING_DEFAULT_ENABLED=y
CONFIG_CGROUPS=y
CONFIG_PAGE_COUNTER=y
# CONFIG_CGROUP_FAVOR_DYNMODS is not set
CONFIG_MEMCG=y
CONFIG_MEMCG_KMEM=y
CONFIG_BLK_CGROUP=y
CONFIG_CGROUP_WRITEBACK=y
CONFIG_CGROUP_SCHED=y
CONFIG_FAIR_GROUP_SCHED=y
CONFIG_CFS_BANDWIDTH=y
# CONFIG_RT_GROUP_SCHED is not set
CONFIG_SCHED_MM_CID=y
CONFIG_CGROUP_PIDS=y
CONFIG_CGROUP_RDMA=y
CONFIG_CGROUP_FREEZER=y
CONFIG_CGROUP_HUGETLB=y
CONFIG_CPUSETS=y
CONFIG_PROC_PID_CPUSET=y
CONFIG_CGROUP_DEVICE=y
CONFIG_CGROUP_CPUACCT=y
CONFIG_CGROUP_PERF=y
CONFIG_CGROUP_BPF=y
CONFIG_CGROUP_MISC=y
# CONFIG_CGROUP_DEBUG is not set
CONFIG_SOCK_CGROUP_DATA=y
CONFIG_NAMESPACES=y
CONFIG_UTS_NS=y
CONFIG_TIME_NS=y
CONFIG_IPC_NS=y
CONFIG_USER_NS=y
CONFIG_PID_NS=y
CONFIG_NET_NS=y
CONFIG_CHECKPOINT_RESTORE=y
CONFIG_SCHED_AUTOGROUP=y
CONFIG_RELAY=y
CONFIG_BLK_DEV_INITRD=y
CONFIG_INITRAMFS_SOURCE=""
CONFIG_RD_GZIP=y
CONFIG_RD_BZIP2=y
CONFIG_RD_LZMA=y
CONFIG_RD_XZ=y
CONFIG_RD_LZO=y
CONFIG_RD_LZ4=y
CONFIG_RD_ZSTD=y
# CONFIG_BOOT_CONFIG is not set
CONFIG_INITRAMFS_PRESERVE_MTIME=y
CONFIG_CC_OPTIMIZE_FOR_PERFORMANCE=y
# CONFIG_CC_OPTIMIZE_FOR_SIZE is not set
CONFIG_LD_ORPHAN_WARN=y
CONFIG_LD_ORPHAN_WARN_LEVEL="warn"
CONFIG_SYSCTL=y
CONFIG_HAVE_UID16=y
CONFIG_SYSCTL_EXCEPTION_TRACE=y
CONFIG_HAVE_PCSPKR_PLATFORM=y
CONFIG_EXPERT=y
CONFIG_UID16=y
CONFIG_MULTIUSER=y
CONFIG_SGETMASK_SYSCALL=y
CONFIG_SYSFS_SYSCALL=y
CONFIG_FHANDLE=y
CONFIG_POSIX_TIMERS=y
CONFIG_PRINTK=y
CONFIG_BUG=y
CONFIG_ELF_CORE=y
CONFIG_PCSPKR_PLATFORM=y
CONFIG_BASE_FULL=y
CONFIG_FUTEX=y
CONFIG_FUTEX_PI=y
CONFIG_EPOLL=y
CONFIG_SIGNALFD=y
CONFIG_TIMERFD=y
CONFIG_EVENTFD=y
CONFIG_SHMEM=y
CONFIG_AIO=y
CONFIG_IO_URING=y
CONFIG_ADVISE_SYSCALLS=y
CONFIG_MEMBARRIER=y
CONFIG_KALLSYMS=y
# CONFIG_KALLSYMS_SELFTEST is not set
CONFIG_KALLSYMS_ALL=y
CONFIG_KALLSYMS_ABSOLUTE_PERCPU=y
CONFIG_KALLSYMS_BASE_RELATIVE=y
CONFIG_ARCH_HAS_MEMBARRIER_SYNC_CORE=y
CONFIG_KCMP=y
CONFIG_RSEQ=y
CONFIG_CACHESTAT_SYSCALL=y
# CONFIG_DEBUG_RSEQ is not set
# CONFIG_EMBEDDED is not set
CONFIG_HAVE_PERF_EVENTS=y
CONFIG_GUEST_PERF_EVENTS=y
# CONFIG_PC104 is not set

#
# Kernel Performance Events And Counters
#
CONFIG_PERF_EVENTS=y
# CONFIG_DEBUG_PERF_USE_VMALLOC is not set
# end of Kernel Performance Events And Counters

CONFIG_PROFILING=y
# end of General setup

CONFIG_64BIT=y
CONFIG_X86_64=y
CONFIG_X86=y
CONFIG_INSTRUCTION_DECODER=y
CONFIG_OUTPUT_FORMAT="elf64-x86-64"
CONFIG_LOCKDEP_SUPPORT=y
CONFIG_STACKTRACE_SUPPORT=y
CONFIG_MMU=y
CONFIG_ARCH_MMAP_RND_BITS_MIN=28
CONFIG_ARCH_MMAP_RND_BITS_MAX=32
CONFIG_ARCH_MMAP_RND_COMPAT_BITS_MIN=8
CONFIG_ARCH_MMAP_RND_COMPAT_BITS_MAX=16
CONFIG_GENERIC_ISA_DMA=y
CONFIG_GENERIC_BUG=y
CONFIG_GENERIC_BUG_RELATIVE_POINTERS=y
CONFIG_ARCH_MAY_HAVE_PC_FDC=y
CONFIG_GENERIC_CALIBRATE_DELAY=y
CONFIG_ARCH_HAS_CPU_RELAX=y
CONFIG_ARCH_HIBERNATION_POSSIBLE=y
CONFIG_ARCH_SUSPEND_POSSIBLE=y
CONFIG_AUDIT_ARCH=y
CONFIG_HAVE_INTEL_TXT=y
CONFIG_X86_64_SMP=y
CONFIG_ARCH_SUPPORTS_UPROBES=y
CONFIG_FIX_EARLYCON_MEM=y
CONFIG_PGTABLE_LEVELS=4
CONFIG_CC_HAS_SANE_STACKPROTECTOR=y

#
# Processor type and features
#
CONFIG_SMP=y
# CONFIG_X86_X2APIC is not set
CONFIG_X86_MPPARSE=y
# CONFIG_GOLDFISH is not set
CONFIG_X86_CPU_RESCTRL=y
# CONFIG_X86_EXTENDED_PLATFORM is not set
CONFIG_X86_INTEL_LPSS=y
# CONFIG_X86_AMD_PLATFORM_DEVICE is not set
CONFIG_IOSF_MBI=y
# CONFIG_IOSF_MBI_DEBUG is not set
CONFIG_X86_SUPPORTS_MEMORY_FAILURE=y
CONFIG_SCHED_OMIT_FRAME_POINTER=y
CONFIG_HYPERVISOR_GUEST=y
CONFIG_PARAVIRT=y
CONFIG_PARAVIRT_XXL=y
# CONFIG_PARAVIRT_DEBUG is not set
# CONFIG_PARAVIRT_SPINLOCKS is not set
CONFIG_X86_HV_CALLBACK_VECTOR=y
CONFIG_XEN=y
CONFIG_XEN_PV=y
CONFIG_XEN_512GB=y
CONFIG_XEN_PV_SMP=y
CONFIG_XEN_PV_DOM0=y
CONFIG_XEN_PVHVM=y
CONFIG_XEN_PVHVM_SMP=y
CONFIG_XEN_PVHVM_GUEST=y
CONFIG_XEN_SAVE_RESTORE=y
# CONFIG_XEN_DEBUG_FS is not set
# CONFIG_XEN_PVH is not set
CONFIG_XEN_DOM0=y
# CONFIG_XEN_PV_MSR_SAFE is not set
CONFIG_KVM_GUEST=y
CONFIG_ARCH_CPUIDLE_HALTPOLL=y
CONFIG_PVH=y
# CONFIG_PARAVIRT_TIME_ACCOUNTING is not set
CONFIG_PARAVIRT_CLOCK=y
# CONFIG_JAILHOUSE_GUEST is not set
# CONFIG_ACRN_GUEST is not set
# CONFIG_MK8 is not set
# CONFIG_MPSC is not set
# CONFIG_MCORE2 is not set
# CONFIG_MATOM is not set
CONFIG_GENERIC_CPU=y
CONFIG_X86_INTERNODE_CACHE_SHIFT=6
CONFIG_X86_L1_CACHE_SHIFT=6
CONFIG_X86_TSC=y
CONFIG_X86_CMPXCHG64=y
CONFIG_X86_CMOV=y
CONFIG_X86_MINIMUM_CPU_FAMILY=64
CONFIG_X86_DEBUGCTLMSR=y
CONFIG_IA32_FEAT_CTL=y
CONFIG_X86_VMX_FEATURE_NAMES=y
CONFIG_PROCESSOR_SELECT=y
CONFIG_CPU_SUP_INTEL=y
CONFIG_CPU_SUP_AMD=y
# CONFIG_CPU_SUP_HYGON is not set
CONFIG_CPU_SUP_CENTAUR=y
# CONFIG_CPU_SUP_ZHAOXIN is not set
CONFIG_HPET_TIMER=y
CONFIG_HPET_EMULATE_RTC=y
CONFIG_DMI=y
CONFIG_GART_IOMMU=y
CONFIG_BOOT_VESA_SUPPORT=y
# CONFIG_MAXSMP is not set
CONFIG_NR_CPUS_RANGE_BEGIN=2
CONFIG_NR_CPUS_RANGE_END=512
CONFIG_NR_CPUS_DEFAULT=64
CONFIG_NR_CPUS=8
CONFIG_SCHED_CLUSTER=y
CONFIG_SCHED_SMT=y
CONFIG_SCHED_MC=y
CONFIG_SCHED_MC_PRIO=y
CONFIG_X86_LOCAL_APIC=y
CONFIG_X86_IO_APIC=y
# CONFIG_X86_REROUTE_FOR_BROKEN_BOOT_IRQS is not set
CONFIG_X86_MCE=y
# CONFIG_X86_MCELOG_LEGACY is not set
CONFIG_X86_MCE_INTEL=y
CONFIG_X86_MCE_AMD=y
CONFIG_X86_MCE_THRESHOLD=y
# CONFIG_X86_MCE_INJECT is not set

#
# Performance monitoring
#
CONFIG_PERF_EVENTS_INTEL_UNCORE=y
CONFIG_PERF_EVENTS_INTEL_RAPL=m
CONFIG_PERF_EVENTS_INTEL_CSTATE=m
CONFIG_PERF_EVENTS_AMD_POWER=m
CONFIG_PERF_EVENTS_AMD_UNCORE=m
CONFIG_PERF_EVENTS_AMD_BRS=y
# end of Performance monitoring

CONFIG_X86_VSYSCALL_EMULATION=y
CONFIG_X86_IOPL_IOPERM=y
CONFIG_MICROCODE=y
CONFIG_MICROCODE_INTEL=y
CONFIG_MICROCODE_AMD=y
# CONFIG_MICROCODE_LATE_LOADING is not set
CONFIG_X86_MSR=m
CONFIG_X86_CPUID=m
# CONFIG_X86_5LEVEL is not set
CONFIG_X86_DIRECT_GBPAGES=y
CONFIG_X86_CPA_STATISTICS=y
# CONFIG_AMD_MEM_ENCRYPT is not set
CONFIG_NUMA=y
# CONFIG_AMD_NUMA is not set
CONFIG_X86_64_ACPI_NUMA=y
# CONFIG_NUMA_EMU is not set
CONFIG_NODES_SHIFT=6
CONFIG_ARCH_SPARSEMEM_ENABLE=y
CONFIG_ARCH_SPARSEMEM_DEFAULT=y
CONFIG_ARCH_PROC_KCORE_TEXT=y
CONFIG_ILLEGAL_POINTER_VALUE=0xdead000000000000
CONFIG_X86_PMEM_LEGACY_DEVICE=y
CONFIG_X86_PMEM_LEGACY=y
# CONFIG_X86_CHECK_BIOS_CORRUPTION is not set
CONFIG_MTRR=y
# CONFIG_MTRR_SANITIZER is not set
CONFIG_X86_PAT=y
CONFIG_ARCH_USES_PG_UNCACHED=y
CONFIG_X86_UMIP=y
CONFIG_CC_HAS_IBT=y
# CONFIG_X86_KERNEL_IBT is not set
CONFIG_X86_INTEL_MEMORY_PROTECTION_KEYS=y
# CONFIG_X86_INTEL_TSX_MODE_OFF is not set
# CONFIG_X86_INTEL_TSX_MODE_ON is not set
CONFIG_X86_INTEL_TSX_MODE_AUTO=y
CONFIG_EFI=y
CONFIG_EFI_STUB=y
CONFIG_EFI_HANDOVER_PROTOCOL=y
CONFIG_EFI_MIXED=y
# CONFIG_EFI_FAKE_MEMMAP is not set
CONFIG_EFI_RUNTIME_MAP=y
# CONFIG_HZ_100 is not set
CONFIG_HZ_250=y
# CONFIG_HZ_300 is not set
# CONFIG_HZ_1000 is not set
CONFIG_HZ=250
CONFIG_SCHED_HRTICK=y
# CONFIG_KEXEC is not set
CONFIG_KEXEC_FILE=y
CONFIG_ARCH_HAS_KEXEC_PURGATORY=y
# CONFIG_KEXEC_SIG is not set
# CONFIG_CRASH_DUMP is not set
CONFIG_PHYSICAL_START=0x1000000
CONFIG_RELOCATABLE=y
# CONFIG_RANDOMIZE_BASE is not set
CONFIG_PHYSICAL_ALIGN=0x1000000
CONFIG_ADDRESS_MASKING=y
CONFIG_HOTPLUG_CPU=y
CONFIG_COMPAT_VDSO=y
# CONFIG_LEGACY_VSYSCALL_XONLY is not set
CONFIG_LEGACY_VSYSCALL_NONE=y
# CONFIG_CMDLINE_BOOL is not set
# CONFIG_MODIFY_LDT_SYSCALL is not set
# CONFIG_STRICT_SIGALTSTACK_SIZE is not set
CONFIG_HAVE_LIVEPATCH=y
# end of Processor type and features

CONFIG_CC_HAS_SLS=y
CONFIG_CC_HAS_RETURN_THUNK=y
CONFIG_CC_HAS_ENTRY_PADDING=y
CONFIG_FUNCTION_PADDING_CFI=11
CONFIG_FUNCTION_PADDING_BYTES=16
CONFIG_HAVE_CALL_THUNKS=y
CONFIG_SPECULATION_MITIGATIONS=y
CONFIG_PAGE_TABLE_ISOLATION=y
CONFIG_RETPOLINE=y
CONFIG_RETHUNK=y
CONFIG_CPU_UNRET_ENTRY=y
# CONFIG_CALL_DEPTH_TRACKING is not set
CONFIG_CPU_IBPB_ENTRY=y
CONFIG_CPU_IBRS_ENTRY=y
CONFIG_CPU_SRSO=y
CONFIG_SLS=y
# CONFIG_GDS_FORCE_MITIGATION is not set
CONFIG_ARCH_HAS_ADD_PAGES=y
CONFIG_ARCH_MHP_MEMMAP_ON_MEMORY_ENABLE=y

#
# Power management and ACPI options
#
# CONFIG_SUSPEND is not set
CONFIG_HIBERNATE_CALLBACKS=y
# CONFIG_HIBERNATION is not set
CONFIG_PM_SLEEP=y
CONFIG_PM_SLEEP_SMP=y
# CONFIG_PM_AUTOSLEEP is not set
# CONFIG_PM_USERSPACE_AUTOSLEEP is not set
# CONFIG_PM_WAKELOCKS is not set
CONFIG_PM=y
# CONFIG_PM_DEBUG is not set
CONFIG_PM_CLK=y
# CONFIG_WQ_POWER_EFFICIENT_DEFAULT is not set
CONFIG_ENERGY_MODEL=y
CONFIG_ARCH_SUPPORTS_ACPI=y
CONFIG_ACPI=y
CONFIG_ACPI_LEGACY_TABLES_LOOKUP=y
CONFIG_ARCH_MIGHT_HAVE_ACPI_PDC=y
CONFIG_ACPI_SYSTEM_POWER_STATES_SUPPORT=y
# CONFIG_ACPI_DEBUGGER is not set
CONFIG_ACPI_SPCR_TABLE=y
CONFIG_ACPI_FPDT=y
CONFIG_ACPI_LPIT=y
# CONFIG_ACPI_REV_OVERRIDE_POSSIBLE is not set
# CONFIG_ACPI_EC_DEBUGFS is not set
# CONFIG_ACPI_AC is not set
# CONFIG_ACPI_BATTERY is not set
CONFIG_ACPI_BUTTON=y
CONFIG_ACPI_FAN=m
CONFIG_ACPI_TAD=m
CONFIG_ACPI_DOCK=y
CONFIG_ACPI_CPU_FREQ_PSS=y
CONFIG_ACPI_PROCESSOR_CSTATE=y
CONFIG_ACPI_PROCESSOR_IDLE=y
CONFIG_ACPI_CPPC_LIB=y
CONFIG_ACPI_PROCESSOR=y
CONFIG_ACPI_IPMI=m
CONFIG_ACPI_HOTPLUG_CPU=y
CONFIG_ACPI_PROCESSOR_AGGREGATOR=m
CONFIG_ACPI_THERMAL=m
CONFIG_ACPI_PLATFORM_PROFILE=m
CONFIG_ARCH_HAS_ACPI_TABLE_UPGRADE=y
CONFIG_ACPI_TABLE_UPGRADE=y
# CONFIG_ACPI_DEBUG is not set
# CONFIG_ACPI_PCI_SLOT is not set
CONFIG_ACPI_CONTAINER=y
CONFIG_ACPI_HOTPLUG_IOAPIC=y
# CONFIG_ACPI_SBS is not set
CONFIG_ACPI_HED=y
# CONFIG_ACPI_CUSTOM_METHOD is not set
# CONFIG_ACPI_BGRT is not set
# CONFIG_ACPI_REDUCED_HARDWARE_ONLY is not set
# CONFIG_ACPI_NFIT is not set
CONFIG_ACPI_NUMA=y
CONFIG_ACPI_HMAT=y
CONFIG_HAVE_ACPI_APEI=y
CONFIG_HAVE_ACPI_APEI_NMI=y
CONFIG_ACPI_APEI=y
CONFIG_ACPI_APEI_GHES=y
# CONFIG_ACPI_APEI_PCIEAER is not set
# CONFIG_ACPI_APEI_EINJ is not set
# CONFIG_ACPI_APEI_ERST_DEBUG is not set
CONFIG_ACPI_DPTF=y
CONFIG_DPTF_POWER=m
CONFIG_DPTF_PCH_FIVR=m
CONFIG_ACPI_CONFIGFS=m
# CONFIG_ACPI_PFRUT is not set
# CONFIG_ACPI_PCC is not set
# CONFIG_ACPI_FFH is not set
# CONFIG_PMIC_OPREGION is not set
CONFIG_ACPI_PRMT=y
CONFIG_X86_PM_TIMER=y

#
# CPU Frequency scaling
#
CONFIG_CPU_FREQ=y
CONFIG_CPU_FREQ_GOV_ATTR_SET=y
CONFIG_CPU_FREQ_GOV_COMMON=y
CONFIG_CPU_FREQ_STAT=y
CONFIG_CPU_FREQ_DEFAULT_GOV_PERFORMANCE=y
# CONFIG_CPU_FREQ_DEFAULT_GOV_POWERSAVE is not set
# CONFIG_CPU_FREQ_DEFAULT_GOV_USERSPACE is not set
# CONFIG_CPU_FREQ_DEFAULT_GOV_SCHEDUTIL is not set
CONFIG_CPU_FREQ_GOV_PERFORMANCE=y
CONFIG_CPU_FREQ_GOV_POWERSAVE=m
CONFIG_CPU_FREQ_GOV_USERSPACE=m
CONFIG_CPU_FREQ_GOV_ONDEMAND=y
CONFIG_CPU_FREQ_GOV_CONSERVATIVE=m
CONFIG_CPU_FREQ_GOV_SCHEDUTIL=y

#
# CPU frequency scaling drivers
#
CONFIG_X86_INTEL_PSTATE=y
CONFIG_X86_PCC_CPUFREQ=m
CONFIG_X86_AMD_PSTATE=y
CONFIG_X86_AMD_PSTATE_DEFAULT_MODE=3
# CONFIG_X86_AMD_PSTATE_UT is not set
CONFIG_X86_ACPI_CPUFREQ=m
CONFIG_X86_ACPI_CPUFREQ_CPB=y
CONFIG_X86_POWERNOW_K8=m
CONFIG_X86_AMD_FREQ_SENSITIVITY=m
# CONFIG_X86_SPEEDSTEP_CENTRINO is not set
# CONFIG_X86_P4_CLOCKMOD is not set

#
# shared options
#
# end of CPU Frequency scaling

#
# CPU Idle
#
CONFIG_CPU_IDLE=y
CONFIG_CPU_IDLE_GOV_LADDER=y
CONFIG_CPU_IDLE_GOV_MENU=y
CONFIG_CPU_IDLE_GOV_TEO=y
CONFIG_CPU_IDLE_GOV_HALTPOLL=y
CONFIG_HALTPOLL_CPUIDLE=y
# end of CPU Idle

CONFIG_INTEL_IDLE=y
# end of Power management and ACPI options

#
# Bus options (PCI etc.)
#
CONFIG_PCI_DIRECT=y
CONFIG_PCI_MMCONFIG=y
CONFIG_PCI_XEN=y
CONFIG_MMCONF_FAM10H=y
# CONFIG_PCI_CNB20LE_QUIRK is not set
# CONFIG_ISA_BUS is not set
CONFIG_ISA_DMA_API=y
CONFIG_AMD_NB=y
# end of Bus options (PCI etc.)

#
# Binary Emulations
#
CONFIG_IA32_EMULATION=y
CONFIG_X86_X32_ABI=y
CONFIG_COMPAT_32=y
CONFIG_COMPAT=y
CONFIG_COMPAT_FOR_U64_ALIGNMENT=y
# end of Binary Emulations

CONFIG_HAVE_KVM=y
CONFIG_HAVE_KVM_PFNCACHE=y
CONFIG_HAVE_KVM_IRQCHIP=y
CONFIG_HAVE_KVM_IRQFD=y
CONFIG_HAVE_KVM_IRQ_ROUTING=y
CONFIG_HAVE_KVM_DIRTY_RING=y
CONFIG_HAVE_KVM_DIRTY_RING_TSO=y
CONFIG_HAVE_KVM_DIRTY_RING_ACQ_REL=y
CONFIG_HAVE_KVM_EVENTFD=y
CONFIG_KVM_MMIO=y
CONFIG_KVM_ASYNC_PF=y
CONFIG_HAVE_KVM_MSI=y
CONFIG_HAVE_KVM_CPU_RELAX_INTERCEPT=y
CONFIG_KVM_VFIO=y
CONFIG_KVM_GENERIC_DIRTYLOG_READ_PROTECT=y
CONFIG_KVM_COMPAT=y
CONFIG_HAVE_KVM_IRQ_BYPASS=y
CONFIG_HAVE_KVM_NO_POLL=y
CONFIG_KVM_XFER_TO_GUEST_WORK=y
CONFIG_HAVE_KVM_PM_NOTIFIER=y
CONFIG_KVM_GENERIC_HARDWARE_ENABLING=y
CONFIG_VIRTUALIZATION=y
CONFIG_KVM=m
# CONFIG_KVM_WERROR is not set
CONFIG_KVM_INTEL=m
CONFIG_KVM_AMD=m
CONFIG_KVM_AMD_SEV=y
CONFIG_KVM_SMM=y
# CONFIG_KVM_XEN is not set
CONFIG_AS_AVX512=y
CONFIG_AS_SHA1_NI=y
CONFIG_AS_SHA256_NI=y
CONFIG_AS_TPAUSE=y
CONFIG_AS_GFNI=y

#
# General architecture-dependent options
#
CONFIG_CRASH_CORE=y
CONFIG_KEXEC_CORE=y
CONFIG_HOTPLUG_SMT=y
CONFIG_HOTPLUG_CORE_SYNC=y
CONFIG_HOTPLUG_CORE_SYNC_DEAD=y
CONFIG_HOTPLUG_CORE_SYNC_FULL=y
CONFIG_HOTPLUG_SPLIT_STARTUP=y
CONFIG_HOTPLUG_PARALLEL=y
CONFIG_GENERIC_ENTRY=y
# CONFIG_KPROBES is not set
CONFIG_JUMP_LABEL=y
# CONFIG_STATIC_KEYS_SELFTEST is not set
# CONFIG_STATIC_CALL_SELFTEST is not set
CONFIG_HAVE_EFFICIENT_UNALIGNED_ACCESS=y
CONFIG_ARCH_USE_BUILTIN_BSWAP=y
CONFIG_USER_RETURN_NOTIFIER=y
CONFIG_HAVE_IOREMAP_PROT=y
CONFIG_HAVE_KPROBES=y
CONFIG_HAVE_KRETPROBES=y
CONFIG_HAVE_OPTPROBES=y
CONFIG_HAVE_KPROBES_ON_FTRACE=y
CONFIG_ARCH_CORRECT_STACKTRACE_ON_KRETPROBE=y
CONFIG_HAVE_FUNCTION_ERROR_INJECTION=y
CONFIG_HAVE_NMI=y
CONFIG_TRACE_IRQFLAGS_SUPPORT=y
CONFIG_TRACE_IRQFLAGS_NMI_SUPPORT=y
CONFIG_HAVE_ARCH_TRACEHOOK=y
CONFIG_HAVE_DMA_CONTIGUOUS=y
CONFIG_GENERIC_SMP_IDLE_THREAD=y
CONFIG_ARCH_HAS_FORTIFY_SOURCE=y
CONFIG_ARCH_HAS_SET_MEMORY=y
CONFIG_ARCH_HAS_SET_DIRECT_MAP=y
CONFIG_ARCH_HAS_CPU_FINALIZE_INIT=y
CONFIG_HAVE_ARCH_THREAD_STRUCT_WHITELIST=y
CONFIG_ARCH_WANTS_DYNAMIC_TASK_STRUCT=y
CONFIG_ARCH_WANTS_NO_INSTR=y
CONFIG_HAVE_ASM_MODVERSIONS=y
CONFIG_HAVE_REGS_AND_STACK_ACCESS_API=y
CONFIG_HAVE_RSEQ=y
CONFIG_HAVE_RUST=y
CONFIG_HAVE_FUNCTION_ARG_ACCESS_API=y
CONFIG_HAVE_HW_BREAKPOINT=y
CONFIG_HAVE_MIXED_BREAKPOINTS_REGS=y
CONFIG_HAVE_USER_RETURN_NOTIFIER=y
CONFIG_HAVE_PERF_EVENTS_NMI=y
CONFIG_HAVE_HARDLOCKUP_DETECTOR_PERF=y
CONFIG_HAVE_PERF_REGS=y
CONFIG_HAVE_PERF_USER_STACK_DUMP=y
CONFIG_HAVE_ARCH_JUMP_LABEL=y
CONFIG_HAVE_ARCH_JUMP_LABEL_RELATIVE=y
CONFIG_MMU_GATHER_TABLE_FREE=y
CONFIG_MMU_GATHER_RCU_TABLE_FREE=y
CONFIG_MMU_GATHER_MERGE_VMAS=y
CONFIG_MMU_LAZY_TLB_REFCOUNT=y
CONFIG_ARCH_HAVE_NMI_SAFE_CMPXCHG=y
CONFIG_ARCH_HAS_NMI_SAFE_THIS_CPU_OPS=y
CONFIG_HAVE_ALIGNED_STRUCT_PAGE=y
CONFIG_HAVE_CMPXCHG_LOCAL=y
CONFIG_HAVE_CMPXCHG_DOUBLE=y
CONFIG_ARCH_WANT_COMPAT_IPC_PARSE_VERSION=y
CONFIG_ARCH_WANT_OLD_COMPAT_IPC=y
CONFIG_HAVE_ARCH_SECCOMP=y
CONFIG_HAVE_ARCH_SECCOMP_FILTER=y
CONFIG_SECCOMP=y
CONFIG_SECCOMP_FILTER=y
# CONFIG_SECCOMP_CACHE_DEBUG is not set
CONFIG_HAVE_ARCH_STACKLEAK=y
CONFIG_HAVE_STACKPROTECTOR=y
CONFIG_STACKPROTECTOR=y
CONFIG_STACKPROTECTOR_STRONG=y
CONFIG_ARCH_SUPPORTS_LTO_CLANG=y
CONFIG_ARCH_SUPPORTS_LTO_CLANG_THIN=y
CONFIG_LTO_NONE=y
CONFIG_ARCH_SUPPORTS_CFI_CLANG=y
CONFIG_HAVE_ARCH_WITHIN_STACK_FRAMES=y
CONFIG_HAVE_CONTEXT_TRACKING_USER=y
CONFIG_HAVE_CONTEXT_TRACKING_USER_OFFSTACK=y
CONFIG_HAVE_VIRT_CPU_ACCOUNTING_GEN=y
CONFIG_HAVE_IRQ_TIME_ACCOUNTING=y
CONFIG_HAVE_MOVE_PUD=y
CONFIG_HAVE_MOVE_PMD=y
CONFIG_HAVE_ARCH_TRANSPARENT_HUGEPAGE=y
CONFIG_HAVE_ARCH_TRANSPARENT_HUGEPAGE_PUD=y
CONFIG_HAVE_ARCH_HUGE_VMAP=y
CONFIG_HAVE_ARCH_HUGE_VMALLOC=y
CONFIG_ARCH_WANT_HUGE_PMD_SHARE=y
CONFIG_HAVE_ARCH_SOFT_DIRTY=y
CONFIG_HAVE_MOD_ARCH_SPECIFIC=y
CONFIG_MODULES_USE_ELF_RELA=y
CONFIG_HAVE_IRQ_EXIT_ON_IRQ_STACK=y
CONFIG_HAVE_SOFTIRQ_ON_OWN_STACK=y
CONFIG_SOFTIRQ_ON_OWN_STACK=y
CONFIG_ARCH_HAS_ELF_RANDOMIZE=y
CONFIG_HAVE_ARCH_MMAP_RND_BITS=y
